
*** Running vivado
    with args -log top.vds -m64 -product Vivado -mode batch -messageDb vivado.pb -notrace -source top.tcl



****** Vivado v2022.2.2 (64-bit)
  **** SW Build 3788238 on Tue Feb 21 20:00:34 MST 2023
  **** IP Build 3783773 on Tue Feb 21 23:41:56 MST 2023
    ** Copyright 1986-2023 Xilinx, Inc. All Rights Reserved.

source top.tcl -notrace
Command: synth_design -top top -part xczu9eg-ffvb1156-2-e
Starting synth_design
Attempting to get a license for feature 'Synthesis' and/or device 'xczu9eg'
INFO: [Common 17-349] Got license for feature 'Synthesis' and/or device 'xczu9eg'
INFO: [Device 21-403] Loading part xczu9eg-ffvb1156-2-e
INFO: [Synth 8-7079] Multithreading enabled for synth_design using a maximum of 2 processes.
INFO: [Synth 8-7078] Launching helper process for spawning children vivado processes
INFO: [Synth 8-7075] Helper process launched with PID 13568
INFO: [Synth 8-11241] undeclared symbol 'REGCCE', assumed default net type 'wire' [C:/Xilinx/Vivado/2022.2/data/verilog/src/unimacro/BRAM_SINGLE_MACRO.v:2170]
INFO: [Synth 8-11241] undeclared symbol 'o_zetas', assumed default net type 'wire' [C:/Hung/Viettel/Stage2/ML-KEM/NTT/AddressGenerator.v:32]
INFO: [Synth 8-11241] undeclared symbol 'o_j', assumed default net type 'wire' [C:/Hung/Viettel/Stage2/ML-KEM/NTT/AddressGenerator.v:33]
INFO: [Synth 8-11241] undeclared symbol 'o_l', assumed default net type 'wire' [C:/Hung/Viettel/Stage2/ML-KEM/NTT/AddressGenerator.v:34]
INFO: [Synth 8-11241] undeclared symbol 'barret1', assumed default net type 'wire' [C:/Hung/Viettel/Stage2/ML-KEM/NTT/bu_ntt.v:21]
INFO: [Synth 8-11241] undeclared symbol 'barret2', assumed default net type 'wire' [C:/Hung/Viettel/Stage2/ML-KEM/NTT/bu_ntt.v:22]
INFO: [Synth 8-11241] undeclared symbol 'check_mul', assumed default net type 'wire' [C:/Hung/Viettel/Stage2/ML-KEM/NTT/bu_ntt.v:23]
---------------------------------------------------------------------------------
Starting RTL Elaboration : Time (s): cpu = 00:00:05 ; elapsed = 00:00:05 . Memory (MB): peak = 1785.875 ; gain = 337.461
---------------------------------------------------------------------------------
INFO: [Synth 8-6157] synthesizing module 'top' [C:/Hung/Viettel/Stage2/ML-KEM/NTT/top.v:3]
INFO: [Synth 8-226] default block is never used [C:/Hung/Viettel/Stage2/ML-KEM/NTT/top.v:96]
INFO: [Synth 8-6157] synthesizing module 'MyBootROM' [C:/Hung/Viettel/Stage2/ML-KEM/NTT/MyBootRom.v:3]
INFO: [Synth 8-6155] done synthesizing module 'MyBootROM' (0#1) [C:/Hung/Viettel/Stage2/ML-KEM/NTT/MyBootRom.v:3]
INFO: [Synth 8-6157] synthesizing module 'AddressGenerator' [C:/Hung/Viettel/Stage2/ML-KEM/NTT/AddressGenerator.v:3]
INFO: [Synth 8-226] default block is never used [C:/Hung/Viettel/Stage2/ML-KEM/NTT/AddressGenerator.v:48]
INFO: [Synth 8-6155] done synthesizing module 'AddressGenerator' (0#1) [C:/Hung/Viettel/Stage2/ML-KEM/NTT/AddressGenerator.v:3]
INFO: [Synth 8-6157] synthesizing module 'MyReg' [C:/Hung/Viettel/Stage2/ML-KEM/NTT/MyReg.v:1]
INFO: [Synth 8-6155] done synthesizing module 'MyReg' (0#1) [C:/Hung/Viettel/Stage2/ML-KEM/NTT/MyReg.v:1]
INFO: [Synth 8-6157] synthesizing module 'bu_ntt' [C:/Hung/Viettel/Stage2/ML-KEM/NTT/bu_ntt.v:3]
INFO: [Synth 8-6157] synthesizing module 'barret' [C:/Hung/Viettel/Stage2/ML-KEM/NTT/barret.v:3]
INFO: [Synth 8-6155] done synthesizing module 'barret' (0#1) [C:/Hung/Viettel/Stage2/ML-KEM/NTT/barret.v:3]
INFO: [Synth 8-6157] synthesizing module 'mul' [C:/Hung/Viettel/Stage2/ML-KEM/NTT/mul.v:3]
INFO: [Synth 8-6157] synthesizing module 'BoothDecode' [C:/Hung/Viettel/Stage2/ML-KEM/NTT/BoothDecode.v:3]
INFO: [Synth 8-226] default block is never used [C:/Hung/Viettel/Stage2/ML-KEM/NTT/BoothDecode.v:13]
INFO: [Synth 8-6155] done synthesizing module 'BoothDecode' (0#1) [C:/Hung/Viettel/Stage2/ML-KEM/NTT/BoothDecode.v:3]
INFO: [Synth 8-6155] done synthesizing module 'mul' (0#1) [C:/Hung/Viettel/Stage2/ML-KEM/NTT/mul.v:3]
INFO: [Synth 8-6155] done synthesizing module 'bu_ntt' (0#1) [C:/Hung/Viettel/Stage2/ML-KEM/NTT/bu_ntt.v:3]
INFO: [Synth 8-6157] synthesizing module 'bu_intt' [C:/Hung/Viettel/Stage2/ML-KEM/NTT/bu_intt.v:3]
INFO: [Synth 8-6155] done synthesizing module 'bu_intt' (0#1) [C:/Hung/Viettel/Stage2/ML-KEM/NTT/bu_intt.v:3]
INFO: [Synth 8-6155] done synthesizing module 'top' (0#1) [C:/Hung/Viettel/Stage2/ML-KEM/NTT/top.v:3]
---------------------------------------------------------------------------------
Finished RTL Elaboration : Time (s): cpu = 00:00:09 ; elapsed = 00:00:10 . Memory (MB): peak = 1928.426 ; gain = 480.012
---------------------------------------------------------------------------------
---------------------------------------------------------------------------------
Start Handling Custom Attributes
---------------------------------------------------------------------------------
---------------------------------------------------------------------------------
Finished Handling Custom Attributes : Time (s): cpu = 00:00:09 ; elapsed = 00:00:10 . Memory (MB): peak = 1928.426 ; gain = 480.012
---------------------------------------------------------------------------------
---------------------------------------------------------------------------------
Finished RTL Optimization Phase 1 : Time (s): cpu = 00:00:09 ; elapsed = 00:00:10 . Memory (MB): peak = 1928.426 ; gain = 480.012
---------------------------------------------------------------------------------
Netlist sorting complete. Time (s): cpu = 00:00:00 ; elapsed = 00:00:00.189 . Memory (MB): peak = 1928.426 ; gain = 0.000
INFO: [Project 1-570] Preparing netlist for logic optimization

Processing XDC Constraints
Initializing timing engine
Parsing XDC File [C:/Hung/Viettel/Stage2/ML-KEM/ml_kem/ml_kem.srcs/constrs_1/new/clock.xdc]
Finished Parsing XDC File [C:/Hung/Viettel/Stage2/ML-KEM/ml_kem/ml_kem.srcs/constrs_1/new/clock.xdc]
Completed Processing XDC Constraints

Netlist sorting complete. Time (s): cpu = 00:00:00 ; elapsed = 00:00:00.003 . Memory (MB): peak = 2035.852 ; gain = 0.000
INFO: [Project 1-111] Unisim Transformation Summary:
No Unisim elements were transformed.

Constraint Validation Runtime : Time (s): cpu = 00:00:00 ; elapsed = 00:00:00.148 . Memory (MB): peak = 2035.852 ; gain = 0.000
INFO: [Synth 8-11241] undeclared symbol 'REGCCE', assumed default net type 'wire' [C:/Xilinx/Vivado/2022.2/data/verilog/src/unimacro/BRAM_SINGLE_MACRO.v:2170]
---------------------------------------------------------------------------------
Finished Constraint Validation : Time (s): cpu = 00:00:22 ; elapsed = 00:00:24 . Memory (MB): peak = 2035.852 ; gain = 587.438
---------------------------------------------------------------------------------
---------------------------------------------------------------------------------
Start Loading Part and Timing Information
---------------------------------------------------------------------------------
Loading part: xczu9eg-ffvb1156-2-e
INFO: [Synth 8-6742] Reading net delay rules and data
---------------------------------------------------------------------------------
Finished Loading Part and Timing Information : Time (s): cpu = 00:00:22 ; elapsed = 00:00:24 . Memory (MB): peak = 2035.852 ; gain = 587.438
---------------------------------------------------------------------------------
---------------------------------------------------------------------------------
Start Applying 'set_property' XDC Constraints
---------------------------------------------------------------------------------
---------------------------------------------------------------------------------
Finished applying 'set_property' XDC Constraints : Time (s): cpu = 00:00:22 ; elapsed = 00:00:24 . Memory (MB): peak = 2035.852 ; gain = 587.438
---------------------------------------------------------------------------------
INFO: [Synth 8-802] inferred FSM for state register 'state_reg' in module 'AddressGenerator'
INFO: [Synth 8-802] inferred FSM for state register 'state_reg' in module 'top'
---------------------------------------------------------------------------------------------------
                   State |                     New Encoding |                Previous Encoding 
---------------------------------------------------------------------------------------------------
                    IDLE |                               00 |                               00
                    INIT |                               01 |                               01
                     RUN |                               10 |                               10
                    DONE |                               11 |                               11
---------------------------------------------------------------------------------------------------
INFO: [Synth 8-3354] encoded FSM with state register 'state_reg' using encoding 'sequential' in module 'AddressGenerator'
---------------------------------------------------------------------------------------------------
                   State |                     New Encoding |                Previous Encoding 
---------------------------------------------------------------------------------------------------
                    IDLE |                               00 |                               00
                    INIT |                               01 |                               01
                     RUN |                               10 |                               10
                    DONE |                               11 |                               11
---------------------------------------------------------------------------------------------------
INFO: [Synth 8-3354] encoded FSM with state register 'state_reg' using encoding 'sequential' in module 'top'
---------------------------------------------------------------------------------
Finished RTL Optimization Phase 2 : Time (s): cpu = 00:00:29 ; elapsed = 00:00:32 . Memory (MB): peak = 2035.852 ; gain = 587.438
---------------------------------------------------------------------------------
---------------------------------------------------------------------------------
Start RTL Component Statistics 
---------------------------------------------------------------------------------
Detailed RTL Component Info : 
+---Adders : 
	   2 Input   45 Bit       Adders := 16    
	   4 Input   45 Bit       Adders := 8     
	   2 Input   32 Bit       Adders := 17    
	   3 Input   32 Bit       Adders := 1     
	   2 Input   16 Bit       Adders := 7     
	   3 Input   16 Bit       Adders := 1     
	   2 Input   11 Bit       Adders := 1     
	   3 Input    9 Bit       Adders := 1     
	   2 Input    9 Bit       Adders := 2     
	   2 Input    8 Bit       Adders := 2     
	   2 Input    7 Bit       Adders := 1     
+---Registers : 
	              160 Bit    Registers := 1     
	              144 Bit    Registers := 1     
	              128 Bit    Registers := 2     
	               45 Bit    Registers := 36    
	               32 Bit    Registers := 32    
	               17 Bit    Registers := 16    
	               16 Bit    Registers := 395   
	               11 Bit    Registers := 1     
	                9 Bit    Registers := 3     
	                8 Bit    Registers := 5     
	                7 Bit    Registers := 2     
	                1 Bit    Registers := 2     
+---Muxes : 
	   5 Input   32 Bit        Muxes := 32    
	   2 Input   17 Bit        Muxes := 2     
	   2 Input   16 Bit        Muxes := 270   
	   4 Input   11 Bit        Muxes := 1     
	   2 Input    9 Bit        Muxes := 2     
	   4 Input    9 Bit        Muxes := 3     
	   2 Input    8 Bit        Muxes := 5     
	   4 Input    8 Bit        Muxes := 1     
	   2 Input    7 Bit        Muxes := 1     
	   4 Input    7 Bit        Muxes := 1     
	   2 Input    2 Bit        Muxes := 6     
	   4 Input    2 Bit        Muxes := 2     
	   2 Input    1 Bit        Muxes := 771   
	   4 Input    1 Bit        Muxes := 4     
---------------------------------------------------------------------------------
Finished RTL Component Statistics 
---------------------------------------------------------------------------------
---------------------------------------------------------------------------------
Start Part Resource Summary
---------------------------------------------------------------------------------
Part Resources:
DSPs: 2520 (col length:168)
BRAMs: 1824 (col length: RAMB18 168 RAMB36 84)
---------------------------------------------------------------------------------
Finished Part Resource Summary
---------------------------------------------------------------------------------
---------------------------------------------------------------------------------
Start Cross Boundary and Area Optimization
---------------------------------------------------------------------------------
WARNING: [Synth 8-7080] Parallel synthesis criteria is not met
---------------------------------------------------------------------------------
Finished Cross Boundary and Area Optimization : Time (s): cpu = 00:01:03 ; elapsed = 00:01:08 . Memory (MB): peak = 2035.852 ; gain = 587.438
---------------------------------------------------------------------------------
---------------------------------------------------------------------------------
Start Applying XDC Timing Constraints
---------------------------------------------------------------------------------
---------------------------------------------------------------------------------
Finished Applying XDC Timing Constraints : Time (s): cpu = 00:01:21 ; elapsed = 00:01:28 . Memory (MB): peak = 2497.621 ; gain = 1049.207
---------------------------------------------------------------------------------
---------------------------------------------------------------------------------
Start Timing Optimization
---------------------------------------------------------------------------------
---------------------------------------------------------------------------------
Finished Timing Optimization : Time (s): cpu = 00:02:11 ; elapsed = 00:02:20 . Memory (MB): peak = 2869.117 ; gain = 1420.703
---------------------------------------------------------------------------------
---------------------------------------------------------------------------------
Start Technology Mapping
---------------------------------------------------------------------------------
---------------------------------------------------------------------------------
Finished Technology Mapping : Time (s): cpu = 00:02:18 ; elapsed = 00:02:27 . Memory (MB): peak = 2869.117 ; gain = 1420.703
---------------------------------------------------------------------------------
---------------------------------------------------------------------------------
Start IO Insertion
---------------------------------------------------------------------------------
---------------------------------------------------------------------------------
Start Flattening Before IO Insertion
---------------------------------------------------------------------------------
---------------------------------------------------------------------------------
Finished Flattening Before IO Insertion
---------------------------------------------------------------------------------
---------------------------------------------------------------------------------
Start Final Netlist Cleanup
---------------------------------------------------------------------------------
---------------------------------------------------------------------------------
Finished Final Netlist Cleanup
---------------------------------------------------------------------------------
---------------------------------------------------------------------------------
Finished IO Insertion : Time (s): cpu = 00:02:25 ; elapsed = 00:02:35 . Memory (MB): peak = 2869.117 ; gain = 1420.703
---------------------------------------------------------------------------------
---------------------------------------------------------------------------------
Start Renaming Generated Instances
---------------------------------------------------------------------------------
---------------------------------------------------------------------------------
Finished Renaming Generated Instances : Time (s): cpu = 00:02:25 ; elapsed = 00:02:35 . Memory (MB): peak = 2869.117 ; gain = 1420.703
---------------------------------------------------------------------------------
---------------------------------------------------------------------------------
Start Rebuilding User Hierarchy
---------------------------------------------------------------------------------
---------------------------------------------------------------------------------
Finished Rebuilding User Hierarchy : Time (s): cpu = 00:02:27 ; elapsed = 00:02:37 . Memory (MB): peak = 2869.117 ; gain = 1420.703
---------------------------------------------------------------------------------
---------------------------------------------------------------------------------
Start Renaming Generated Ports
---------------------------------------------------------------------------------
---------------------------------------------------------------------------------
Finished Renaming Generated Ports : Time (s): cpu = 00:02:27 ; elapsed = 00:02:37 . Memory (MB): peak = 2869.117 ; gain = 1420.703
---------------------------------------------------------------------------------
---------------------------------------------------------------------------------
Start Handling Custom Attributes
---------------------------------------------------------------------------------
---------------------------------------------------------------------------------
Finished Handling Custom Attributes : Time (s): cpu = 00:02:32 ; elapsed = 00:02:42 . Memory (MB): peak = 2869.117 ; gain = 1420.703
---------------------------------------------------------------------------------
---------------------------------------------------------------------------------
Start Renaming Generated Nets
---------------------------------------------------------------------------------
---------------------------------------------------------------------------------
Finished Renaming Generated Nets : Time (s): cpu = 00:02:32 ; elapsed = 00:02:42 . Memory (MB): peak = 2869.117 ; gain = 1420.703
---------------------------------------------------------------------------------
---------------------------------------------------------------------------------
Start ROM, RAM, DSP, Shift Register and Retiming Reporting
---------------------------------------------------------------------------------

Static Shift Register Report:
+------------+------------------------------------+--------+-------+--------------+--------------------+-------------------+--------+---------+
|Module Name | RTL Name                           | Length | Width | Reset Signal | Pull out first Reg | Pull out last Reg | SRL16E | SRLC32E | 
+------------+------------------------------------+--------+-------+--------------+--------------------+-------------------+--------+---------+
|top         | bu_ntt0/mul_inst/result_reg[7][9]  | 4      | 2     | YES          | NO                 | YES               | 2      | 0       | 
|top         | bu_ntt0/mul_inst/result_reg[7][7]  | 5      | 2     | YES          | NO                 | YES               | 2      | 0       | 
|top         | bu_ntt0/mul_inst/result_reg[7][5]  | 6      | 2     | YES          | NO                 | YES               | 2      | 0       | 
|top         | bu_ntt0/mul_inst/result_reg[7][3]  | 7      | 2     | YES          | NO                 | YES               | 2      | 0       | 
|top         | bu_ntt0/mul_inst/result_reg[7][1]  | 8      | 2     | YES          | NO                 | YES               | 2      | 0       | 
|top         | bu_intt0/mul_inst/result_reg[7][9] | 4      | 2     | YES          | NO                 | YES               | 2      | 0       | 
|top         | bu_intt0/mul_inst/result_reg[7][7] | 5      | 2     | YES          | NO                 | YES               | 2      | 0       | 
|top         | bu_intt0/mul_inst/result_reg[7][5] | 6      | 2     | YES          | NO                 | YES               | 2      | 0       | 
|top         | bu_intt0/mul_inst/result_reg[7][3] | 7      | 2     | YES          | NO                 | YES               | 2      | 0       | 
|top         | bu_intt0/mul_inst/result_reg[7][1] | 8      | 2     | YES          | NO                 | YES               | 2      | 0       | 
|top         | bu_intt0/mul_inst/y_ext_reg[3][2]  | 4      | 2     | YES          | NO                 | YES               | 2      | 0       | 
|top         | bu_intt0/mul_inst/y_ext_reg[4][2]  | 5      | 2     | YES          | NO                 | YES               | 2      | 0       | 
|top         | bu_intt0/mul_inst/y_ext_reg[5][2]  | 6      | 2     | YES          | NO                 | YES               | 2      | 0       | 
|top         | bu_intt0/mul_inst/y_ext_reg[6][2]  | 7      | 2     | YES          | NO                 | YES               | 2      | 0       | 
|top         | bu_intt0/mul_inst/y_ext_reg[7][2]  | 8      | 2     | YES          | NO                 | YES               | 2      | 0       | 
|top         | bu_ntt0/regA_reg[159]              | 9      | 16    | YES          | NO                 | YES               | 16     | 0       | 
|top         | bu_intt0/reg_barret1_reg[143]      | 9      | 16    | YES          | NO                 | YES               | 16     | 0       | 
|top         | hold_addra_reg[127]                | 15     | 8     | YES          | NO                 | YES               | 8      | 0       | 
|top         | hold_addrb_reg[127]                | 15     | 8     | YES          | NO                 | YES               | 8      | 0       | 
+------------+------------------------------------+--------+-------+--------------+--------------------+-------------------+--------+---------+

---------------------------------------------------------------------------------
Finished ROM, RAM, DSP, Shift Register and Retiming Reporting
---------------------------------------------------------------------------------
---------------------------------------------------------------------------------
Start Writing Synthesis Report
---------------------------------------------------------------------------------

Report BlackBoxes: 
+-+--------------+----------+
| |BlackBox name |Instances |
+-+--------------+----------+
+-+--------------+----------+

Report Cell Usage: 
+------+-------+------+
|      |Cell   |Count |
+------+-------+------+
|1     |BUFG   |     1|
|2     |CARRY8 |   211|
|3     |LUT1   |   115|
|4     |LUT2   |   791|
|5     |LUT3   |   377|
|6     |LUT4   |  1430|
|7     |LUT5   |   618|
|8     |LUT6   |  6096|
|9     |MUXF7  |  1100|
|10    |MUXF8  |   544|
|11    |SRL16E |    78|
|12    |FDCE   |  5447|
|13    |FDRE   |   716|
|14    |IBUF   |    37|
|15    |OBUF   |    52|
+------+-------+------+
---------------------------------------------------------------------------------
Finished Writing Synthesis Report : Time (s): cpu = 00:02:32 ; elapsed = 00:02:42 . Memory (MB): peak = 2869.117 ; gain = 1420.703
---------------------------------------------------------------------------------
Synthesis finished with 0 errors, 0 critical warnings and 1 warnings.
Synthesis Optimization Runtime : Time (s): cpu = 00:02:15 ; elapsed = 00:02:34 . Memory (MB): peak = 2869.117 ; gain = 1313.277
Synthesis Optimization Complete : Time (s): cpu = 00:02:32 ; elapsed = 00:02:42 . Memory (MB): peak = 2869.117 ; gain = 1420.703
INFO: [Project 1-571] Translating synthesized netlist
Netlist sorting complete. Time (s): cpu = 00:00:00 ; elapsed = 00:00:00.154 . Memory (MB): peak = 2876.309 ; gain = 0.000
INFO: [Netlist 29-17] Analyzing 1893 Unisim elements for replacement
INFO: [Netlist 29-28] Unisim Transformation completed in 1 CPU seconds
INFO: [Project 1-570] Preparing netlist for logic optimization
INFO: [Opt 31-138] Pushed 0 inverter(s) to 0 load pin(s).
Netlist sorting complete. Time (s): cpu = 00:00:00 ; elapsed = 00:00:00.003 . Memory (MB): peak = 2892.656 ; gain = 0.000
INFO: [Project 1-111] Unisim Transformation Summary:
  A total of 38 instances were transformed.
  BUFG => BUFGCE: 1 instance 
  IBUF => IBUF (IBUFCTRL, INBUF): 37 instances

Synth Design complete, checksum: e9711a0d
INFO: [Common 17-83] Releasing license: Synthesis
48 Infos, 1 Warnings, 0 Critical Warnings and 0 Errors encountered.
synth_design completed successfully
synth_design: Time (s): cpu = 00:02:43 ; elapsed = 00:02:54 . Memory (MB): peak = 2892.656 ; gain = 2480.676
INFO: [Common 17-1381] The checkpoint 'C:/Hung/Viettel/Stage2/ML-KEM/ml_kem/ml_kem.runs/synth_1/top.dcp' has been generated.
INFO: [runtcl-4] Executing : report_utilization -file top_utilization_synth.rpt -pb top_utilization_synth.pb
INFO: [Common 17-206] Exiting Vivado at Tue Sep  9 09:32:38 2025...
