#-----------------------------------------------------------
# Vivado v2022.2.2 (64-bit)
# SW Build 3788238 on Tue Feb 21 20:00:34 MST 2023
# IP Build 3783773 on Tue Feb 21 23:41:56 MST 2023
# Start of session at: Wed Sep 10 20:15:26 2025
# Process ID: 8972
# Current directory: C:/Hung/Viettel/Stage2/ML-KEM/mul_poly/mul_matrix
# Command line: vivado.exe -gui_launcher_event rodinguilauncherevent17468 C:\Hung\Viettel\Stage2\ML-KEM\mul_poly\mul_matrix\mul_matrix.xpr
# Log file: C:/Hung/Viettel/Stage2/ML-KEM/mul_poly/mul_matrix/vivado.log
# Journal file: C:/Hung/Viettel/Stage2/ML-KEM/mul_poly/mul_matrix\vivado.jou
# Running On: DESKTOP-DA5EM0P, OS: Windows, CPU Frequency: 2304 MHz, CPU Physical cores: 8, Host memory: 16948 MB
#-----------------------------------------------------------
start_gui
open_project C:/Hung/Viettel/Stage2/ML-KEM/mul_poly/mul_matrix/mul_matrix.xpr
INFO: [filemgmt 56-3] Default IP Output Path : Could not find the directory 'C:/Hung/Viettel/Stage2/ML-KEM/mul_poly/mul_matrix/mul_matrix.gen/sources_1'.
Scanning sources...
Finished scanning sources
WARNING: [Board 49-26] cannot add Board Part xilinx.com:vck190:part0:2.2 available at C:/Xilinx/Vivado/2022.2/data/xhub/boards/XilinxBoardStore/boards/Xilinx/vck190/production/2.2/board.xml as part xcvc1902-vsva2197-2mp-e-s specified in board_part file is either invalid or not available
WARNING: [Board 49-26] cannot add Board Part xilinx.com:vck190:part0:3.0 available at C:/Xilinx/Vivado/2022.2/data/xhub/boards/XilinxBoardStore/boards/Xilinx/vck190/production/3.0/board.xml as part xcvc1902-vsva2197-2mp-e-s specified in board_part file is either invalid or not available
WARNING: [Board 49-26] cannot add Board Part xilinx.com:vck190:part0:3.1 available at C:/Xilinx/Vivado/2022.2/data/xhub/boards/XilinxBoardStore/boards/Xilinx/vck190/production/3.1/board.xml as part xcvc1902-vsva2197-2mp-e-s specified in board_part file is either invalid or not available
WARNING: [Board 49-26] cannot add Board Part xilinx.com:vck190_newl:part0:1.0 available at C:/Xilinx/Vivado/2022.2/data/xhub/boards/XilinxBoardStore/boards/Xilinx/vck190_newl/production/1.0/board.xml as part xcvc1902-vsva2197-2mp-e-s specified in board_part file is either invalid or not available
WARNING: [Board 49-26] cannot add Board Part xilinx.com:vek280_es:part0:1.0 available at C:/Xilinx/Vivado/2022.2/data/xhub/boards/XilinxBoardStore/boards/Xilinx/vek280/es/rev_a/1.0/board.xml as part xcve2802-vsvh1760-2lp-e-s-es1 specified in board_part file is either invalid or not available
WARNING: [Board 49-26] cannot add Board Part xilinx.com:vek280_es_revb:part0:1.0 available at C:/Xilinx/Vivado/2022.2/data/xhub/boards/XilinxBoardStore/boards/Xilinx/vek280/es/rev_b/1.0/board.xml as part xcve2802-vsvh1760-2mp-e-s-es1 specified in board_part file is either invalid or not available
WARNING: [Board 49-26] cannot add Board Part xilinx.com:vhk158_es:part0:1.0 available at C:/Xilinx/Vivado/2022.2/data/xhub/boards/XilinxBoardStore/boards/Xilinx/vhk158/es/1.0/board.xml as part xcvh1582-vsva3697-2mp-e-s-es1 specified in board_part file is either invalid or not available
WARNING: [Board 49-26] cannot add Board Part xilinx.com:vmk180:part0:2.2 available at C:/Xilinx/Vivado/2022.2/data/xhub/boards/XilinxBoardStore/boards/Xilinx/vmk180/production/2.2/board.xml as part xcvm1802-vsva2197-2mp-e-s specified in board_part file is either invalid or not available
WARNING: [Board 49-26] cannot add Board Part xilinx.com:vmk180:part0:3.0 available at C:/Xilinx/Vivado/2022.2/data/xhub/boards/XilinxBoardStore/boards/Xilinx/vmk180/production/3.0/board.xml as part xcvm1802-vsva2197-2mp-e-s specified in board_part file is either invalid or not available
WARNING: [Board 49-26] cannot add Board Part xilinx.com:vmk180:part0:3.1 available at C:/Xilinx/Vivado/2022.2/data/xhub/boards/XilinxBoardStore/boards/Xilinx/vmk180/production/3.1/board.xml as part xcvm1802-vsva2197-2mp-e-s specified in board_part file is either invalid or not available
WARNING: [Board 49-26] cannot add Board Part xilinx.com:vmk180_newl:part0:1.0 available at C:/Xilinx/Vivado/2022.2/data/xhub/boards/XilinxBoardStore/boards/Xilinx/vmk180_newl/production/1.0/board.xml as part xcvm1802-vsva2197-2mp-e-s specified in board_part file is either invalid or not available
WARNING: [Board 49-26] cannot add Board Part xilinx.com:vpk120:part0:1.0 available at C:/Xilinx/Vivado/2022.2/data/xhub/boards/XilinxBoardStore/boards/Xilinx/vpk120/production/1.0/board.xml as part xcvp1202-vsva2785-2mp-e-s specified in board_part file is either invalid or not available
WARNING: [Board 49-26] cannot add Board Part xilinx.com:vpk120_es:part0:1.2 available at C:/Xilinx/Vivado/2022.2/data/xhub/boards/XilinxBoardStore/boards/Xilinx/vpk120/es/1.2/board.xml as part xcvp1202-vsva2785-2mp-e-s-es1 specified in board_part file is either invalid or not available
WARNING: [Board 49-26] cannot add Board Part xilinx.com:vpk120_es_revb:part0:1.0 available at C:/Xilinx/Vivado/2022.2/data/xhub/boards/XilinxBoardStore/boards/Xilinx/vpk120_revb/es/1.0/board.xml as part xcvp1202-vsva2785-2mp-e-s-es1 specified in board_part file is either invalid or not available
WARNING: [Board 49-26] cannot add Board Part xilinx.com:vpk180_es:part0:1.0 available at C:/Xilinx/Vivado/2022.2/data/xhub/boards/XilinxBoardStore/boards/Xilinx/vpk180/es/1.0/board.xml as part xcvp1802-lsvc4072-2mp-e-s-es1 specified in board_part file is either invalid or not available
WARNING: [Board 49-26] cannot add Board Part xilinx.com:zcu208ld:part0:2.0 available at C:/Xilinx/Vivado/2022.2/data/xhub/boards/XilinxBoardStore/boards/Xilinx/zcu208ld/production/2.0/board.xml as part xczu58dr-fsvg1517-2-i specified in board_part file is either invalid or not available
WARNING: [Board 49-26] cannot add Board Part xilinx.com:zcu216ld:part0:2.0 available at C:/Xilinx/Vivado/2022.2/data/xhub/boards/XilinxBoardStore/boards/Xilinx/zcu216ld/production/2.0/board.xml as part xczu59dr-ffvf1760-2-i specified in board_part file is either invalid or not available
WARNING: [Board 49-26] cannot add Board Part xilinx.com:zcu670:part0:2.0 available at C:/Xilinx/Vivado/2022.2/data/xhub/boards/XilinxBoardStore/boards/Xilinx/zcu670/2.0/board.xml as part xczu67dr-fsve1156-2-i specified in board_part file is either invalid or not available
WARNING: [Board 49-26] cannot add Board Part xilinx.com:zcu670ld:part0:1.0 available at C:/Xilinx/Vivado/2022.2/data/xhub/boards/XilinxBoardStore/boards/Xilinx/zcu670ld/1.0/board.xml as part xczu57dr-fsve1156-2-i specified in board_part file is either invalid or not available
INFO: [IP_Flow 19-234] Refreshing IP repositories
INFO: [IP_Flow 19-1704] No user IP repositories specified
INFO: [IP_Flow 19-2313] Loaded Vivado IP repository 'C:/Xilinx/Vivado/2022.2/data/ip'.
open_project: Time (s): cpu = 00:00:21 ; elapsed = 00:00:11 . Memory (MB): peak = 1189.676 ; gain = 374.016
update_compile_order -fileset sources_1
launch_simulation
Command: launch_simulation 
INFO: [Vivado 12-12493] Simulation top is 'tb_mul_poly_matrix'
WARNING: [Vivado 12-13340] Unable to auto find GCC executables from simulator install path! (path not set)
WARNING: [Vivado 12-13277] Compiled library path does not exist: ''
INFO: [Vivado 12-5682] Launching behavioral simulation in 'C:/Hung/Viettel/Stage2/ML-KEM/mul_poly/mul_matrix/mul_matrix.sim/sim_1/behav/xsim'
INFO: [SIM-utils-51] Simulation object is 'sim_1'
INFO: [SIM-utils-72] Using boost library from 'C:/Xilinx/Vivado/2022.2/tps/boost_1_72_0'
INFO: [SIM-utils-54] Inspecting design source files for 'tb_mul_poly_matrix' in fileset 'sim_1'...
INFO: [USF-XSim-97] Finding global include files...
INFO: [USF-XSim-98] Fetching design files from 'sim_1'...
INFO: [USF-XSim-2] XSim::Compile design
INFO: [USF-XSim-61] Executing 'COMPILE and ANALYZE' step in 'C:/Hung/Viettel/Stage2/ML-KEM/mul_poly/mul_matrix/mul_matrix.sim/sim_1/behav/xsim'
"xvlog --incr --relax -prj tb_mul_poly_matrix_vlog.prj"
INFO: [USF-XSim-69] 'compile' step finished in '2' seconds
INFO: [USF-XSim-3] XSim::Elaborate design
INFO: [USF-XSim-61] Executing 'ELABORATE' step in 'C:/Hung/Viettel/Stage2/ML-KEM/mul_poly/mul_matrix/mul_matrix.sim/sim_1/behav/xsim'
"xelab --incr --debug typical --relax --mt 2 -L xil_defaultlib -L unisims_ver -L unimacro_ver -L secureip --snapshot tb_mul_poly_matrix_behav xil_defaultlib.tb_mul_poly_matrix xil_defaultlib.glbl -log elaborate.log"
Vivado Simulator v2022.2.2
Copyright 1986-1999, 2001-2022 Xilinx, Inc. All Rights Reserved.
Running: C:/Xilinx/Vivado/2022.2/bin/unwrapped/win64.o/xelab.exe --incr --debug typical --relax --mt 2 -L xil_defaultlib -L unisims_ver -L unimacro_ver -L secureip --snapshot tb_mul_poly_matrix_behav xil_defaultlib.tb_mul_poly_matrix xil_defaultlib.glbl -log elaborate.log 
Using 2 slave threads.
Starting static elaboration
Pass Through NonSizing Optimizer
Completed static elaboration
INFO: [XSIM 43-4323] No Change in HDL. Linking previously generated obj files to create kernel
INFO: [USF-XSim-69] 'elaborate' step finished in '2' seconds
INFO: [USF-XSim-4] XSim::Simulate design
INFO: [USF-XSim-61] Executing 'SIMULATE' step in 'C:/Hung/Viettel/Stage2/ML-KEM/mul_poly/mul_matrix/mul_matrix.sim/sim_1/behav/xsim'
INFO: [USF-XSim-98] *** Running xsim
   with args "tb_mul_poly_matrix_behav -key {Behavioral:sim_1:Functional:tb_mul_poly_matrix} -tclbatch {tb_mul_poly_matrix.tcl} -view {C:/Hung/Viettel/Stage2/ML-KEM/mul_poly/mul_matrix/tb_mul_12bit_behav.wcfg} -view {C:/Hung/Viettel/Stage2/ML-KEM/mul_poly/mul_matrix/tb_mul_poly_matrix_behav.wcfg} -log {simulate.log}"
INFO: [USF-XSim-8] Loading simulator feature
Time resolution is 1 ps
open_wave_config C:/Hung/Viettel/Stage2/ML-KEM/mul_poly/mul_matrix/tb_mul_12bit_behav.wcfg
open_wave_config C:/Hung/Viettel/Stage2/ML-KEM/mul_poly/mul_matrix/tb_mul_poly_matrix_behav.wcfg
source tb_mul_poly_matrix.tcl
# set curr_wave [current_wave_config]
# if { [string length $curr_wave] == 0 } {
#   if { [llength [get_objects]] > 0} {
#     add_wave /
#     set_property needs_save false [current_wave_config]
#   } else {
#      send_msg_id Add_Wave-1 WARNING "No top level signals found. Simulator will start without a wave window. If you want to open a wave window go to 'File->New Waveform Configuration' or type 'create_wave_config' in the TCL console."
#   }
# }
# run 100000ns
               a: 781 883 1cb 60e 156 176 2b9 943 c6b 4ba a9c 917 a8a 9e5 95e 124
               b: 268 936 14e 83b 34e 5ed 0cf a2f ba2 6bf 728 88b b45 6db 526 7ad
             res: c66 2cb a96 c08 c79 7bb 9fd a5d c74 499 a6d cb0 59d 5aa 233 475
expect r12..r15 = {b65, 967, c71, 6a7}
got    r12..r15 = {59d, 5aa, 233, 475}
FAIL
$finish called at time : 232500 ps : File "C:/Hung/Viettel/Stage2/ML-KEM/mul_poly/tb_mul_poly_matrix.v" Line 148
INFO: [USF-XSim-96] XSim completed. Design snapshot 'tb_mul_poly_matrix_behav' loaded.
INFO: [USF-XSim-97] XSim simulation ran for 100000ns
launch_simulation: Time (s): cpu = 00:00:08 ; elapsed = 00:00:07 . Memory (MB): peak = 1239.348 ; gain = 0.000
current_wave_config {tb_mul_poly_matrix_behav.wcfg}
tb_mul_poly_matrix_behav.wcfg
add_wave {{/tb_mul_poly_matrix/dut/mul_poly_matrix_inst/u_mul7/a0_b0}} {{/tb_mul_poly_matrix/dut/mul_poly_matrix_inst/u_mul7/a1_b1}} {{/tb_mul_poly_matrix/dut/mul_poly_matrix_inst/u_mul7/a1_b0}} {{/tb_mul_poly_matrix/dut/mul_poly_matrix_inst/u_mul7/a0_b1}} {{/tb_mul_poly_matrix/dut/mul_poly_matrix_inst/u_mul7/a1_b1_zetas}} 
relaunch_sim
Command: launch_simulation -step compile -simset sim_1 -mode behavioral
INFO: [Vivado 12-12493] Simulation top is 'tb_mul_poly_matrix'
WARNING: [Vivado 12-13340] Unable to auto find GCC executables from simulator install path! (path not set)
WARNING: [Vivado 12-13277] Compiled library path does not exist: ''
INFO: [Vivado 12-5682] Launching behavioral simulation in 'C:/Hung/Viettel/Stage2/ML-KEM/mul_poly/mul_matrix/mul_matrix.sim/sim_1/behav/xsim'
INFO: [SIM-utils-51] Simulation object is 'sim_1'
INFO: [SIM-utils-72] Using boost library from 'C:/Xilinx/Vivado/2022.2/tps/boost_1_72_0'
INFO: [SIM-utils-54] Inspecting design source files for 'tb_mul_poly_matrix' in fileset 'sim_1'...
INFO: [USF-XSim-97] Finding global include files...
INFO: [USF-XSim-98] Fetching design files from 'sim_1'...
INFO: [USF-XSim-2] XSim::Compile design
INFO: [USF-XSim-61] Executing 'COMPILE and ANALYZE' step in 'C:/Hung/Viettel/Stage2/ML-KEM/mul_poly/mul_matrix/mul_matrix.sim/sim_1/behav/xsim'
"xvlog --incr --relax -prj tb_mul_poly_matrix_vlog.prj"
INFO: [USF-XSim-69] 'compile' step finished in '2' seconds
Command: launch_simulation -step elaborate -simset sim_1 -mode behavioral
INFO: [Vivado 12-12493] Simulation top is 'tb_mul_poly_matrix'
WARNING: [Vivado 12-13340] Unable to auto find GCC executables from simulator install path! (path not set)
WARNING: [Vivado 12-13277] Compiled library path does not exist: ''
INFO: [Vivado 12-5682] Launching behavioral simulation in 'C:/Hung/Viettel/Stage2/ML-KEM/mul_poly/mul_matrix/mul_matrix.sim/sim_1/behav/xsim'
INFO: [SIM-utils-51] Simulation object is 'sim_1'
INFO: [USF-XSim-3] XSim::Elaborate design
INFO: [USF-XSim-61] Executing 'ELABORATE' step in 'C:/Hung/Viettel/Stage2/ML-KEM/mul_poly/mul_matrix/mul_matrix.sim/sim_1/behav/xsim'
"xelab --incr --debug typical --relax --mt 2 -L xil_defaultlib -L unisims_ver -L unimacro_ver -L secureip --snapshot tb_mul_poly_matrix_behav xil_defaultlib.tb_mul_poly_matrix xil_defaultlib.glbl -log elaborate.log"
Vivado Simulator v2022.2.2
Copyright 1986-1999, 2001-2022 Xilinx, Inc. All Rights Reserved.
Running: C:/Xilinx/Vivado/2022.2/bin/unwrapped/win64.o/xelab.exe --incr --debug typical --relax --mt 2 -L xil_defaultlib -L unisims_ver -L unimacro_ver -L secureip --snapshot tb_mul_poly_matrix_behav xil_defaultlib.tb_mul_poly_matrix xil_defaultlib.glbl -log elaborate.log 
Using 2 slave threads.
Starting static elaboration
Pass Through NonSizing Optimizer
Completed static elaboration
INFO: [XSIM 43-4323] No Change in HDL. Linking previously generated obj files to create kernel
INFO: [USF-XSim-69] 'elaborate' step finished in '1' seconds
Time resolution is 1 ps
               a: 781 883 1cb 60e 156 176 2b9 943 c6b 4ba a9c 917 a8a 9e5 95e 124
               b: 268 936 14e 83b 34e 5ed 0cf a2f ba2 6bf 728 88b b45 6db 526 7ad
             res: c66 2cb a96 c08 c79 7bb 9fd a5d c74 499 a6d cb0 59d 5aa 233 475
expect r12..r15 = {b65, 967, c71, 6a7}
got    r12..r15 = {59d, 5aa, 233, 475}
FAIL
$finish called at time : 232500 ps : File "C:/Hung/Viettel/Stage2/ML-KEM/mul_poly/tb_mul_poly_matrix.v" Line 148
relaunch_sim: Time (s): cpu = 00:00:01 ; elapsed = 00:00:06 . Memory (MB): peak = 1269.812 ; gain = 0.000
current_wave_config {tb_mul_poly_matrix_behav.wcfg}
tb_mul_poly_matrix_behav.wcfg
add_wave {{/tb_mul_poly_matrix/dut/mul_poly_matrix_inst/u_mul7/obarret1}} {{/tb_mul_poly_matrix/dut/mul_poly_matrix_inst/u_mul7/obarret2}} {{/tb_mul_poly_matrix/dut/mul_poly_matrix_inst/u_mul7/obarret3}} 
relaunch_sim
Command: launch_simulation -step compile -simset sim_1 -mode behavioral
INFO: [Vivado 12-12493] Simulation top is 'tb_mul_poly_matrix'
WARNING: [Vivado 12-13340] Unable to auto find GCC executables from simulator install path! (path not set)
WARNING: [Vivado 12-13277] Compiled library path does not exist: ''
INFO: [Vivado 12-5682] Launching behavioral simulation in 'C:/Hung/Viettel/Stage2/ML-KEM/mul_poly/mul_matrix/mul_matrix.sim/sim_1/behav/xsim'
INFO: [SIM-utils-51] Simulation object is 'sim_1'
INFO: [USF-XSim-2] XSim::Compile design
INFO: [USF-XSim-61] Executing 'COMPILE and ANALYZE' step in 'C:/Hung/Viettel/Stage2/ML-KEM/mul_poly/mul_matrix/mul_matrix.sim/sim_1/behav/xsim'
"xvlog --incr --relax -prj tb_mul_poly_matrix_vlog.prj"
INFO: [USF-XSim-69] 'compile' step finished in '1' seconds
Command: launch_simulation -step elaborate -simset sim_1 -mode behavioral
INFO: [Vivado 12-12493] Simulation top is 'tb_mul_poly_matrix'
WARNING: [Vivado 12-13340] Unable to auto find GCC executables from simulator install path! (path not set)
WARNING: [Vivado 12-13277] Compiled library path does not exist: ''
INFO: [Vivado 12-5682] Launching behavioral simulation in 'C:/Hung/Viettel/Stage2/ML-KEM/mul_poly/mul_matrix/mul_matrix.sim/sim_1/behav/xsim'
INFO: [SIM-utils-51] Simulation object is 'sim_1'
INFO: [USF-XSim-3] XSim::Elaborate design
INFO: [USF-XSim-61] Executing 'ELABORATE' step in 'C:/Hung/Viettel/Stage2/ML-KEM/mul_poly/mul_matrix/mul_matrix.sim/sim_1/behav/xsim'
"xelab --incr --debug typical --relax --mt 2 -L xil_defaultlib -L unisims_ver -L unimacro_ver -L secureip --snapshot tb_mul_poly_matrix_behav xil_defaultlib.tb_mul_poly_matrix xil_defaultlib.glbl -log elaborate.log"
Vivado Simulator v2022.2.2
Copyright 1986-1999, 2001-2022 Xilinx, Inc. All Rights Reserved.
Running: C:/Xilinx/Vivado/2022.2/bin/unwrapped/win64.o/xelab.exe --incr --debug typical --relax --mt 2 -L xil_defaultlib -L unisims_ver -L unimacro_ver -L secureip --snapshot tb_mul_poly_matrix_behav xil_defaultlib.tb_mul_poly_matrix xil_defaultlib.glbl -log elaborate.log 
Using 2 slave threads.
Starting static elaboration
Pass Through NonSizing Optimizer
Completed static elaboration
INFO: [XSIM 43-4323] No Change in HDL. Linking previously generated obj files to create kernel
INFO: [USF-XSim-69] 'elaborate' step finished in '2' seconds
Time resolution is 1 ps
               a: 781 883 1cb 60e 156 176 2b9 943 c6b 4ba a9c 917 a8a 9e5 95e 124
               b: 268 936 14e 83b 34e 5ed 0cf a2f ba2 6bf 728 88b b45 6db 526 7ad
             res: c66 2cb a96 c08 c79 7bb 9fd a5d c74 499 a6d cb0 59d 5aa 233 475
expect r12..r15 = {b65, 967, c71, 6a7}
got    r12..r15 = {59d, 5aa, 233, 475}
FAIL
$finish called at time : 232500 ps : File "C:/Hung/Viettel/Stage2/ML-KEM/mul_poly/tb_mul_poly_matrix.v" Line 148
relaunch_sim: Time (s): cpu = 00:00:01 ; elapsed = 00:00:05 . Memory (MB): peak = 1269.812 ; gain = 0.000
current_wave_config {tb_mul_poly_matrix_behav.wcfg}
tb_mul_poly_matrix_behav.wcfg
add_wave {{/tb_mul_poly_matrix/dut/mul_poly_matrix_inst/u_mul7/barret_inst0/C}} {{/tb_mul_poly_matrix/dut/mul_poly_matrix_inst/u_mul7/barret_inst0/R}} 
relaunch_sim
Command: launch_simulation -step compile -simset sim_1 -mode behavioral
INFO: [Vivado 12-12493] Simulation top is 'tb_mul_poly_matrix'
WARNING: [Vivado 12-13340] Unable to auto find GCC executables from simulator install path! (path not set)
WARNING: [Vivado 12-13277] Compiled library path does not exist: ''
INFO: [Vivado 12-5682] Launching behavioral simulation in 'C:/Hung/Viettel/Stage2/ML-KEM/mul_poly/mul_matrix/mul_matrix.sim/sim_1/behav/xsim'
INFO: [SIM-utils-51] Simulation object is 'sim_1'
INFO: [USF-XSim-2] XSim::Compile design
INFO: [USF-XSim-61] Executing 'COMPILE and ANALYZE' step in 'C:/Hung/Viettel/Stage2/ML-KEM/mul_poly/mul_matrix/mul_matrix.sim/sim_1/behav/xsim'
"xvlog --incr --relax -prj tb_mul_poly_matrix_vlog.prj"
INFO: [USF-XSim-69] 'compile' step finished in '1' seconds
Command: launch_simulation -step elaborate -simset sim_1 -mode behavioral
INFO: [Vivado 12-12493] Simulation top is 'tb_mul_poly_matrix'
WARNING: [Vivado 12-13340] Unable to auto find GCC executables from simulator install path! (path not set)
WARNING: [Vivado 12-13277] Compiled library path does not exist: ''
INFO: [Vivado 12-5682] Launching behavioral simulation in 'C:/Hung/Viettel/Stage2/ML-KEM/mul_poly/mul_matrix/mul_matrix.sim/sim_1/behav/xsim'
INFO: [SIM-utils-51] Simulation object is 'sim_1'
INFO: [USF-XSim-3] XSim::Elaborate design
INFO: [USF-XSim-61] Executing 'ELABORATE' step in 'C:/Hung/Viettel/Stage2/ML-KEM/mul_poly/mul_matrix/mul_matrix.sim/sim_1/behav/xsim'
"xelab --incr --debug typical --relax --mt 2 -L xil_defaultlib -L unisims_ver -L unimacro_ver -L secureip --snapshot tb_mul_poly_matrix_behav xil_defaultlib.tb_mul_poly_matrix xil_defaultlib.glbl -log elaborate.log"
Vivado Simulator v2022.2.2
Copyright 1986-1999, 2001-2022 Xilinx, Inc. All Rights Reserved.
Running: C:/Xilinx/Vivado/2022.2/bin/unwrapped/win64.o/xelab.exe --incr --debug typical --relax --mt 2 -L xil_defaultlib -L unisims_ver -L unimacro_ver -L secureip --snapshot tb_mul_poly_matrix_behav xil_defaultlib.tb_mul_poly_matrix xil_defaultlib.glbl -log elaborate.log 
Using 2 slave threads.
Starting static elaboration
Pass Through NonSizing Optimizer
Completed static elaboration
INFO: [XSIM 43-4323] No Change in HDL. Linking previously generated obj files to create kernel
INFO: [USF-XSim-69] 'elaborate' step finished in '1' seconds
Time resolution is 1 ps
               a: 781 883 1cb 60e 156 176 2b9 943 c6b 4ba a9c 917 a8a 9e5 95e 124
               b: 268 936 14e 83b 34e 5ed 0cf a2f ba2 6bf 728 88b b45 6db 526 7ad
             res: c66 2cb a96 c08 c79 7bb 9fd a5d c74 499 a6d cb0 59d 5aa 233 475
expect r12..r15 = {b65, 967, c71, 6a7}
got    r12..r15 = {59d, 5aa, 233, 475}
FAIL
$finish called at time : 232500 ps : File "C:/Hung/Viettel/Stage2/ML-KEM/mul_poly/tb_mul_poly_matrix.v" Line 148
relaunch_sim: Time (s): cpu = 00:00:01 ; elapsed = 00:00:06 . Memory (MB): peak = 1269.812 ; gain = 0.000
current_wave_config {tb_mul_poly_matrix_behav.wcfg}
tb_mul_poly_matrix_behav.wcfg
add_wave {{/tb_mul_poly_matrix/dut/mul_poly_matrix_inst/u_mul7/mul_inst4/A}} {{/tb_mul_poly_matrix/dut/mul_poly_matrix_inst/u_mul7/mul_inst4/B}} {{/tb_mul_poly_matrix/dut/mul_poly_matrix_inst/u_mul7/mul_inst4/R}} 
relaunch_sim
Command: launch_simulation -step compile -simset sim_1 -mode behavioral
INFO: [Vivado 12-12493] Simulation top is 'tb_mul_poly_matrix'
WARNING: [Vivado 12-13340] Unable to auto find GCC executables from simulator install path! (path not set)
WARNING: [Vivado 12-13277] Compiled library path does not exist: ''
INFO: [Vivado 12-5682] Launching behavioral simulation in 'C:/Hung/Viettel/Stage2/ML-KEM/mul_poly/mul_matrix/mul_matrix.sim/sim_1/behav/xsim'
INFO: [SIM-utils-51] Simulation object is 'sim_1'
INFO: [USF-XSim-2] XSim::Compile design
INFO: [USF-XSim-61] Executing 'COMPILE and ANALYZE' step in 'C:/Hung/Viettel/Stage2/ML-KEM/mul_poly/mul_matrix/mul_matrix.sim/sim_1/behav/xsim'
"xvlog --incr --relax -prj tb_mul_poly_matrix_vlog.prj"
INFO: [USF-XSim-69] 'compile' step finished in '1' seconds
Command: launch_simulation -step elaborate -simset sim_1 -mode behavioral
INFO: [Vivado 12-12493] Simulation top is 'tb_mul_poly_matrix'
WARNING: [Vivado 12-13340] Unable to auto find GCC executables from simulator install path! (path not set)
WARNING: [Vivado 12-13277] Compiled library path does not exist: ''
INFO: [Vivado 12-5682] Launching behavioral simulation in 'C:/Hung/Viettel/Stage2/ML-KEM/mul_poly/mul_matrix/mul_matrix.sim/sim_1/behav/xsim'
INFO: [SIM-utils-51] Simulation object is 'sim_1'
INFO: [USF-XSim-3] XSim::Elaborate design
INFO: [USF-XSim-61] Executing 'ELABORATE' step in 'C:/Hung/Viettel/Stage2/ML-KEM/mul_poly/mul_matrix/mul_matrix.sim/sim_1/behav/xsim'
"xelab --incr --debug typical --relax --mt 2 -L xil_defaultlib -L unisims_ver -L unimacro_ver -L secureip --snapshot tb_mul_poly_matrix_behav xil_defaultlib.tb_mul_poly_matrix xil_defaultlib.glbl -log elaborate.log"
Vivado Simulator v2022.2.2
Copyright 1986-1999, 2001-2022 Xilinx, Inc. All Rights Reserved.
Running: C:/Xilinx/Vivado/2022.2/bin/unwrapped/win64.o/xelab.exe --incr --debug typical --relax --mt 2 -L xil_defaultlib -L unisims_ver -L unimacro_ver -L secureip --snapshot tb_mul_poly_matrix_behav xil_defaultlib.tb_mul_poly_matrix xil_defaultlib.glbl -log elaborate.log 
Using 2 slave threads.
Starting static elaboration
Pass Through NonSizing Optimizer
Completed static elaboration
INFO: [XSIM 43-4323] No Change in HDL. Linking previously generated obj files to create kernel
INFO: [USF-XSim-69] 'elaborate' step finished in '2' seconds
Time resolution is 1 ps
               a: 781 883 1cb 60e 156 176 2b9 943 c6b 4ba a9c 917 a8a 9e5 95e 124
               b: 268 936 14e 83b 34e 5ed 0cf a2f ba2 6bf 728 88b b45 6db 526 7ad
             res: c66 2cb a96 c08 c79 7bb 9fd a5d c74 499 a6d cb0 59d 5aa 233 475
expect r12..r15 = {b65, 967, c71, 6a7}
got    r12..r15 = {59d, 5aa, 233, 475}
FAIL
$finish called at time : 232500 ps : File "C:/Hung/Viettel/Stage2/ML-KEM/mul_poly/tb_mul_poly_matrix.v" Line 148
relaunch_sim: Time (s): cpu = 00:00:01 ; elapsed = 00:00:06 . Memory (MB): peak = 1277.258 ; gain = 0.000
relaunch_sim
Command: launch_simulation -step compile -simset sim_1 -mode behavioral
INFO: [Vivado 12-12493] Simulation top is 'tb_mul_poly_matrix'
WARNING: [Vivado 12-13340] Unable to auto find GCC executables from simulator install path! (path not set)
WARNING: [Vivado 12-13277] Compiled library path does not exist: ''
INFO: [Vivado 12-5682] Launching behavioral simulation in 'C:/Hung/Viettel/Stage2/ML-KEM/mul_poly/mul_matrix/mul_matrix.sim/sim_1/behav/xsim'
INFO: [SIM-utils-51] Simulation object is 'sim_1'
INFO: [USF-XSim-2] XSim::Compile design
INFO: [USF-XSim-61] Executing 'COMPILE and ANALYZE' step in 'C:/Hung/Viettel/Stage2/ML-KEM/mul_poly/mul_matrix/mul_matrix.sim/sim_1/behav/xsim'
"xvlog --incr --relax -prj tb_mul_poly_matrix_vlog.prj"
INFO: [VRFC 10-2263] Analyzing Verilog file "C:/Hung/Viettel/Stage2/ML-KEM/mul_poly/BoothDecode.v" into library xil_defaultlib
INFO: [VRFC 10-311] analyzing module BoothDecode
INFO: [VRFC 10-2263] Analyzing Verilog file "C:/Hung/Viettel/Stage2/ML-KEM/mul_poly/Rom_mul.v" into library xil_defaultlib
INFO: [VRFC 10-311] analyzing module Rom_mul
INFO: [VRFC 10-2263] Analyzing Verilog file "C:/Hung/Viettel/Stage2/ML-KEM/mul_poly/add_cell.v" into library xil_defaultlib
INFO: [VRFC 10-311] analyzing module add_cell
INFO: [VRFC 10-2263] Analyzing Verilog file "C:/Hung/Viettel/Stage2/ML-KEM/NTT/barret.v" into library xil_defaultlib
INFO: [VRFC 10-311] analyzing module barret
INFO: [VRFC 10-2263] Analyzing Verilog file "C:/Hung/Viettel/Stage2/ML-KEM/mul_poly/csa.v" into library xil_defaultlib
INFO: [VRFC 10-311] analyzing module csa
INFO: [VRFC 10-311] analyzing module fulladder
INFO: [VRFC 10-2263] Analyzing Verilog file "C:/Hung/Viettel/Stage2/ML-KEM/mul_poly/mul_12bit.v" into library xil_defaultlib
INFO: [VRFC 10-311] analyzing module mul_12bit
INFO: [VRFC 10-2263] Analyzing Verilog file "C:/Hung/Viettel/Stage2/ML-KEM/mul_poly/mul_cell.v" into library xil_defaultlib
INFO: [VRFC 10-311] analyzing module mul_cel
INFO: [VRFC 10-2263] Analyzing Verilog file "C:/Hung/Viettel/Stage2/ML-KEM/mul_poly/mul_poly.v" into library xil_defaultlib
INFO: [VRFC 10-311] analyzing module mul_poly
INFO: [VRFC 10-2263] Analyzing Verilog file "C:/Hung/Viettel/Stage2/ML-KEM/mul_poly/mul_poly_matrix.v" into library xil_defaultlib
INFO: [VRFC 10-311] analyzing module mul_poly_matrix
INFO: [VRFC 10-2263] Analyzing Verilog file "C:/Hung/Viettel/Stage2/ML-KEM/mul_poly/tb_mul_poly_matrix.v" into library xil_defaultlib
INFO: [VRFC 10-311] analyzing module tb_mul_poly_matrix
INFO: [USF-XSim-69] 'compile' step finished in '3' seconds
Command: launch_simulation -step elaborate -simset sim_1 -mode behavioral
INFO: [Vivado 12-12493] Simulation top is 'tb_mul_poly_matrix'
WARNING: [Vivado 12-13340] Unable to auto find GCC executables from simulator install path! (path not set)
WARNING: [Vivado 12-13277] Compiled library path does not exist: ''
INFO: [Vivado 12-5682] Launching behavioral simulation in 'C:/Hung/Viettel/Stage2/ML-KEM/mul_poly/mul_matrix/mul_matrix.sim/sim_1/behav/xsim'
INFO: [SIM-utils-51] Simulation object is 'sim_1'
INFO: [USF-XSim-3] XSim::Elaborate design
INFO: [USF-XSim-61] Executing 'ELABORATE' step in 'C:/Hung/Viettel/Stage2/ML-KEM/mul_poly/mul_matrix/mul_matrix.sim/sim_1/behav/xsim'
"xelab --incr --debug typical --relax --mt 2 -L xil_defaultlib -L unisims_ver -L unimacro_ver -L secureip --snapshot tb_mul_poly_matrix_behav xil_defaultlib.tb_mul_poly_matrix xil_defaultlib.glbl -log elaborate.log"
Vivado Simulator v2022.2.2
Copyright 1986-1999, 2001-2022 Xilinx, Inc. All Rights Reserved.
Running: C:/Xilinx/Vivado/2022.2/bin/unwrapped/win64.o/xelab.exe --incr --debug typical --relax --mt 2 -L xil_defaultlib -L unisims_ver -L unimacro_ver -L secureip --snapshot tb_mul_poly_matrix_behav xil_defaultlib.tb_mul_poly_matrix xil_defaultlib.glbl -log elaborate.log 
Using 2 slave threads.
Starting static elaboration
Pass Through NonSizing Optimizer
Completed static elaboration
Starting simulation data flow analysis
Completed simulation data flow analysis
Time Resolution for simulation is 1ps
Compiling module xil_defaultlib.add_cell_default
Compiling module xil_defaultlib.barret
Compiling module xil_defaultlib.Rom_mul
Compiling module xil_defaultlib.fulladder
Compiling module xil_defaultlib.csa(WIDTH=26)
Compiling module xil_defaultlib.BoothDecode
Compiling module xil_defaultlib.mul_12bit
Compiling module xil_defaultlib.mul_poly
Compiling module xil_defaultlib.mul_poly_matrix
Compiling module xil_defaultlib.mul_cel_default
Compiling module xil_defaultlib.tb_mul_poly_matrix
Compiling module xil_defaultlib.glbl
Built simulation snapshot tb_mul_poly_matrix_behav
INFO: [USF-XSim-69] 'elaborate' step finished in '4' seconds
Time resolution is 1 ps
               a: 781 883 1cb 60e 156 176 2b9 943 c6b 4ba a9c 917 a8a 9e5 95e 124
               b: 268 936 14e 83b 34e 5ed 0cf a2f ba2 6bf 728 88b b45 6db 526 7ad
             res: c66 2a7 a96 9b7 c79 94f 9fd 256 c74 3bb a6d 077 59d 52e 233 360
expect r12..r15 = {b65, 967, c71, 6a7}
got    r12..r15 = {59d, 52e, 233, 360}
FAIL
$finish called at time : 232500 ps : File "C:/Hung/Viettel/Stage2/ML-KEM/mul_poly/tb_mul_poly_matrix.v" Line 148
relaunch_sim: Time (s): cpu = 00:00:01 ; elapsed = 00:00:10 . Memory (MB): peak = 1277.258 ; gain = 0.000
relaunch_sim
Command: launch_simulation -step compile -simset sim_1 -mode behavioral
INFO: [Vivado 12-12493] Simulation top is 'tb_mul_poly_matrix'
WARNING: [Vivado 12-13340] Unable to auto find GCC executables from simulator install path! (path not set)
WARNING: [Vivado 12-13277] Compiled library path does not exist: ''
INFO: [Vivado 12-5682] Launching behavioral simulation in 'C:/Hung/Viettel/Stage2/ML-KEM/mul_poly/mul_matrix/mul_matrix.sim/sim_1/behav/xsim'
INFO: [SIM-utils-51] Simulation object is 'sim_1'
INFO: [USF-XSim-2] XSim::Compile design
INFO: [USF-XSim-61] Executing 'COMPILE and ANALYZE' step in 'C:/Hung/Viettel/Stage2/ML-KEM/mul_poly/mul_matrix/mul_matrix.sim/sim_1/behav/xsim'
"xvlog --incr --relax -prj tb_mul_poly_matrix_vlog.prj"
INFO: [VRFC 10-2263] Analyzing Verilog file "C:/Hung/Viettel/Stage2/ML-KEM/mul_poly/BoothDecode.v" into library xil_defaultlib
INFO: [VRFC 10-311] analyzing module BoothDecode
INFO: [VRFC 10-2263] Analyzing Verilog file "C:/Hung/Viettel/Stage2/ML-KEM/mul_poly/Rom_mul.v" into library xil_defaultlib
INFO: [VRFC 10-311] analyzing module Rom_mul
INFO: [VRFC 10-2263] Analyzing Verilog file "C:/Hung/Viettel/Stage2/ML-KEM/mul_poly/add_cell.v" into library xil_defaultlib
INFO: [VRFC 10-311] analyzing module add_cell
INFO: [VRFC 10-2263] Analyzing Verilog file "C:/Hung/Viettel/Stage2/ML-KEM/NTT/barret.v" into library xil_defaultlib
INFO: [VRFC 10-311] analyzing module barret
INFO: [VRFC 10-2263] Analyzing Verilog file "C:/Hung/Viettel/Stage2/ML-KEM/mul_poly/csa.v" into library xil_defaultlib
INFO: [VRFC 10-311] analyzing module csa
INFO: [VRFC 10-311] analyzing module fulladder
INFO: [VRFC 10-2263] Analyzing Verilog file "C:/Hung/Viettel/Stage2/ML-KEM/mul_poly/mul_12bit.v" into library xil_defaultlib
INFO: [VRFC 10-311] analyzing module mul_12bit
INFO: [VRFC 10-2263] Analyzing Verilog file "C:/Hung/Viettel/Stage2/ML-KEM/mul_poly/mul_cell.v" into library xil_defaultlib
INFO: [VRFC 10-311] analyzing module mul_cel
INFO: [VRFC 10-2263] Analyzing Verilog file "C:/Hung/Viettel/Stage2/ML-KEM/mul_poly/mul_poly.v" into library xil_defaultlib
INFO: [VRFC 10-311] analyzing module mul_poly
INFO: [VRFC 10-2263] Analyzing Verilog file "C:/Hung/Viettel/Stage2/ML-KEM/mul_poly/mul_poly_matrix.v" into library xil_defaultlib
INFO: [VRFC 10-311] analyzing module mul_poly_matrix
INFO: [VRFC 10-2263] Analyzing Verilog file "C:/Hung/Viettel/Stage2/ML-KEM/mul_poly/tb_mul_poly_matrix.v" into library xil_defaultlib
INFO: [VRFC 10-311] analyzing module tb_mul_poly_matrix
INFO: [USF-XSim-69] 'compile' step finished in '1' seconds
Command: launch_simulation -step elaborate -simset sim_1 -mode behavioral
INFO: [Vivado 12-12493] Simulation top is 'tb_mul_poly_matrix'
WARNING: [Vivado 12-13340] Unable to auto find GCC executables from simulator install path! (path not set)
WARNING: [Vivado 12-13277] Compiled library path does not exist: ''
INFO: [Vivado 12-5682] Launching behavioral simulation in 'C:/Hung/Viettel/Stage2/ML-KEM/mul_poly/mul_matrix/mul_matrix.sim/sim_1/behav/xsim'
INFO: [SIM-utils-51] Simulation object is 'sim_1'
INFO: [USF-XSim-3] XSim::Elaborate design
INFO: [USF-XSim-61] Executing 'ELABORATE' step in 'C:/Hung/Viettel/Stage2/ML-KEM/mul_poly/mul_matrix/mul_matrix.sim/sim_1/behav/xsim'
"xelab --incr --debug typical --relax --mt 2 -L xil_defaultlib -L unisims_ver -L unimacro_ver -L secureip --snapshot tb_mul_poly_matrix_behav xil_defaultlib.tb_mul_poly_matrix xil_defaultlib.glbl -log elaborate.log"
Vivado Simulator v2022.2.2
Copyright 1986-1999, 2001-2022 Xilinx, Inc. All Rights Reserved.
Running: C:/Xilinx/Vivado/2022.2/bin/unwrapped/win64.o/xelab.exe --incr --debug typical --relax --mt 2 -L xil_defaultlib -L unisims_ver -L unimacro_ver -L secureip --snapshot tb_mul_poly_matrix_behav xil_defaultlib.tb_mul_poly_matrix xil_defaultlib.glbl -log elaborate.log 
Using 2 slave threads.
Starting static elaboration
Pass Through NonSizing Optimizer
Completed static elaboration
Starting simulation data flow analysis
Completed simulation data flow analysis
Time Resolution for simulation is 1ps
Compiling module xil_defaultlib.add_cell_default
Compiling module xil_defaultlib.barret
Compiling module xil_defaultlib.Rom_mul
Compiling module xil_defaultlib.fulladder
Compiling module xil_defaultlib.csa(WIDTH=26)
Compiling module xil_defaultlib.BoothDecode
Compiling module xil_defaultlib.mul_12bit
Compiling module xil_defaultlib.mul_poly
Compiling module xil_defaultlib.mul_poly_matrix
Compiling module xil_defaultlib.mul_cel_default
Compiling module xil_defaultlib.tb_mul_poly_matrix
Compiling module xil_defaultlib.glbl
Built simulation snapshot tb_mul_poly_matrix_behav
INFO: [USF-XSim-69] 'elaborate' step finished in '3' seconds
Time resolution is 1 ps
               a: 781 883 1cb 60e 156 176 2b9 943 c6b 4ba a9c 917 a8a 9e5 95e 124
               b: 268 936 14e 83b 34e 5ed 0cf a2f ba2 6bf 728 88b b45 6db 526 7ad
             res: 000 000 000 000 000 000 000 000 000 000 000 000 000 000 000 000
expect r12..r15 = {b65, 967, c71, 6a7}
got    r12..r15 = {000, 000, 000, 000}
FAIL
$finish called at time : 222500 ps : File "C:/Hung/Viettel/Stage2/ML-KEM/mul_poly/tb_mul_poly_matrix.v" Line 148
relaunch_sim: Time (s): cpu = 00:00:01 ; elapsed = 00:00:07 . Memory (MB): peak = 1277.258 ; gain = 0.000
relaunch_sim
Command: launch_simulation -step compile -simset sim_1 -mode behavioral
INFO: [Vivado 12-12493] Simulation top is 'tb_mul_poly_matrix'
WARNING: [Vivado 12-13340] Unable to auto find GCC executables from simulator install path! (path not set)
WARNING: [Vivado 12-13277] Compiled library path does not exist: ''
INFO: [Vivado 12-5682] Launching behavioral simulation in 'C:/Hung/Viettel/Stage2/ML-KEM/mul_poly/mul_matrix/mul_matrix.sim/sim_1/behav/xsim'
INFO: [SIM-utils-51] Simulation object is 'sim_1'
INFO: [USF-XSim-2] XSim::Compile design
INFO: [USF-XSim-61] Executing 'COMPILE and ANALYZE' step in 'C:/Hung/Viettel/Stage2/ML-KEM/mul_poly/mul_matrix/mul_matrix.sim/sim_1/behav/xsim'
"xvlog --incr --relax -prj tb_mul_poly_matrix_vlog.prj"
INFO: [VRFC 10-2263] Analyzing Verilog file "C:/Hung/Viettel/Stage2/ML-KEM/mul_poly/BoothDecode.v" into library xil_defaultlib
INFO: [VRFC 10-311] analyzing module BoothDecode
INFO: [VRFC 10-2263] Analyzing Verilog file "C:/Hung/Viettel/Stage2/ML-KEM/mul_poly/Rom_mul.v" into library xil_defaultlib
INFO: [VRFC 10-311] analyzing module Rom_mul
INFO: [VRFC 10-2263] Analyzing Verilog file "C:/Hung/Viettel/Stage2/ML-KEM/mul_poly/add_cell.v" into library xil_defaultlib
INFO: [VRFC 10-311] analyzing module add_cell
INFO: [VRFC 10-2263] Analyzing Verilog file "C:/Hung/Viettel/Stage2/ML-KEM/NTT/barret.v" into library xil_defaultlib
INFO: [VRFC 10-311] analyzing module barret
INFO: [VRFC 10-2263] Analyzing Verilog file "C:/Hung/Viettel/Stage2/ML-KEM/mul_poly/csa.v" into library xil_defaultlib
INFO: [VRFC 10-311] analyzing module csa
INFO: [VRFC 10-311] analyzing module fulladder
INFO: [VRFC 10-2263] Analyzing Verilog file "C:/Hung/Viettel/Stage2/ML-KEM/mul_poly/mul_12bit.v" into library xil_defaultlib
INFO: [VRFC 10-311] analyzing module mul_12bit
INFO: [VRFC 10-2263] Analyzing Verilog file "C:/Hung/Viettel/Stage2/ML-KEM/mul_poly/mul_cell.v" into library xil_defaultlib
INFO: [VRFC 10-311] analyzing module mul_cel
INFO: [VRFC 10-2263] Analyzing Verilog file "C:/Hung/Viettel/Stage2/ML-KEM/mul_poly/mul_poly.v" into library xil_defaultlib
INFO: [VRFC 10-311] analyzing module mul_poly
INFO: [VRFC 10-2263] Analyzing Verilog file "C:/Hung/Viettel/Stage2/ML-KEM/mul_poly/mul_poly_matrix.v" into library xil_defaultlib
INFO: [VRFC 10-311] analyzing module mul_poly_matrix
INFO: [VRFC 10-2263] Analyzing Verilog file "C:/Hung/Viettel/Stage2/ML-KEM/mul_poly/tb_mul_poly_matrix.v" into library xil_defaultlib
INFO: [VRFC 10-311] analyzing module tb_mul_poly_matrix
INFO: [USF-XSim-69] 'compile' step finished in '1' seconds
Command: launch_simulation -step elaborate -simset sim_1 -mode behavioral
INFO: [Vivado 12-12493] Simulation top is 'tb_mul_poly_matrix'
WARNING: [Vivado 12-13340] Unable to auto find GCC executables from simulator install path! (path not set)
WARNING: [Vivado 12-13277] Compiled library path does not exist: ''
INFO: [Vivado 12-5682] Launching behavioral simulation in 'C:/Hung/Viettel/Stage2/ML-KEM/mul_poly/mul_matrix/mul_matrix.sim/sim_1/behav/xsim'
INFO: [SIM-utils-51] Simulation object is 'sim_1'
INFO: [USF-XSim-3] XSim::Elaborate design
INFO: [USF-XSim-61] Executing 'ELABORATE' step in 'C:/Hung/Viettel/Stage2/ML-KEM/mul_poly/mul_matrix/mul_matrix.sim/sim_1/behav/xsim'
"xelab --incr --debug typical --relax --mt 2 -L xil_defaultlib -L unisims_ver -L unimacro_ver -L secureip --snapshot tb_mul_poly_matrix_behav xil_defaultlib.tb_mul_poly_matrix xil_defaultlib.glbl -log elaborate.log"
Vivado Simulator v2022.2.2
Copyright 1986-1999, 2001-2022 Xilinx, Inc. All Rights Reserved.
Running: C:/Xilinx/Vivado/2022.2/bin/unwrapped/win64.o/xelab.exe --incr --debug typical --relax --mt 2 -L xil_defaultlib -L unisims_ver -L unimacro_ver -L secureip --snapshot tb_mul_poly_matrix_behav xil_defaultlib.tb_mul_poly_matrix xil_defaultlib.glbl -log elaborate.log 
Using 2 slave threads.
Starting static elaboration
Pass Through NonSizing Optimizer
Completed static elaboration
Starting simulation data flow analysis
Completed simulation data flow analysis
Time Resolution for simulation is 1ps
Compiling module xil_defaultlib.add_cell_default
Compiling module xil_defaultlib.barret
Compiling module xil_defaultlib.Rom_mul
Compiling module xil_defaultlib.fulladder
Compiling module xil_defaultlib.csa(WIDTH=26)
Compiling module xil_defaultlib.BoothDecode
Compiling module xil_defaultlib.mul_12bit
Compiling module xil_defaultlib.mul_poly
Compiling module xil_defaultlib.mul_poly_matrix
Compiling module xil_defaultlib.mul_cel_default
Compiling module xil_defaultlib.tb_mul_poly_matrix
Compiling module xil_defaultlib.glbl
Built simulation snapshot tb_mul_poly_matrix_behav
INFO: [USF-XSim-69] 'elaborate' step finished in '3' seconds
Time resolution is 1 ps
               a: 781 883 1cb 60e 156 176 2b9 943 c6b 4ba a9c 917 a8a 9e5 95e 124
               b: 268 936 14e 83b 34e 5ed 0cf a2f ba2 6bf 728 88b b45 6db 526 7ad
             res: c66 2cb a96 c08 c79 7bb 9fd a5d c74 499 a6d cb0 59d 5aa 233 475
expect r12..r15 = {b65, 967, c71, 6a7}
got    r12..r15 = {59d, 5aa, 233, 475}
FAIL
$finish called at time : 232500 ps : File "C:/Hung/Viettel/Stage2/ML-KEM/mul_poly/tb_mul_poly_matrix.v" Line 148
relaunch_sim: Time (s): cpu = 00:00:02 ; elapsed = 00:00:07 . Memory (MB): peak = 1277.359 ; gain = 0.102
save_wave_config {C:/Hung/Viettel/Stage2/ML-KEM/mul_poly/mul_matrix/tb_mul_poly_matrix_behav.wcfg}
close_sim
INFO: [Simtcl 6-16] Simulation closed
exit
INFO: [Common 17-206] Exiting Vivado at Wed Sep 10 20:39:09 2025...
