#-----------------------------------------------------------
# Vivado v2022.2.2 (64-bit)
# SW Build 3788238 on Tue Feb 21 20:00:34 MST 2023
# IP Build 3783773 on Tue Feb 21 23:41:56 MST 2023
# Start of session at: Mon Aug 18 09:53:01 2025
# Process ID: 12648
# Current directory: C:/Hung/Viettel/Stage2/ML-KEM/ml_kem
# Command line: vivado.exe -gui_launcher_event rodinguilauncherevent23440 C:\Hung\Viettel\Stage2\ML-KEM\ml_kem\ml_kem.xpr
# Log file: C:/Hung/Viettel/Stage2/ML-KEM/ml_kem/vivado.log
# Journal file: C:/Hung/Viettel/Stage2/ML-KEM/ml_kem\vivado.jou
# Running On: DESKTOP-DA5EM0P, OS: Windows, CPU Frequency: 2304 MHz, CPU Physical cores: 8, Host memory: 16948 MB
#-----------------------------------------------------------
start_gui
open_project C:/Hung/Viettel/Stage2/ML-KEM/ml_kem/ml_kem.xpr
update_compile_order -fileset sources_1
launch_simulation
open_wave_config C:/Hung/Viettel/Stage2/ML-KEM/ml_kem/tb_top_func_impl.wcfg
source tb_top.tcl
close_sim
launch_simulation
open_wave_config C:/Hung/Viettel/Stage2/ML-KEM/ml_kem/tb_top_func_impl.wcfg
source tb_top.tcl
close_sim
launch_simulation
open_wave_config C:/Hung/Viettel/Stage2/ML-KEM/ml_kem/tb_top_func_impl.wcfg
source tb_top.tcl
close_sim
launch_simulation
open_wave_config C:/Hung/Viettel/Stage2/ML-KEM/ml_kem/tb_top_func_impl.wcfg
source tb_top.tcl
reset_run synth_1
launch_runs synth_1
wait_on_run synth_1
close_sim
launch_simulation
reset_run synth_1
launch_simulation
open_wave_config C:/Hung/Viettel/Stage2/ML-KEM/ml_kem/tb_top_func_impl.wcfg
source tb_top.tcl
launch_runs synth_1 -jobs 16
wait_on_run synth_1
close_sim
launch_simulation
open_wave_config C:/Hung/Viettel/Stage2/ML-KEM/ml_kem/tb_top_func_impl.wcfg
source tb_top.tcl
current_wave_config {tb_top_func_impl.wcfg}
add_wave {{/tb_top/dut/regx[17]}} 
current_wave_config {tb_top_func_impl.wcfg}
add_wave {{/tb_top/dut/regy[17]}} 
save_wave_config {C:/Hung/Viettel/Stage2/ML-KEM/ml_kem/tb_top_func_impl.wcfg}
relaunch_sim
current_wave_config {tb_top_func_impl.wcfg}
add_wave {{/tb_top/dut/A_Out_mux}} {{/tb_top/dut/B_Out_mux}} 
relaunch_sim
current_wave_config {tb_top_func_impl.wcfg}
add_wave {{/tb_top/valid_output}} 
relaunch_sim
save_wave_config {C:/Hung/Viettel/Stage2/ML-KEM/ml_kem/tb_top_func_impl.wcfg}
current_wave_config {tb_top_func_impl.wcfg}
add_wave {{/tb_top/dut/valid_addr}} 
relaunch_sim
save_wave_config {C:/Hung/Viettel/Stage2/ML-KEM/ml_kem/tb_top_func_impl.wcfg}
current_wave_config {tb_top_func_impl.wcfg}
add_wave {{/tb_top/dut/raddr_a}} {{/tb_top/dut/raddr_b}} 
save_wave_config {C:/Hung/Viettel/Stage2/ML-KEM/ml_kem/tb_top_func_impl.wcfg}
relaunch_sim
relaunch_sim
relaunch_sim
current_wave_config {tb_top_func_impl.wcfg}
add_wave {{/tb_top/dut/start_normalize}} {{/tb_top/dut/oe_normalize}} 
save_wave_config {C:/Hung/Viettel/Stage2/ML-KEM/ml_kem/tb_top_func_impl.wcfg}
relaunch_sim
current_wave_config {tb_top_func_impl.wcfg}
add_wave {{/tb_top/dut/normalize_inst/A}} {{/tb_top/dut/normalize_inst/B}} {{/tb_top/dut/normalize_inst/oA}} {{/tb_top/dut/normalize_inst/oB}} 
save_wave_config {C:/Hung/Viettel/Stage2/ML-KEM/ml_kem/tb_top_func_impl.wcfg}
relaunch_sim
save_wave_config {C:/Hung/Viettel/Stage2/ML-KEM/ml_kem/tb_top_func_impl.wcfg}
current_wave_config {tb_top_func_impl.wcfg}
add_wave {{/tb_top/dut/normalize_inst/tmp1}} {{/tb_top/dut/normalize_inst/tmp2}} 
relaunch_sim
save_wave_config {C:/Hung/Viettel/Stage2/ML-KEM/ml_kem/tb_top_func_impl.wcfg}
current_wave_config {tb_top_func_impl.wcfg}
add_wave {{/tb_top/dut/normalize_inst/barret_inst1/C}} {{/tb_top/dut/normalize_inst/barret_inst1/R}} 
relaunch_sim
relaunch_sim
save_wave_config {C:/Hung/Viettel/Stage2/ML-KEM/ml_kem/tb_top_func_impl.wcfg}
current_wave_config {tb_top_func_impl.wcfg}
add_wave {{/tb_top/dut/count_addr}} 
save_wave_config {C:/Hung/Viettel/Stage2/ML-KEM/ml_kem/tb_top_func_impl.wcfg}
relaunch_sim
relaunch_sim
relaunch_sim
current_wave_config {tb_top_func_impl.wcfg}
add_wave {{/tb_top/dut/normalize_inst/A}} {{/tb_top/dut/normalize_inst/B}} {{/tb_top/dut/normalize_inst/oA}} {{/tb_top/dut/normalize_inst/oB}} 
relaunch_sim
save_wave_config {C:/Hung/Viettel/Stage2/ML-KEM/ml_kem/tb_top_func_impl.wcfg}
current_wave_config {tb_top_func_impl.wcfg}
add_wave {{/tb_top/dut/out_j_ntt}} {{/tb_top/dut/out_j_intt}} {{/tb_top/dut/out_jl_ntt}} {{/tb_top/dut/out_jl_intt}} 
relaunch_sim
save_wave_config {C:/Hung/Viettel/Stage2/ML-KEM/ml_kem/tb_top_func_impl.wcfg}
save_wave_config {C:/Hung/Viettel/Stage2/ML-KEM/ml_kem/tb_top_func_impl.wcfg}
save_wave_config {C:/Hung/Viettel/Stage2/ML-KEM/ml_kem/tb_top_func_impl.wcfg}
current_wave_config {tb_top_func_impl.wcfg}
add_wave {{/tb_top/dut/bu_intt0/A_In}} {{/tb_top/dut/bu_intt0/B_In}} {{/tb_top/dut/bu_intt0/W_In}} {{/tb_top/dut/bu_intt0/A_Out}} {{/tb_top/dut/bu_intt0/B_Out}} 
save_wave_config {C:/Hung/Viettel/Stage2/ML-KEM/ml_kem/tb_top_func_impl.wcfg}
relaunch_sim
save_wave_config {C:/Hung/Viettel/Stage2/ML-KEM/ml_kem/tb_top_func_impl.wcfg}
current_wave_config {tb_top_func_impl.wcfg}
add_wave {{/tb_top/dut/bu_intt0/barrett_out1}} {{/tb_top/dut/bu_intt0/barrett_out2}} {{/tb_top/dut/bu_intt0/barrett_out3}} 
relaunch_sim
save_wave_config {C:/Hung/Viettel/Stage2/ML-KEM/ml_kem/tb_top_func_impl.wcfg}
current_wave_config {tb_top_func_impl.wcfg}
add_wave {{/tb_top/dut/bu_intt0/regx}} 
relaunch_sim
save_wave_config {C:/Hung/Viettel/Stage2/ML-KEM/ml_kem/tb_top_func_impl.wcfg}
relaunch_sim
current_wave_config {tb_top_func_impl.wcfg}
add_wave {{/tb_top/dut/bu_intt0/barrett_out3}} 
current_wave_config {tb_top_func_impl.wcfg}
add_wave {{/tb_top/dut/bu_intt0/regx[19]}} {{/tb_top/dut/bu_intt0/regx[20]}} 
relaunch_sim
save_wave_config {C:/Hung/Viettel/Stage2/ML-KEM/ml_kem/tb_top_func_impl.wcfg}
current_wave_config {tb_top_func_impl.wcfg}
add_wave {{/tb_top/dut/bu_intt0/barret_inst3/C}} {{/tb_top/dut/bu_intt0/barret_inst3/R}} 
relaunch_sim
save_wave_config {C:/Hung/Viettel/Stage2/ML-KEM/ml_kem/tb_top_func_impl.wcfg}
current_wave_config {tb_top_func_impl.wcfg}
add_wave {{/tb_top/dut/bu_intt0/barrett_out3}} 
current_wave_config {tb_top_func_impl.wcfg}
add_wave {{/tb_top/dut/bu_intt0/subb_tmp}} 
current_wave_config {tb_top_func_impl.wcfg}
add_wave {{/tb_top/dut/bu_intt0/subb_ex}} 
relaunch_sim
save_wave_config {C:/Hung/Viettel/Stage2/ML-KEM/ml_kem/tb_top_func_impl.wcfg}
current_wave_config {tb_top_func_impl.wcfg}
add_wave {{/tb_top/dut/bu_intt0/regx}} 
save_wave_config {C:/Hung/Viettel/Stage2/ML-KEM/ml_kem/tb_top_func_impl.wcfg}
relaunch_sim
current_wave_config {tb_top_func_impl.wcfg}
add_wave {{/tb_top/dut/bu_intt0/barrett_out2}} 
relaunch_sim
save_wave_config {C:/Hung/Viettel/Stage2/ML-KEM/ml_kem/tb_top_func_impl.wcfg}
current_wave_config {tb_top_func_impl.wcfg}
add_wave {{/tb_top/dut/bu_intt0/mul_inst/A}} {{/tb_top/dut/bu_intt0/mul_inst/B}} {{/tb_top/dut/bu_intt0/mul_inst/R}} 
save_wave_config {C:/Hung/Viettel/Stage2/ML-KEM/ml_kem/tb_top_func_impl.wcfg}
relaunch_sim
relaunch_sim
save_wave_config {C:/Hung/Viettel/Stage2/ML-KEM/ml_kem/tb_top_func_impl.wcfg}
relaunch_sim
current_wave_config {tb_top_func_impl.wcfg}
add_wave {{/tb_top/dut/bu_intt0/regx[19]}} 
relaunch_sim
save_wave_config {C:/Hung/Viettel/Stage2/ML-KEM/ml_kem/tb_top_func_impl.wcfg}
relaunch_sim
save_wave_config {C:/Hung/Viettel/Stage2/ML-KEM/ml_kem/tb_top_func_impl.wcfg}
current_wave_config {tb_top_func_impl.wcfg}
add_wave {{/tb_top/dut/bu_intt0/regx[20]}} 
save_wave_config {C:/Hung/Viettel/Stage2/ML-KEM/ml_kem/tb_top_func_impl.wcfg}
save_wave_config {C:/Hung/Viettel/Stage2/ML-KEM/ml_kem/tb_top_func_impl.wcfg}
relaunch_sim
relaunch_sim
relaunch_sim
current_wave_config {tb_top_func_impl.wcfg}
add_wave {{/tb_top/dut/bu_intt0/subb_tmp}} 
current_wave_config {tb_top_func_impl.wcfg}
add_wave {{/tb_top/dut/bu_intt0/mul_out}} 
current_wave_config {tb_top_func_impl.wcfg}
add_wave {{/tb_top/dut/bu_intt0/barrett_out1}} {{/tb_top/dut/bu_intt0/barrett_out2}} {{/tb_top/dut/bu_intt0/barrett_out3}} 
relaunch_sim
save_wave_config {C:/Hung/Viettel/Stage2/ML-KEM/ml_kem/tb_top_func_impl.wcfg}
current_wave_config {tb_top_func_impl.wcfg}
add_wave {{/tb_top/dut/bu_intt0/regx[19]}} 
relaunch_sim
save_wave_config {C:/Hung/Viettel/Stage2/ML-KEM/ml_kem/tb_top_func_impl.wcfg}
current_wave_config {tb_top_func_impl.wcfg}
add_wave {{/tb_top/dut/bu_intt0/mul_inst/A}} {{/tb_top/dut/bu_intt0/mul_inst/B}} {{/tb_top/dut/bu_intt0/mul_inst/R}} 
relaunch_sim
save_wave_config {C:/Hung/Viettel/Stage2/ML-KEM/ml_kem/tb_top_func_impl.wcfg}
relaunch_sim
save_wave_config {C:/Hung/Viettel/Stage2/ML-KEM/ml_kem/tb_top_func_impl.wcfg}
relaunch_sim
current_wave_config {tb_top_func_impl.wcfg}
add_wave {{/tb_top/dut/counter}} 
relaunch_sim
