#-----------------------------------------------------------
# Vivado v2022.2.2 (64-bit)
# SW Build 3788238 on Tue Feb 21 20:00:34 MST 2023
# IP Build 3783773 on Tue Feb 21 23:41:56 MST 2023
# Start of session at: Tue Aug 12 08:39:06 2025
# Process ID: 15032
# Current directory: C:/Hung/Viettel/Stage2/ML-KEM/ml_kem
# Command line: vivado.exe -gui_launcher_event rodinguilauncherevent2240 C:\Hung\Viettel\Stage2\ML-KEM\ml_kem\ml_kem.xpr
# Log file: C:/Hung/Viettel/Stage2/ML-KEM/ml_kem/vivado.log
# Journal file: C:/Hung/Viettel/Stage2/ML-KEM/ml_kem\vivado.jou
# Running On: DESKTOP-DA5EM0P, OS: Windows, CPU Frequency: 2304 MHz, CPU Physical cores: 8, Host memory: 16948 MB
#-----------------------------------------------------------
start_gui
open_project C:/Hung/Viettel/Stage2/ML-KEM/ml_kem/ml_kem.xpr
update_compile_order -fileset sources_1
add_files -norecurse C:/Hung/Viettel/Stage2/ML-KEM/mul_poly/mul_poly_matrix.v
update_compile_order -fileset sources_1
set_property SOURCE_SET sources_1 [get_filesets sim_1]
add_files -fileset sim_1 -norecurse C:/Hung/Viettel/Stage2/ML-KEM/mul_poly/tb_mul_poly_matrix.v
update_compile_order -fileset sim_1
# Disabling source management mode.  This is to allow the top design properties to be set without GUI intervention.
set_property source_mgmt_mode None [current_project]
set_property top tb_mul_poly_matrix [get_filesets sim_1]
set_property top_lib xil_defaultlib [get_filesets sim_1]
# Re-enabling previously disabled source management mode.
set_property source_mgmt_mode All [current_project]
update_compile_order -fileset sim_1
launch_simulation
launch_simulation
launch_simulation
launch_simulation
open_wave_config C:/Hung/Viettel/Stage2/ML-KEM/ml_kem/tb_mul_poly_behav.wcfg
source tb_mul_poly_matrix.tcl
current_wave_config {tb_mul_poly_behav.wcfg}
add_wave {{/tb_mul_poly_matrix/clk}} {{/tb_mul_poly_matrix/rst_n}} {{/tb_mul_poly_matrix/a0}} {{/tb_mul_poly_matrix/a1}} {{/tb_mul_poly_matrix/a2}} {{/tb_mul_poly_matrix/a3}} {{/tb_mul_poly_matrix/b0}} {{/tb_mul_poly_matrix/b1}} {{/tb_mul_poly_matrix/b2}} {{/tb_mul_poly_matrix/b3}} {{/tb_mul_poly_matrix/valid_data}} {{/tb_mul_poly_matrix/res0}} {{/tb_mul_poly_matrix/res1}} {{/tb_mul_poly_matrix/res2}} {{/tb_mul_poly_matrix/res3}} 
relaunch_sim
current_wave_config {tb_mul_poly_behav.wcfg}
add_wave {{/tb_mul_poly_matrix/uut/zetas}} 
relaunch_sim
relaunch_sim
current_wave_config {tb_mul_poly_behav.wcfg}
add_wave {{/tb_mul_poly_matrix/uut/mul_poly_inst0/a0}} {{/tb_mul_poly_matrix/uut/mul_poly_inst0/a1}} {{/tb_mul_poly_matrix/uut/mul_poly_inst0/b0}} {{/tb_mul_poly_matrix/uut/mul_poly_inst0/b1}} {{/tb_mul_poly_matrix/uut/mul_poly_inst0/zetas}} {{/tb_mul_poly_matrix/uut/mul_poly_inst0/res0}} {{/tb_mul_poly_matrix/uut/mul_poly_inst0/res1}} 
relaunch_sim
relaunch_sim
relaunch_sim
current_wave_config {tb_mul_poly_behav.wcfg}
add_wave {{/tb_mul_poly_matrix/uut/mul_poly_inst0/barret_inst0/C}} {{/tb_mul_poly_matrix/uut/mul_poly_inst0/barret_inst0/R}} 
relaunch_sim
current_wave_config {tb_mul_poly_behav.wcfg}
add_wave {{/tb_mul_poly_matrix/uut/mul_poly_inst0/mul_inst1/A}} {{/tb_mul_poly_matrix/uut/mul_poly_inst0/mul_inst1/B}} {{/tb_mul_poly_matrix/uut/mul_poly_inst0/mul_inst1/R}} 
relaunch_sim
save_wave_config {C:/Hung/Viettel/Stage2/ML-KEM/ml_kem/tb_mul_poly_behav.wcfg}
current_wave_config {tb_mul_poly_behav.wcfg}
add_wave {{/tb_mul_poly_matrix/uut/mul_poly_inst0/mul_inst1/booth0/R}} {{/tb_mul_poly_matrix/uut/mul_poly_inst0/mul_inst1/booth0/A}} {{/tb_mul_poly_matrix/uut/mul_poly_inst0/mul_inst1/booth0/sel}} {{/tb_mul_poly_matrix/uut/mul_poly_inst0/mul_inst1/booth0/res}} {{/tb_mul_poly_matrix/uut/mul_poly_inst0/mul_inst1/booth0/pp}} 
relaunch_sim
current_wave_config {tb_mul_poly_behav.wcfg}
add_wave {{/tb_mul_poly_matrix/uut/mul_poly_inst0/mul_inst1/clk}} {{/tb_mul_poly_matrix/uut/mul_poly_inst0/mul_inst1/rst_n}} {{/tb_mul_poly_matrix/uut/mul_poly_inst0/mul_inst1/A}} {{/tb_mul_poly_matrix/uut/mul_poly_inst0/mul_inst1/B}} {{/tb_mul_poly_matrix/uut/mul_poly_inst0/mul_inst1/R}} {{/tb_mul_poly_matrix/uut/mul_poly_inst0/mul_inst1/y_ext}} {{/tb_mul_poly_matrix/uut/mul_poly_inst0/mul_inst1/result}} {{/tb_mul_poly_matrix/uut/mul_poly_inst0/mul_inst1/regA}} {{/tb_mul_poly_matrix/uut/mul_poly_inst0/mul_inst1/res}} {{/tb_mul_poly_matrix/uut/mul_poly_inst0/mul_inst1/i}} 
relaunch_sim
