#-----------------------------------------------------------
# Vivado v2022.2.2 (64-bit)
# SW Build 3788238 on Tue Feb 21 20:00:34 MST 2023
# IP Build 3783773 on Tue Feb 21 23:41:56 MST 2023
# Start of session at: Tue Aug 12 08:52:05 2025
# Process ID: 26560
# Current directory: C:/Hung/Viettel/Stage2/ML-KEM/ml_kem
# Command line: vivado.exe -gui_launcher_event rodinguilauncherevent26944 C:\Hung\Viettel\Stage2\ML-KEM\ml_kem\ml_kem.xpr
# Log file: C:/Hung/Viettel/Stage2/ML-KEM/ml_kem/vivado.log
# Journal file: C:/Hung/Viettel/Stage2/ML-KEM/ml_kem\vivado.jou
# Running On: DESKTOP-DA5EM0P, OS: Windows, CPU Frequency: 2304 MHz, CPU Physical cores: 8, Host memory: 16948 MB
#-----------------------------------------------------------
start_gui
open_project C:/Hung/Viettel/Stage2/ML-KEM/ml_kem/ml_kem.xpr
WARNING: [Board 49-26] cannot add Board Part xilinx.com:vck190:part0:2.2 available at C:/Xilinx/Vivado/2022.2/data/xhub/boards/XilinxBoardStore/boards/Xilinx/vck190/production/2.2/board.xml as part xcvc1902-vsva2197-2mp-e-s specified in board_part file is either invalid or not available
WARNING: [Board 49-26] cannot add Board Part xilinx.com:vck190:part0:3.0 available at C:/Xilinx/Vivado/2022.2/data/xhub/boards/XilinxBoardStore/boards/Xilinx/vck190/production/3.0/board.xml as part xcvc1902-vsva2197-2mp-e-s specified in board_part file is either invalid or not available
WARNING: [Board 49-26] cannot add Board Part xilinx.com:vck190:part0:3.1 available at C:/Xilinx/Vivado/2022.2/data/xhub/boards/XilinxBoardStore/boards/Xilinx/vck190/production/3.1/board.xml as part xcvc1902-vsva2197-2mp-e-s specified in board_part file is either invalid or not available
WARNING: [Board 49-26] cannot add Board Part xilinx.com:vck190_newl:part0:1.0 available at C:/Xilinx/Vivado/2022.2/data/xhub/boards/XilinxBoardStore/boards/Xilinx/vck190_newl/production/1.0/board.xml as part xcvc1902-vsva2197-2mp-e-s specified in board_part file is either invalid or not available
WARNING: [Board 49-26] cannot add Board Part xilinx.com:vek280_es:part0:1.0 available at C:/Xilinx/Vivado/2022.2/data/xhub/boards/XilinxBoardStore/boards/Xilinx/vek280/es/rev_a/1.0/board.xml as part xcve2802-vsvh1760-2lp-e-s-es1 specified in board_part file is either invalid or not available
WARNING: [Board 49-26] cannot add Board Part xilinx.com:vek280_es_revb:part0:1.0 available at C:/Xilinx/Vivado/2022.2/data/xhub/boards/XilinxBoardStore/boards/Xilinx/vek280/es/rev_b/1.0/board.xml as part xcve2802-vsvh1760-2mp-e-s-es1 specified in board_part file is either invalid or not available
WARNING: [Board 49-26] cannot add Board Part xilinx.com:vhk158_es:part0:1.0 available at C:/Xilinx/Vivado/2022.2/data/xhub/boards/XilinxBoardStore/boards/Xilinx/vhk158/es/1.0/board.xml as part xcvh1582-vsva3697-2mp-e-s-es1 specified in board_part file is either invalid or not available
WARNING: [Board 49-26] cannot add Board Part xilinx.com:vmk180:part0:2.2 available at C:/Xilinx/Vivado/2022.2/data/xhub/boards/XilinxBoardStore/boards/Xilinx/vmk180/production/2.2/board.xml as part xcvm1802-vsva2197-2mp-e-s specified in board_part file is either invalid or not available
WARNING: [Board 49-26] cannot add Board Part xilinx.com:vmk180:part0:3.0 available at C:/Xilinx/Vivado/2022.2/data/xhub/boards/XilinxBoardStore/boards/Xilinx/vmk180/production/3.0/board.xml as part xcvm1802-vsva2197-2mp-e-s specified in board_part file is either invalid or not available
WARNING: [Board 49-26] cannot add Board Part xilinx.com:vmk180:part0:3.1 available at C:/Xilinx/Vivado/2022.2/data/xhub/boards/XilinxBoardStore/boards/Xilinx/vmk180/production/3.1/board.xml as part xcvm1802-vsva2197-2mp-e-s specified in board_part file is either invalid or not available
WARNING: [Board 49-26] cannot add Board Part xilinx.com:vmk180_newl:part0:1.0 available at C:/Xilinx/Vivado/2022.2/data/xhub/boards/XilinxBoardStore/boards/Xilinx/vmk180_newl/production/1.0/board.xml as part xcvm1802-vsva2197-2mp-e-s specified in board_part file is either invalid or not available
WARNING: [Board 49-26] cannot add Board Part xilinx.com:vpk120:part0:1.0 available at C:/Xilinx/Vivado/2022.2/data/xhub/boards/XilinxBoardStore/boards/Xilinx/vpk120/production/1.0/board.xml as part xcvp1202-vsva2785-2mp-e-s specified in board_part file is either invalid or not available
WARNING: [Board 49-26] cannot add Board Part xilinx.com:vpk120_es:part0:1.2 available at C:/Xilinx/Vivado/2022.2/data/xhub/boards/XilinxBoardStore/boards/Xilinx/vpk120/es/1.2/board.xml as part xcvp1202-vsva2785-2mp-e-s-es1 specified in board_part file is either invalid or not available
WARNING: [Board 49-26] cannot add Board Part xilinx.com:vpk120_es_revb:part0:1.0 available at C:/Xilinx/Vivado/2022.2/data/xhub/boards/XilinxBoardStore/boards/Xilinx/vpk120_revb/es/1.0/board.xml as part xcvp1202-vsva2785-2mp-e-s-es1 specified in board_part file is either invalid or not available
WARNING: [Board 49-26] cannot add Board Part xilinx.com:vpk180_es:part0:1.0 available at C:/Xilinx/Vivado/2022.2/data/xhub/boards/XilinxBoardStore/boards/Xilinx/vpk180/es/1.0/board.xml as part xcvp1802-lsvc4072-2mp-e-s-es1 specified in board_part file is either invalid or not available
WARNING: [Board 49-26] cannot add Board Part xilinx.com:zcu208ld:part0:2.0 available at C:/Xilinx/Vivado/2022.2/data/xhub/boards/XilinxBoardStore/boards/Xilinx/zcu208ld/production/2.0/board.xml as part xczu58dr-fsvg1517-2-i specified in board_part file is either invalid or not available
WARNING: [Board 49-26] cannot add Board Part xilinx.com:zcu216ld:part0:2.0 available at C:/Xilinx/Vivado/2022.2/data/xhub/boards/XilinxBoardStore/boards/Xilinx/zcu216ld/production/2.0/board.xml as part xczu59dr-ffvf1760-2-i specified in board_part file is either invalid or not available
WARNING: [Board 49-26] cannot add Board Part xilinx.com:zcu670:part0:2.0 available at C:/Xilinx/Vivado/2022.2/data/xhub/boards/XilinxBoardStore/boards/Xilinx/zcu670/2.0/board.xml as part xczu67dr-fsve1156-2-i specified in board_part file is either invalid or not available
WARNING: [Board 49-26] cannot add Board Part xilinx.com:zcu670ld:part0:1.0 available at C:/Xilinx/Vivado/2022.2/data/xhub/boards/XilinxBoardStore/boards/Xilinx/zcu670ld/1.0/board.xml as part xczu57dr-fsve1156-2-i specified in board_part file is either invalid or not available
INFO: [filemgmt 56-3] Default IP Output Path : Could not find the directory 'C:/Hung/Viettel/Stage2/ML-KEM/ml_kem/ml_kem.gen/sources_1'.
Scanning sources...
Finished scanning sources
INFO: [IP_Flow 19-234] Refreshing IP repositories
INFO: [IP_Flow 19-1704] No user IP repositories specified
INFO: [IP_Flow 19-2313] Loaded Vivado IP repository 'C:/Xilinx/Vivado/2022.2/data/ip'.
open_project: Time (s): cpu = 00:00:19 ; elapsed = 00:00:08 . Memory (MB): peak = 1281.832 ; gain = 305.449
update_compile_order -fileset sources_1
launch_simulation
Command: launch_simulation 
INFO: [Vivado 12-12493] Simulation top is 'tb_mul_poly_matrix'
WARNING: [Vivado 12-13340] Unable to auto find GCC executables from simulator install path! (path not set)
WARNING: [Vivado 12-13277] Compiled library path does not exist: ''
INFO: [Vivado 12-5682] Launching behavioral simulation in 'C:/Hung/Viettel/Stage2/ML-KEM/ml_kem/ml_kem.sim/sim_1/behav/xsim'
INFO: [SIM-utils-51] Simulation object is 'sim_1'
INFO: [SIM-utils-72] Using boost library from 'C:/Xilinx/Vivado/2022.2/tps/boost_1_72_0'
INFO: [SIM-utils-54] Inspecting design source files for 'tb_mul_poly_matrix' in fileset 'sim_1'...
INFO: [USF-XSim-97] Finding global include files...
INFO: [USF-XSim-98] Fetching design files from 'sim_1'...
INFO: [USF-XSim-2] XSim::Compile design
INFO: [USF-XSim-61] Executing 'COMPILE and ANALYZE' step in 'C:/Hung/Viettel/Stage2/ML-KEM/ml_kem/ml_kem.sim/sim_1/behav/xsim'
"xvlog --incr --relax -prj tb_mul_poly_matrix_vlog.prj"
INFO: [USF-XSim-69] 'compile' step finished in '1' seconds
INFO: [USF-XSim-3] XSim::Elaborate design
INFO: [USF-XSim-61] Executing 'ELABORATE' step in 'C:/Hung/Viettel/Stage2/ML-KEM/ml_kem/ml_kem.sim/sim_1/behav/xsim'
"xelab --incr --debug typical --relax --mt 2 -L xil_defaultlib -L unisims_ver -L unimacro_ver -L secureip --snapshot tb_mul_poly_matrix_behav xil_defaultlib.tb_mul_poly_matrix xil_defaultlib.glbl -log elaborate.log"
Vivado Simulator v2022.2.2
Copyright 1986-1999, 2001-2022 Xilinx, Inc. All Rights Reserved.
Running: C:/Xilinx/Vivado/2022.2/bin/unwrapped/win64.o/xelab.exe --incr --debug typical --relax --mt 2 -L xil_defaultlib -L unisims_ver -L unimacro_ver -L secureip --snapshot tb_mul_poly_matrix_behav xil_defaultlib.tb_mul_poly_matrix xil_defaultlib.glbl -log elaborate.log 
Using 2 slave threads.
Starting static elaboration
Pass Through NonSizing Optimizer
WARNING: [VRFC 10-3091] actual bit length 16 differs from formal bit length 32 for port 'q' [C:/Hung/Viettel/Stage2/ML-KEM/mul_poly/mul_poly_matrix.v:48]
WARNING: [VRFC 10-5021] port 'clk' is not connected on this instance [C:/Hung/Viettel/Stage2/ML-KEM/mul_poly/mul_poly_matrix.v:22]
WARNING: [VRFC 10-5021] port 'clk' is not connected on this instance [C:/Hung/Viettel/Stage2/ML-KEM/mul_poly/mul_poly_matrix.v:32]
Completed static elaboration
INFO: [XSIM 43-4323] No Change in HDL. Linking previously generated obj files to create kernel
INFO: [USF-XSim-69] 'elaborate' step finished in '1' seconds
INFO: [USF-XSim-4] XSim::Simulate design
INFO: [USF-XSim-61] Executing 'SIMULATE' step in 'C:/Hung/Viettel/Stage2/ML-KEM/ml_kem/ml_kem.sim/sim_1/behav/xsim'
INFO: [USF-XSim-98] *** Running xsim
   with args "tb_mul_poly_matrix_behav -key {Behavioral:sim_1:Functional:tb_mul_poly_matrix} -tclbatch {tb_mul_poly_matrix.tcl} -view {C:/Hung/Viettel/Stage2/ML-KEM/ml_kem/tb_mul_poly_behav.wcfg} -log {simulate.log}"
INFO: [USF-XSim-8] Loading simulator feature
Time resolution is 1 ps
open_wave_config C:/Hung/Viettel/Stage2/ML-KEM/ml_kem/tb_mul_poly_behav.wcfg
source tb_mul_poly_matrix.tcl
# set curr_wave [current_wave_config]
# if { [string length $curr_wave] == 0 } {
#   if { [llength [get_objects]] > 0} {
#     add_wave /
#     set_property needs_save false [current_wave_config]
#   } else {
#      send_msg_id Add_Wave-1 WARNING "No top level signals found. Simulator will start without a wave window. If you want to open a wave window go to 'File->New Waveform Configuration' or type 'create_wave_config' in the TCL console."
#   }
# }
# run 1000ns
Start Barrett Testbench
Finished
$finish called at time : 530 ns : File "C:/Hung/Viettel/Stage2/ML-KEM/mul_poly/tb_mul_poly_matrix.v" Line 70
INFO: [USF-XSim-96] XSim completed. Design snapshot 'tb_mul_poly_matrix_behav' loaded.
INFO: [USF-XSim-97] XSim simulation ran for 1000ns
launch_simulation: Time (s): cpu = 00:00:06 ; elapsed = 00:00:06 . Memory (MB): peak = 1281.832 ; gain = 0.000
save_wave_config {C:/Hung/Viettel/Stage2/ML-KEM/ml_kem/tb_mul_poly_behav.wcfg}
current_wave_config {tb_mul_poly_behav.wcfg}
C:/Hung/Viettel/Stage2/ML-KEM/ml_kem/tb_mul_poly_behav.wcfg
add_wave {{/tb_mul_poly_matrix/uut/mul_poly_inst0/mul_inst1/clk}} {{/tb_mul_poly_matrix/uut/mul_poly_inst0/mul_inst1/rst_n}} {{/tb_mul_poly_matrix/uut/mul_poly_inst0/mul_inst1/A}} {{/tb_mul_poly_matrix/uut/mul_poly_inst0/mul_inst1/B}} {{/tb_mul_poly_matrix/uut/mul_poly_inst0/mul_inst1/R}} {{/tb_mul_poly_matrix/uut/mul_poly_inst0/mul_inst1/y_ext}} {{/tb_mul_poly_matrix/uut/mul_poly_inst0/mul_inst1/result}} {{/tb_mul_poly_matrix/uut/mul_poly_inst0/mul_inst1/regA}} {{/tb_mul_poly_matrix/uut/mul_poly_inst0/mul_inst1/res}} {{/tb_mul_poly_matrix/uut/mul_poly_inst0/mul_inst1/i}} 
relaunch_sim
Command: launch_simulation -step compile -simset sim_1 -mode behavioral
INFO: [Vivado 12-12493] Simulation top is 'tb_mul_poly_matrix'
WARNING: [Vivado 12-13340] Unable to auto find GCC executables from simulator install path! (path not set)
WARNING: [Vivado 12-13277] Compiled library path does not exist: ''
INFO: [Vivado 12-5682] Launching behavioral simulation in 'C:/Hung/Viettel/Stage2/ML-KEM/ml_kem/ml_kem.sim/sim_1/behav/xsim'
INFO: [SIM-utils-51] Simulation object is 'sim_1'
INFO: [SIM-utils-72] Using boost library from 'C:/Xilinx/Vivado/2022.2/tps/boost_1_72_0'
INFO: [SIM-utils-54] Inspecting design source files for 'tb_mul_poly_matrix' in fileset 'sim_1'...
INFO: [USF-XSim-97] Finding global include files...
INFO: [USF-XSim-98] Fetching design files from 'sim_1'...
INFO: [USF-XSim-2] XSim::Compile design
INFO: [USF-XSim-61] Executing 'COMPILE and ANALYZE' step in 'C:/Hung/Viettel/Stage2/ML-KEM/ml_kem/ml_kem.sim/sim_1/behav/xsim'
"xvlog --incr --relax -prj tb_mul_poly_matrix_vlog.prj"
INFO: [USF-XSim-69] 'compile' step finished in '1' seconds
Command: launch_simulation -step elaborate -simset sim_1 -mode behavioral
INFO: [Vivado 12-12493] Simulation top is 'tb_mul_poly_matrix'
WARNING: [Vivado 12-13340] Unable to auto find GCC executables from simulator install path! (path not set)
WARNING: [Vivado 12-13277] Compiled library path does not exist: ''
INFO: [Vivado 12-5682] Launching behavioral simulation in 'C:/Hung/Viettel/Stage2/ML-KEM/ml_kem/ml_kem.sim/sim_1/behav/xsim'
INFO: [SIM-utils-51] Simulation object is 'sim_1'
INFO: [USF-XSim-3] XSim::Elaborate design
INFO: [USF-XSim-61] Executing 'ELABORATE' step in 'C:/Hung/Viettel/Stage2/ML-KEM/ml_kem/ml_kem.sim/sim_1/behav/xsim'
"xelab --incr --debug typical --relax --mt 2 -L xil_defaultlib -L unisims_ver -L unimacro_ver -L secureip --snapshot tb_mul_poly_matrix_behav xil_defaultlib.tb_mul_poly_matrix xil_defaultlib.glbl -log elaborate.log"
Vivado Simulator v2022.2.2
Copyright 1986-1999, 2001-2022 Xilinx, Inc. All Rights Reserved.
Running: C:/Xilinx/Vivado/2022.2/bin/unwrapped/win64.o/xelab.exe --incr --debug typical --relax --mt 2 -L xil_defaultlib -L unisims_ver -L unimacro_ver -L secureip --snapshot tb_mul_poly_matrix_behav xil_defaultlib.tb_mul_poly_matrix xil_defaultlib.glbl -log elaborate.log 
Using 2 slave threads.
Starting static elaboration
Pass Through NonSizing Optimizer
WARNING: [VRFC 10-3091] actual bit length 16 differs from formal bit length 32 for port 'q' [C:/Hung/Viettel/Stage2/ML-KEM/mul_poly/mul_poly_matrix.v:48]
WARNING: [VRFC 10-5021] port 'clk' is not connected on this instance [C:/Hung/Viettel/Stage2/ML-KEM/mul_poly/mul_poly_matrix.v:22]
WARNING: [VRFC 10-5021] port 'clk' is not connected on this instance [C:/Hung/Viettel/Stage2/ML-KEM/mul_poly/mul_poly_matrix.v:32]
Completed static elaboration
INFO: [XSIM 43-4323] No Change in HDL. Linking previously generated obj files to create kernel
INFO: [USF-XSim-69] 'elaborate' step finished in '2' seconds
Time resolution is 1 ps
Start Barrett Testbench
Finished
$finish called at time : 530 ns : File "C:/Hung/Viettel/Stage2/ML-KEM/mul_poly/tb_mul_poly_matrix.v" Line 70
relaunch_sim
Command: launch_simulation -step compile -simset sim_1 -mode behavioral
INFO: [Vivado 12-12493] Simulation top is 'tb_mul_poly_matrix'
WARNING: [Vivado 12-13340] Unable to auto find GCC executables from simulator install path! (path not set)
WARNING: [Vivado 12-13277] Compiled library path does not exist: ''
INFO: [Vivado 12-5682] Launching behavioral simulation in 'C:/Hung/Viettel/Stage2/ML-KEM/ml_kem/ml_kem.sim/sim_1/behav/xsim'
INFO: [SIM-utils-51] Simulation object is 'sim_1'
INFO: [USF-XSim-2] XSim::Compile design
INFO: [USF-XSim-61] Executing 'COMPILE and ANALYZE' step in 'C:/Hung/Viettel/Stage2/ML-KEM/ml_kem/ml_kem.sim/sim_1/behav/xsim'
"xvlog --incr --relax -prj tb_mul_poly_matrix_vlog.prj"
INFO: [VRFC 10-2263] Analyzing Verilog file "C:/Hung/Viettel/Stage2/ML-KEM/NTT/BoothDecode.v" into library xil_defaultlib
INFO: [VRFC 10-311] analyzing module BoothDecode
INFO: [VRFC 10-2263] Analyzing Verilog file "C:/Hung/Viettel/Stage2/ML-KEM/NTT/MyBootRom.v" into library xil_defaultlib
INFO: [VRFC 10-311] analyzing module MyBootROM
INFO: [VRFC 10-2263] Analyzing Verilog file "C:/Hung/Viettel/Stage2/ML-KEM/NTT/barret.v" into library xil_defaultlib
INFO: [VRFC 10-311] analyzing module barret
INFO: [VRFC 10-2263] Analyzing Verilog file "C:/Hung/Viettel/Stage2/ML-KEM/NTT/mul.v" into library xil_defaultlib
INFO: [VRFC 10-311] analyzing module mul
INFO: [VRFC 10-2263] Analyzing Verilog file "C:/Hung/Viettel/Stage2/ML-KEM/mul_poly/mul_poly.v" into library xil_defaultlib
INFO: [VRFC 10-311] analyzing module mul_poly
INFO: [VRFC 10-2263] Analyzing Verilog file "C:/Hung/Viettel/Stage2/ML-KEM/mul_poly/mul_poly_matrix.v" into library xil_defaultlib
INFO: [VRFC 10-311] analyzing module mul_poly_matrix
INFO: [VRFC 10-2263] Analyzing Verilog file "C:/Hung/Viettel/Stage2/ML-KEM/mul_poly/tb_mul_poly_matrix.v" into library xil_defaultlib
INFO: [VRFC 10-311] analyzing module tb_mul_poly_matrix
INFO: [USF-XSim-69] 'compile' step finished in '1' seconds
Command: launch_simulation -step elaborate -simset sim_1 -mode behavioral
INFO: [Vivado 12-12493] Simulation top is 'tb_mul_poly_matrix'
WARNING: [Vivado 12-13340] Unable to auto find GCC executables from simulator install path! (path not set)
WARNING: [Vivado 12-13277] Compiled library path does not exist: ''
INFO: [Vivado 12-5682] Launching behavioral simulation in 'C:/Hung/Viettel/Stage2/ML-KEM/ml_kem/ml_kem.sim/sim_1/behav/xsim'
INFO: [SIM-utils-51] Simulation object is 'sim_1'
INFO: [USF-XSim-3] XSim::Elaborate design
INFO: [USF-XSim-61] Executing 'ELABORATE' step in 'C:/Hung/Viettel/Stage2/ML-KEM/ml_kem/ml_kem.sim/sim_1/behav/xsim'
"xelab --incr --debug typical --relax --mt 2 -L xil_defaultlib -L unisims_ver -L unimacro_ver -L secureip --snapshot tb_mul_poly_matrix_behav xil_defaultlib.tb_mul_poly_matrix xil_defaultlib.glbl -log elaborate.log"
Vivado Simulator v2022.2.2
Copyright 1986-1999, 2001-2022 Xilinx, Inc. All Rights Reserved.
Running: C:/Xilinx/Vivado/2022.2/bin/unwrapped/win64.o/xelab.exe --incr --debug typical --relax --mt 2 -L xil_defaultlib -L unisims_ver -L unimacro_ver -L secureip --snapshot tb_mul_poly_matrix_behav xil_defaultlib.tb_mul_poly_matrix xil_defaultlib.glbl -log elaborate.log 
Using 2 slave threads.
Starting static elaboration
Pass Through NonSizing Optimizer
WARNING: [VRFC 10-3091] actual bit length 16 differs from formal bit length 32 for port 'q' [C:/Hung/Viettel/Stage2/ML-KEM/mul_poly/mul_poly_matrix.v:52]
Completed static elaboration
Starting simulation data flow analysis
WARNING: [XSIM 43-4099] "C:/Hung/Viettel/Stage2/ML-KEM/mul_poly/mul_poly_matrix.v" Line 1. Module mul_poly_matrix doesn't have a timescale but at least one module in design has a timescale.
WARNING: [XSIM 43-4099] "C:/Hung/Viettel/Stage2/ML-KEM/mul_poly/mul_poly.v" Line 1. Module mul_poly doesn't have a timescale but at least one module in design has a timescale.
WARNING: [XSIM 43-4099] "C:/Hung/Viettel/Stage2/ML-KEM/NTT/barret.v" Line 1. Module barret doesn't have a timescale but at least one module in design has a timescale.
WARNING: [XSIM 43-4099] "C:/Hung/Viettel/Stage2/ML-KEM/NTT/barret.v" Line 1. Module barret doesn't have a timescale but at least one module in design has a timescale.
WARNING: [XSIM 43-4099] "C:/Hung/Viettel/Stage2/ML-KEM/NTT/barret.v" Line 1. Module barret doesn't have a timescale but at least one module in design has a timescale.
WARNING: [XSIM 43-4099] "C:/Hung/Viettel/Stage2/ML-KEM/NTT/mul.v" Line 1. Module mul_default doesn't have a timescale but at least one module in design has a timescale.
WARNING: [XSIM 43-4099] "C:/Hung/Viettel/Stage2/ML-KEM/NTT/BoothDecode.v" Line 1. Module BoothDecode doesn't have a timescale but at least one module in design has a timescale.
WARNING: [XSIM 43-4099] "C:/Hung/Viettel/Stage2/ML-KEM/NTT/BoothDecode.v" Line 1. Module BoothDecode doesn't have a timescale but at least one module in design has a timescale.
WARNING: [XSIM 43-4099] "C:/Hung/Viettel/Stage2/ML-KEM/NTT/BoothDecode.v" Line 1. Module BoothDecode doesn't have a timescale but at least one module in design has a timescale.
WARNING: [XSIM 43-4099] "C:/Hung/Viettel/Stage2/ML-KEM/NTT/BoothDecode.v" Line 1. Module BoothDecode doesn't have a timescale but at least one module in design has a timescale.
WARNING: [XSIM 43-4099] "C:/Hung/Viettel/Stage2/ML-KEM/NTT/BoothDecode.v" Line 1. Module BoothDecode doesn't have a timescale but at least one module in design has a timescale.
WARNING: [XSIM 43-4099] "C:/Hung/Viettel/Stage2/ML-KEM/NTT/BoothDecode.v" Line 1. Module BoothDecode doesn't have a timescale but at least one module in design has a timescale.
WARNING: [XSIM 43-4099] "C:/Hung/Viettel/Stage2/ML-KEM/NTT/BoothDecode.v" Line 1. Module BoothDecode doesn't have a timescale but at least one module in design has a timescale.
WARNING: [XSIM 43-4099] "C:/Hung/Viettel/Stage2/ML-KEM/NTT/BoothDecode.v" Line 1. Module BoothDecode doesn't have a timescale but at least one module in design has a timescale.
WARNING: [XSIM 43-4099] "C:/Hung/Viettel/Stage2/ML-KEM/NTT/mul.v" Line 1. Module mul_default doesn't have a timescale but at least one module in design has a timescale.
WARNING: [XSIM 43-4099] "C:/Hung/Viettel/Stage2/ML-KEM/NTT/BoothDecode.v" Line 1. Module BoothDecode doesn't have a timescale but at least one module in design has a timescale.
WARNING: [XSIM 43-4099] "C:/Hung/Viettel/Stage2/ML-KEM/NTT/BoothDecode.v" Line 1. Module BoothDecode doesn't have a timescale but at least one module in design has a timescale.
WARNING: [XSIM 43-4099] "C:/Hung/Viettel/Stage2/ML-KEM/NTT/BoothDecode.v" Line 1. Module BoothDecode doesn't have a timescale but at least one module in design has a timescale.
WARNING: [XSIM 43-4099] "C:/Hung/Viettel/Stage2/ML-KEM/NTT/BoothDecode.v" Line 1. Module BoothDecode doesn't have a timescale but at least one module in design has a timescale.
WARNING: [XSIM 43-4099] "C:/Hung/Viettel/Stage2/ML-KEM/NTT/BoothDecode.v" Line 1. Module BoothDecode doesn't have a timescale but at least one module in design has a timescale.
WARNING: [XSIM 43-4099] "C:/Hung/Viettel/Stage2/ML-KEM/NTT/BoothDecode.v" Line 1. Module BoothDecode doesn't have a timescale but at least one module in design has a timescale.
WARNING: [XSIM 43-4099] "C:/Hung/Viettel/Stage2/ML-KEM/NTT/BoothDecode.v" Line 1. Module BoothDecode doesn't have a timescale but at least one module in design has a timescale.
WARNING: [XSIM 43-4099] "C:/Hung/Viettel/Stage2/ML-KEM/NTT/BoothDecode.v" Line 1. Module BoothDecode doesn't have a timescale but at least one module in design has a timescale.
WARNING: [XSIM 43-4099] "C:/Hung/Viettel/Stage2/ML-KEM/NTT/mul.v" Line 1. Module mul_default doesn't have a timescale but at least one module in design has a timescale.
WARNING: [XSIM 43-4099] "C:/Hung/Viettel/Stage2/ML-KEM/NTT/BoothDecode.v" Line 1. Module BoothDecode doesn't have a timescale but at least one module in design has a timescale.
WARNING: [XSIM 43-4099] "C:/Hung/Viettel/Stage2/ML-KEM/NTT/BoothDecode.v" Line 1. Module BoothDecode doesn't have a timescale but at least one module in design has a timescale.
WARNING: [XSIM 43-4099] "C:/Hung/Viettel/Stage2/ML-KEM/NTT/BoothDecode.v" Line 1. Module BoothDecode doesn't have a timescale but at least one module in design has a timescale.
WARNING: [XSIM 43-4099] "C:/Hung/Viettel/Stage2/ML-KEM/NTT/BoothDecode.v" Line 1. Module BoothDecode doesn't have a timescale but at least one module in design has a timescale.
WARNING: [XSIM 43-4099] "C:/Hung/Viettel/Stage2/ML-KEM/NTT/BoothDecode.v" Line 1. Module BoothDecode doesn't have a timescale but at least one module in design has a timescale.
WARNING: [XSIM 43-4099] "C:/Hung/Viettel/Stage2/ML-KEM/NTT/BoothDecode.v" Line 1. Module BoothDecode doesn't have a timescale but at least one module in design has a timescale.
WARNING: [XSIM 43-4099] "C:/Hung/Viettel/Stage2/ML-KEM/NTT/BoothDecode.v" Line 1. Module BoothDecode doesn't have a timescale but at least one module in design has a timescale.
WARNING: [XSIM 43-4099] "C:/Hung/Viettel/Stage2/ML-KEM/NTT/BoothDecode.v" Line 1. Module BoothDecode doesn't have a timescale but at least one module in design has a timescale.
WARNING: [XSIM 43-4099] "C:/Hung/Viettel/Stage2/ML-KEM/NTT/mul.v" Line 1. Module mul_default doesn't have a timescale but at least one module in design has a timescale.
WARNING: [XSIM 43-4099] "C:/Hung/Viettel/Stage2/ML-KEM/NTT/BoothDecode.v" Line 1. Module BoothDecode doesn't have a timescale but at least one module in design has a timescale.
WARNING: [XSIM 43-4099] "C:/Hung/Viettel/Stage2/ML-KEM/NTT/BoothDecode.v" Line 1. Module BoothDecode doesn't have a timescale but at least one module in design has a timescale.
WARNING: [XSIM 43-4099] "C:/Hung/Viettel/Stage2/ML-KEM/NTT/BoothDecode.v" Line 1. Module BoothDecode doesn't have a timescale but at least one module in design has a timescale.
WARNING: [XSIM 43-4099] "C:/Hung/Viettel/Stage2/ML-KEM/NTT/BoothDecode.v" Line 1. Module BoothDecode doesn't have a timescale but at least one module in design has a timescale.
WARNING: [XSIM 43-4099] "C:/Hung/Viettel/Stage2/ML-KEM/NTT/BoothDecode.v" Line 1. Module BoothDecode doesn't have a timescale but at least one module in design has a timescale.
WARNING: [XSIM 43-4099] "C:/Hung/Viettel/Stage2/ML-KEM/NTT/BoothDecode.v" Line 1. Module BoothDecode doesn't have a timescale but at least one module in design has a timescale.
WARNING: [XSIM 43-4099] "C:/Hung/Viettel/Stage2/ML-KEM/NTT/BoothDecode.v" Line 1. Module BoothDecode doesn't have a timescale but at least one module in design has a timescale.
WARNING: [XSIM 43-4099] "C:/Hung/Viettel/Stage2/ML-KEM/NTT/BoothDecode.v" Line 1. Module BoothDecode doesn't have a timescale but at least one module in design has a timescale.
WARNING: [XSIM 43-4099] "C:/Hung/Viettel/Stage2/ML-KEM/NTT/mul.v" Line 1. Module mul_default doesn't have a timescale but at least one module in design has a timescale.
WARNING: [XSIM 43-4099] "C:/Hung/Viettel/Stage2/ML-KEM/NTT/BoothDecode.v" Line 1. Module BoothDecode doesn't have a timescale but at least one module in design has a timescale.
WARNING: [XSIM 43-4099] "C:/Hung/Viettel/Stage2/ML-KEM/NTT/BoothDecode.v" Line 1. Module BoothDecode doesn't have a timescale but at least one module in design has a timescale.
WARNING: [XSIM 43-4099] "C:/Hung/Viettel/Stage2/ML-KEM/NTT/BoothDecode.v" Line 1. Module BoothDecode doesn't have a timescale but at least one module in design has a timescale.
WARNING: [XSIM 43-4099] "C:/Hung/Viettel/Stage2/ML-KEM/NTT/BoothDecode.v" Line 1. Module BoothDecode doesn't have a timescale but at least one module in design has a timescale.
WARNING: [XSIM 43-4099] "C:/Hung/Viettel/Stage2/ML-KEM/NTT/BoothDecode.v" Line 1. Module BoothDecode doesn't have a timescale but at least one module in design has a timescale.
WARNING: [XSIM 43-4099] "C:/Hung/Viettel/Stage2/ML-KEM/NTT/BoothDecode.v" Line 1. Module BoothDecode doesn't have a timescale but at least one module in design has a timescale.
WARNING: [XSIM 43-4099] "C:/Hung/Viettel/Stage2/ML-KEM/NTT/BoothDecode.v" Line 1. Module BoothDecode doesn't have a timescale but at least one module in design has a timescale.
WARNING: [XSIM 43-4099] "C:/Hung/Viettel/Stage2/ML-KEM/NTT/BoothDecode.v" Line 1. Module BoothDecode doesn't have a timescale but at least one module in design has a timescale.
WARNING: [XSIM 43-4099] "C:/Hung/Viettel/Stage2/ML-KEM/mul_poly/mul_poly.v" Line 1. Module mul_poly doesn't have a timescale but at least one module in design has a timescale.
WARNING: [XSIM 43-4099] "C:/Hung/Viettel/Stage2/ML-KEM/NTT/barret.v" Line 1. Module barret doesn't have a timescale but at least one module in design has a timescale.
WARNING: [XSIM 43-4099] "C:/Hung/Viettel/Stage2/ML-KEM/NTT/barret.v" Line 1. Module barret doesn't have a timescale but at least one module in design has a timescale.
WARNING: [XSIM 43-4099] "C:/Hung/Viettel/Stage2/ML-KEM/NTT/barret.v" Line 1. Module barret doesn't have a timescale but at least one module in design has a timescale.
WARNING: [XSIM 43-4099] "C:/Hung/Viettel/Stage2/ML-KEM/NTT/mul.v" Line 1. Module mul_default doesn't have a timescale but at least one module in design has a timescale.
WARNING: [XSIM 43-4099] "C:/Hung/Viettel/Stage2/ML-KEM/NTT/BoothDecode.v" Line 1. Module BoothDecode doesn't have a timescale but at least one module in design has a timescale.
WARNING: [XSIM 43-4099] "C:/Hung/Viettel/Stage2/ML-KEM/NTT/BoothDecode.v" Line 1. Module BoothDecode doesn't have a timescale but at least one module in design has a timescale.
WARNING: [XSIM 43-4099] "C:/Hung/Viettel/Stage2/ML-KEM/NTT/BoothDecode.v" Line 1. Module BoothDecode doesn't have a timescale but at least one module in design has a timescale.
WARNING: [XSIM 43-4099] "C:/Hung/Viettel/Stage2/ML-KEM/NTT/BoothDecode.v" Line 1. Module BoothDecode doesn't have a timescale but at least one module in design has a timescale.
WARNING: [XSIM 43-4099] "C:/Hung/Viettel/Stage2/ML-KEM/NTT/BoothDecode.v" Line 1. Module BoothDecode doesn't have a timescale but at least one module in design has a timescale.
WARNING: [XSIM 43-4099] "C:/Hung/Viettel/Stage2/ML-KEM/NTT/BoothDecode.v" Line 1. Module BoothDecode doesn't have a timescale but at least one module in design has a timescale.
WARNING: [XSIM 43-4099] "C:/Hung/Viettel/Stage2/ML-KEM/NTT/BoothDecode.v" Line 1. Module BoothDecode doesn't have a timescale but at least one module in design has a timescale.
WARNING: [XSIM 43-4099] "C:/Hung/Viettel/Stage2/ML-KEM/NTT/BoothDecode.v" Line 1. Module BoothDecode doesn't have a timescale but at least one module in design has a timescale.
WARNING: [XSIM 43-4099] "C:/Hung/Viettel/Stage2/ML-KEM/NTT/mul.v" Line 1. Module mul_default doesn't have a timescale but at least one module in design has a timescale.
WARNING: [XSIM 43-4099] "C:/Hung/Viettel/Stage2/ML-KEM/NTT/BoothDecode.v" Line 1. Module BoothDecode doesn't have a timescale but at least one module in design has a timescale.
WARNING: [XSIM 43-4099] "C:/Hung/Viettel/Stage2/ML-KEM/NTT/BoothDecode.v" Line 1. Module BoothDecode doesn't have a timescale but at least one module in design has a timescale.
WARNING: [XSIM 43-4099] "C:/Hung/Viettel/Stage2/ML-KEM/NTT/BoothDecode.v" Line 1. Module BoothDecode doesn't have a timescale but at least one module in design has a timescale.
WARNING: [XSIM 43-4099] "C:/Hung/Viettel/Stage2/ML-KEM/NTT/BoothDecode.v" Line 1. Module BoothDecode doesn't have a timescale but at least one module in design has a timescale.
WARNING: [XSIM 43-4099] "C:/Hung/Viettel/Stage2/ML-KEM/NTT/BoothDecode.v" Line 1. Module BoothDecode doesn't have a timescale but at least one module in design has a timescale.
WARNING: [XSIM 43-4099] "C:/Hung/Viettel/Stage2/ML-KEM/NTT/BoothDecode.v" Line 1. Module BoothDecode doesn't have a timescale but at least one module in design has a timescale.
WARNING: [XSIM 43-4099] "C:/Hung/Viettel/Stage2/ML-KEM/NTT/BoothDecode.v" Line 1. Module BoothDecode doesn't have a timescale but at least one module in design has a timescale.
WARNING: [XSIM 43-4099] "C:/Hung/Viettel/Stage2/ML-KEM/NTT/BoothDecode.v" Line 1. Module BoothDecode doesn't have a timescale but at least one module in design has a timescale.
WARNING: [XSIM 43-4099] "C:/Hung/Viettel/Stage2/ML-KEM/NTT/mul.v" Line 1. Module mul_default doesn't have a timescale but at least one module in design has a timescale.
WARNING: [XSIM 43-4099] "C:/Hung/Viettel/Stage2/ML-KEM/NTT/BoothDecode.v" Line 1. Module BoothDecode doesn't have a timescale but at least one module in design has a timescale.
WARNING: [XSIM 43-4099] "C:/Hung/Viettel/Stage2/ML-KEM/NTT/BoothDecode.v" Line 1. Module BoothDecode doesn't have a timescale but at least one module in design has a timescale.
WARNING: [XSIM 43-4099] "C:/Hung/Viettel/Stage2/ML-KEM/NTT/BoothDecode.v" Line 1. Module BoothDecode doesn't have a timescale but at least one module in design has a timescale.
WARNING: [XSIM 43-4099] "C:/Hung/Viettel/Stage2/ML-KEM/NTT/BoothDecode.v" Line 1. Module BoothDecode doesn't have a timescale but at least one module in design has a timescale.
WARNING: [XSIM 43-4099] "C:/Hung/Viettel/Stage2/ML-KEM/NTT/BoothDecode.v" Line 1. Module BoothDecode doesn't have a timescale but at least one module in design has a timescale.
WARNING: [XSIM 43-4099] "C:/Hung/Viettel/Stage2/ML-KEM/NTT/BoothDecode.v" Line 1. Module BoothDecode doesn't have a timescale but at least one module in design has a timescale.
WARNING: [XSIM 43-4099] "C:/Hung/Viettel/Stage2/ML-KEM/NTT/BoothDecode.v" Line 1. Module BoothDecode doesn't have a timescale but at least one module in design has a timescale.
WARNING: [XSIM 43-4099] "C:/Hung/Viettel/Stage2/ML-KEM/NTT/BoothDecode.v" Line 1. Module BoothDecode doesn't have a timescale but at least one module in design has a timescale.
WARNING: [XSIM 43-4099] "C:/Hung/Viettel/Stage2/ML-KEM/NTT/mul.v" Line 1. Module mul_default doesn't have a timescale but at least one module in design has a timescale.
WARNING: [XSIM 43-4099] "C:/Hung/Viettel/Stage2/ML-KEM/NTT/BoothDecode.v" Line 1. Module BoothDecode doesn't have a timescale but at least one module in design has a timescale.
WARNING: [XSIM 43-4099] "C:/Hung/Viettel/Stage2/ML-KEM/NTT/BoothDecode.v" Line 1. Module BoothDecode doesn't have a timescale but at least one module in design has a timescale.
WARNING: [XSIM 43-4099] "C:/Hung/Viettel/Stage2/ML-KEM/NTT/BoothDecode.v" Line 1. Module BoothDecode doesn't have a timescale but at least one module in design has a timescale.
WARNING: [XSIM 43-4099] "C:/Hung/Viettel/Stage2/ML-KEM/NTT/BoothDecode.v" Line 1. Module BoothDecode doesn't have a timescale but at least one module in design has a timescale.
WARNING: [XSIM 43-4099] "C:/Hung/Viettel/Stage2/ML-KEM/NTT/BoothDecode.v" Line 1. Module BoothDecode doesn't have a timescale but at least one module in design has a timescale.
WARNING: [XSIM 43-4099] "C:/Hung/Viettel/Stage2/ML-KEM/NTT/BoothDecode.v" Line 1. Module BoothDecode doesn't have a timescale but at least one module in design has a timescale.
WARNING: [XSIM 43-4099] "C:/Hung/Viettel/Stage2/ML-KEM/NTT/BoothDecode.v" Line 1. Module BoothDecode doesn't have a timescale but at least one module in design has a timescale.
WARNING: [XSIM 43-4099] "C:/Hung/Viettel/Stage2/ML-KEM/NTT/BoothDecode.v" Line 1. Module BoothDecode doesn't have a timescale but at least one module in design has a timescale.
WARNING: [XSIM 43-4099] "C:/Hung/Viettel/Stage2/ML-KEM/NTT/mul.v" Line 1. Module mul_default doesn't have a timescale but at least one module in design has a timescale.
WARNING: [XSIM 43-4099] "C:/Hung/Viettel/Stage2/ML-KEM/NTT/BoothDecode.v" Line 1. Module BoothDecode doesn't have a timescale but at least one module in design has a timescale.
WARNING: [XSIM 43-4099] "C:/Hung/Viettel/Stage2/ML-KEM/NTT/BoothDecode.v" Line 1. Module BoothDecode doesn't have a timescale but at least one module in design has a timescale.
WARNING: [XSIM 43-4099] "C:/Hung/Viettel/Stage2/ML-KEM/NTT/BoothDecode.v" Line 1. Module BoothDecode doesn't have a timescale but at least one module in design has a timescale.
WARNING: [XSIM 43-4099] "C:/Hung/Viettel/Stage2/ML-KEM/NTT/BoothDecode.v" Line 1. Module BoothDecode doesn't have a timescale but at least one module in design has a timescale.
WARNING: [XSIM 43-4099] "C:/Hung/Viettel/Stage2/ML-KEM/NTT/BoothDecode.v" Line 1. Module BoothDecode doesn't have a timescale but at least one module in design has a timescale.
WARNING: [XSIM 43-4099] "C:/Hung/Viettel/Stage2/ML-KEM/NTT/BoothDecode.v" Line 1. Module BoothDecode doesn't have a timescale but at least one module in design has a timescale.
WARNING: [XSIM 43-4099] "C:/Hung/Viettel/Stage2/ML-KEM/NTT/BoothDecode.v" Line 1. Module BoothDecode doesn't have a timescale but at least one module in design has a timescale.
WARNING: [XSIM 43-4099] "C:/Hung/Viettel/Stage2/ML-KEM/NTT/BoothDecode.v" Line 1. Module BoothDecode doesn't have a timescale but at least one module in design has a timescale.
WARNING: [XSIM 43-4099] "C:/Hung/Viettel/Stage2/ML-KEM/NTT/MyBootRom.v" Line 1. Module MyBootROM doesn't have a timescale but at least one module in design has a timescale.
INFO: [Common 17-14] Message 'XSIM 43-4099' appears 100 times and further instances of the messages will be disabled. Use the Tcl command set_msg_config to change the current settings.
Completed simulation data flow analysis
Time Resolution for simulation is 1ps
Compiling module xil_defaultlib.barret
Compiling module xil_defaultlib.BoothDecode
Compiling module xil_defaultlib.mul_default
Compiling module xil_defaultlib.mul_poly
Compiling module xil_defaultlib.MyBootROM
Compiling module xil_defaultlib.mul_poly_matrix
Compiling module xil_defaultlib.tb_mul_poly_matrix
Compiling module xil_defaultlib.glbl
Built simulation snapshot tb_mul_poly_matrix_behav
run_program: Time (s): cpu = 00:00:00 ; elapsed = 00:00:06 . Memory (MB): peak = 1281.832 ; gain = 0.000
INFO: [USF-XSim-69] 'elaborate' step finished in '6' seconds
launch_simulation: Time (s): cpu = 00:00:00 ; elapsed = 00:00:06 . Memory (MB): peak = 1281.832 ; gain = 0.000
Time resolution is 1 ps
Start Barrett Testbench
Finished
$finish called at time : 530 ns : File "C:/Hung/Viettel/Stage2/ML-KEM/mul_poly/tb_mul_poly_matrix.v" Line 70
relaunch_sim: Time (s): cpu = 00:00:00 ; elapsed = 00:00:09 . Memory (MB): peak = 1281.832 ; gain = 0.000
save_wave_config {C:/Hung/Viettel/Stage2/ML-KEM/ml_kem/tb_mul_poly_behav.wcfg}
current_wave_config {tb_mul_poly_behav.wcfg}
C:/Hung/Viettel/Stage2/ML-KEM/ml_kem/tb_mul_poly_behav.wcfg
add_wave {{/tb_mul_poly_matrix/uut/mul_poly_inst0/a0}} {{/tb_mul_poly_matrix/uut/mul_poly_inst0/a1}} {{/tb_mul_poly_matrix/uut/mul_poly_inst0/b0}} {{/tb_mul_poly_matrix/uut/mul_poly_inst0/b1}} {{/tb_mul_poly_matrix/uut/mul_poly_inst0/zetas}} 
relaunch_sim
Command: launch_simulation -step compile -simset sim_1 -mode behavioral
INFO: [Vivado 12-12493] Simulation top is 'tb_mul_poly_matrix'
WARNING: [Vivado 12-13340] Unable to auto find GCC executables from simulator install path! (path not set)
WARNING: [Vivado 12-13277] Compiled library path does not exist: ''
INFO: [Vivado 12-5682] Launching behavioral simulation in 'C:/Hung/Viettel/Stage2/ML-KEM/ml_kem/ml_kem.sim/sim_1/behav/xsim'
INFO: [SIM-utils-51] Simulation object is 'sim_1'
INFO: [USF-XSim-2] XSim::Compile design
INFO: [USF-XSim-61] Executing 'COMPILE and ANALYZE' step in 'C:/Hung/Viettel/Stage2/ML-KEM/ml_kem/ml_kem.sim/sim_1/behav/xsim'
"xvlog --incr --relax -prj tb_mul_poly_matrix_vlog.prj"
INFO: [VRFC 10-2263] Analyzing Verilog file "C:/Hung/Viettel/Stage2/ML-KEM/NTT/BoothDecode.v" into library xil_defaultlib
INFO: [VRFC 10-311] analyzing module BoothDecode
INFO: [VRFC 10-2263] Analyzing Verilog file "C:/Hung/Viettel/Stage2/ML-KEM/NTT/MyBootRom.v" into library xil_defaultlib
INFO: [VRFC 10-311] analyzing module MyBootROM
INFO: [VRFC 10-2263] Analyzing Verilog file "C:/Hung/Viettel/Stage2/ML-KEM/NTT/barret.v" into library xil_defaultlib
INFO: [VRFC 10-311] analyzing module barret
INFO: [VRFC 10-2263] Analyzing Verilog file "C:/Hung/Viettel/Stage2/ML-KEM/NTT/mul.v" into library xil_defaultlib
INFO: [VRFC 10-311] analyzing module mul
INFO: [VRFC 10-2263] Analyzing Verilog file "C:/Hung/Viettel/Stage2/ML-KEM/mul_poly/mul_poly.v" into library xil_defaultlib
INFO: [VRFC 10-311] analyzing module mul_poly
INFO: [VRFC 10-2263] Analyzing Verilog file "C:/Hung/Viettel/Stage2/ML-KEM/mul_poly/mul_poly_matrix.v" into library xil_defaultlib
INFO: [VRFC 10-311] analyzing module mul_poly_matrix
INFO: [VRFC 10-2263] Analyzing Verilog file "C:/Hung/Viettel/Stage2/ML-KEM/mul_poly/tb_mul_poly_matrix.v" into library xil_defaultlib
INFO: [VRFC 10-311] analyzing module tb_mul_poly_matrix
INFO: [USF-XSim-69] 'compile' step finished in '1' seconds
Command: launch_simulation -step elaborate -simset sim_1 -mode behavioral
INFO: [Vivado 12-12493] Simulation top is 'tb_mul_poly_matrix'
WARNING: [Vivado 12-13340] Unable to auto find GCC executables from simulator install path! (path not set)
WARNING: [Vivado 12-13277] Compiled library path does not exist: ''
INFO: [Vivado 12-5682] Launching behavioral simulation in 'C:/Hung/Viettel/Stage2/ML-KEM/ml_kem/ml_kem.sim/sim_1/behav/xsim'
INFO: [SIM-utils-51] Simulation object is 'sim_1'
INFO: [USF-XSim-3] XSim::Elaborate design
INFO: [USF-XSim-61] Executing 'ELABORATE' step in 'C:/Hung/Viettel/Stage2/ML-KEM/ml_kem/ml_kem.sim/sim_1/behav/xsim'
"xelab --incr --debug typical --relax --mt 2 -L xil_defaultlib -L unisims_ver -L unimacro_ver -L secureip --snapshot tb_mul_poly_matrix_behav xil_defaultlib.tb_mul_poly_matrix xil_defaultlib.glbl -log elaborate.log"
Vivado Simulator v2022.2.2
Copyright 1986-1999, 2001-2022 Xilinx, Inc. All Rights Reserved.
Running: C:/Xilinx/Vivado/2022.2/bin/unwrapped/win64.o/xelab.exe --incr --debug typical --relax --mt 2 -L xil_defaultlib -L unisims_ver -L unimacro_ver -L secureip --snapshot tb_mul_poly_matrix_behav xil_defaultlib.tb_mul_poly_matrix xil_defaultlib.glbl -log elaborate.log 
Using 2 slave threads.
Starting static elaboration
Pass Through NonSizing Optimizer
WARNING: [VRFC 10-3091] actual bit length 16 differs from formal bit length 32 for port 'q' [C:/Hung/Viettel/Stage2/ML-KEM/mul_poly/mul_poly_matrix.v:52]
Completed static elaboration
Starting simulation data flow analysis
WARNING: [XSIM 43-4099] "C:/Hung/Viettel/Stage2/ML-KEM/mul_poly/mul_poly_matrix.v" Line 1. Module mul_poly_matrix doesn't have a timescale but at least one module in design has a timescale.
WARNING: [XSIM 43-4099] "C:/Hung/Viettel/Stage2/ML-KEM/mul_poly/mul_poly.v" Line 1. Module mul_poly doesn't have a timescale but at least one module in design has a timescale.
WARNING: [XSIM 43-4099] "C:/Hung/Viettel/Stage2/ML-KEM/NTT/barret.v" Line 1. Module barret doesn't have a timescale but at least one module in design has a timescale.
WARNING: [XSIM 43-4099] "C:/Hung/Viettel/Stage2/ML-KEM/NTT/barret.v" Line 1. Module barret doesn't have a timescale but at least one module in design has a timescale.
WARNING: [XSIM 43-4099] "C:/Hung/Viettel/Stage2/ML-KEM/NTT/barret.v" Line 1. Module barret doesn't have a timescale but at least one module in design has a timescale.
WARNING: [XSIM 43-4099] "C:/Hung/Viettel/Stage2/ML-KEM/NTT/mul.v" Line 1. Module mul_default doesn't have a timescale but at least one module in design has a timescale.
WARNING: [XSIM 43-4099] "C:/Hung/Viettel/Stage2/ML-KEM/NTT/BoothDecode.v" Line 1. Module BoothDecode doesn't have a timescale but at least one module in design has a timescale.
WARNING: [XSIM 43-4099] "C:/Hung/Viettel/Stage2/ML-KEM/NTT/BoothDecode.v" Line 1. Module BoothDecode doesn't have a timescale but at least one module in design has a timescale.
WARNING: [XSIM 43-4099] "C:/Hung/Viettel/Stage2/ML-KEM/NTT/BoothDecode.v" Line 1. Module BoothDecode doesn't have a timescale but at least one module in design has a timescale.
WARNING: [XSIM 43-4099] "C:/Hung/Viettel/Stage2/ML-KEM/NTT/BoothDecode.v" Line 1. Module BoothDecode doesn't have a timescale but at least one module in design has a timescale.
WARNING: [XSIM 43-4099] "C:/Hung/Viettel/Stage2/ML-KEM/NTT/BoothDecode.v" Line 1. Module BoothDecode doesn't have a timescale but at least one module in design has a timescale.
WARNING: [XSIM 43-4099] "C:/Hung/Viettel/Stage2/ML-KEM/NTT/BoothDecode.v" Line 1. Module BoothDecode doesn't have a timescale but at least one module in design has a timescale.
WARNING: [XSIM 43-4099] "C:/Hung/Viettel/Stage2/ML-KEM/NTT/BoothDecode.v" Line 1. Module BoothDecode doesn't have a timescale but at least one module in design has a timescale.
WARNING: [XSIM 43-4099] "C:/Hung/Viettel/Stage2/ML-KEM/NTT/BoothDecode.v" Line 1. Module BoothDecode doesn't have a timescale but at least one module in design has a timescale.
WARNING: [XSIM 43-4099] "C:/Hung/Viettel/Stage2/ML-KEM/NTT/mul.v" Line 1. Module mul_default doesn't have a timescale but at least one module in design has a timescale.
WARNING: [XSIM 43-4099] "C:/Hung/Viettel/Stage2/ML-KEM/NTT/BoothDecode.v" Line 1. Module BoothDecode doesn't have a timescale but at least one module in design has a timescale.
WARNING: [XSIM 43-4099] "C:/Hung/Viettel/Stage2/ML-KEM/NTT/BoothDecode.v" Line 1. Module BoothDecode doesn't have a timescale but at least one module in design has a timescale.
WARNING: [XSIM 43-4099] "C:/Hung/Viettel/Stage2/ML-KEM/NTT/BoothDecode.v" Line 1. Module BoothDecode doesn't have a timescale but at least one module in design has a timescale.
WARNING: [XSIM 43-4099] "C:/Hung/Viettel/Stage2/ML-KEM/NTT/BoothDecode.v" Line 1. Module BoothDecode doesn't have a timescale but at least one module in design has a timescale.
WARNING: [XSIM 43-4099] "C:/Hung/Viettel/Stage2/ML-KEM/NTT/BoothDecode.v" Line 1. Module BoothDecode doesn't have a timescale but at least one module in design has a timescale.
WARNING: [XSIM 43-4099] "C:/Hung/Viettel/Stage2/ML-KEM/NTT/BoothDecode.v" Line 1. Module BoothDecode doesn't have a timescale but at least one module in design has a timescale.
WARNING: [XSIM 43-4099] "C:/Hung/Viettel/Stage2/ML-KEM/NTT/BoothDecode.v" Line 1. Module BoothDecode doesn't have a timescale but at least one module in design has a timescale.
WARNING: [XSIM 43-4099] "C:/Hung/Viettel/Stage2/ML-KEM/NTT/BoothDecode.v" Line 1. Module BoothDecode doesn't have a timescale but at least one module in design has a timescale.
WARNING: [XSIM 43-4099] "C:/Hung/Viettel/Stage2/ML-KEM/NTT/mul.v" Line 1. Module mul_default doesn't have a timescale but at least one module in design has a timescale.
WARNING: [XSIM 43-4099] "C:/Hung/Viettel/Stage2/ML-KEM/NTT/BoothDecode.v" Line 1. Module BoothDecode doesn't have a timescale but at least one module in design has a timescale.
WARNING: [XSIM 43-4099] "C:/Hung/Viettel/Stage2/ML-KEM/NTT/BoothDecode.v" Line 1. Module BoothDecode doesn't have a timescale but at least one module in design has a timescale.
WARNING: [XSIM 43-4099] "C:/Hung/Viettel/Stage2/ML-KEM/NTT/BoothDecode.v" Line 1. Module BoothDecode doesn't have a timescale but at least one module in design has a timescale.
WARNING: [XSIM 43-4099] "C:/Hung/Viettel/Stage2/ML-KEM/NTT/BoothDecode.v" Line 1. Module BoothDecode doesn't have a timescale but at least one module in design has a timescale.
WARNING: [XSIM 43-4099] "C:/Hung/Viettel/Stage2/ML-KEM/NTT/BoothDecode.v" Line 1. Module BoothDecode doesn't have a timescale but at least one module in design has a timescale.
WARNING: [XSIM 43-4099] "C:/Hung/Viettel/Stage2/ML-KEM/NTT/BoothDecode.v" Line 1. Module BoothDecode doesn't have a timescale but at least one module in design has a timescale.
WARNING: [XSIM 43-4099] "C:/Hung/Viettel/Stage2/ML-KEM/NTT/BoothDecode.v" Line 1. Module BoothDecode doesn't have a timescale but at least one module in design has a timescale.
WARNING: [XSIM 43-4099] "C:/Hung/Viettel/Stage2/ML-KEM/NTT/BoothDecode.v" Line 1. Module BoothDecode doesn't have a timescale but at least one module in design has a timescale.
WARNING: [XSIM 43-4099] "C:/Hung/Viettel/Stage2/ML-KEM/NTT/mul.v" Line 1. Module mul_default doesn't have a timescale but at least one module in design has a timescale.
WARNING: [XSIM 43-4099] "C:/Hung/Viettel/Stage2/ML-KEM/NTT/BoothDecode.v" Line 1. Module BoothDecode doesn't have a timescale but at least one module in design has a timescale.
WARNING: [XSIM 43-4099] "C:/Hung/Viettel/Stage2/ML-KEM/NTT/BoothDecode.v" Line 1. Module BoothDecode doesn't have a timescale but at least one module in design has a timescale.
WARNING: [XSIM 43-4099] "C:/Hung/Viettel/Stage2/ML-KEM/NTT/BoothDecode.v" Line 1. Module BoothDecode doesn't have a timescale but at least one module in design has a timescale.
WARNING: [XSIM 43-4099] "C:/Hung/Viettel/Stage2/ML-KEM/NTT/BoothDecode.v" Line 1. Module BoothDecode doesn't have a timescale but at least one module in design has a timescale.
WARNING: [XSIM 43-4099] "C:/Hung/Viettel/Stage2/ML-KEM/NTT/BoothDecode.v" Line 1. Module BoothDecode doesn't have a timescale but at least one module in design has a timescale.
WARNING: [XSIM 43-4099] "C:/Hung/Viettel/Stage2/ML-KEM/NTT/BoothDecode.v" Line 1. Module BoothDecode doesn't have a timescale but at least one module in design has a timescale.
WARNING: [XSIM 43-4099] "C:/Hung/Viettel/Stage2/ML-KEM/NTT/BoothDecode.v" Line 1. Module BoothDecode doesn't have a timescale but at least one module in design has a timescale.
WARNING: [XSIM 43-4099] "C:/Hung/Viettel/Stage2/ML-KEM/NTT/BoothDecode.v" Line 1. Module BoothDecode doesn't have a timescale but at least one module in design has a timescale.
WARNING: [XSIM 43-4099] "C:/Hung/Viettel/Stage2/ML-KEM/NTT/mul.v" Line 1. Module mul_default doesn't have a timescale but at least one module in design has a timescale.
WARNING: [XSIM 43-4099] "C:/Hung/Viettel/Stage2/ML-KEM/NTT/BoothDecode.v" Line 1. Module BoothDecode doesn't have a timescale but at least one module in design has a timescale.
WARNING: [XSIM 43-4099] "C:/Hung/Viettel/Stage2/ML-KEM/NTT/BoothDecode.v" Line 1. Module BoothDecode doesn't have a timescale but at least one module in design has a timescale.
WARNING: [XSIM 43-4099] "C:/Hung/Viettel/Stage2/ML-KEM/NTT/BoothDecode.v" Line 1. Module BoothDecode doesn't have a timescale but at least one module in design has a timescale.
WARNING: [XSIM 43-4099] "C:/Hung/Viettel/Stage2/ML-KEM/NTT/BoothDecode.v" Line 1. Module BoothDecode doesn't have a timescale but at least one module in design has a timescale.
WARNING: [XSIM 43-4099] "C:/Hung/Viettel/Stage2/ML-KEM/NTT/BoothDecode.v" Line 1. Module BoothDecode doesn't have a timescale but at least one module in design has a timescale.
WARNING: [XSIM 43-4099] "C:/Hung/Viettel/Stage2/ML-KEM/NTT/BoothDecode.v" Line 1. Module BoothDecode doesn't have a timescale but at least one module in design has a timescale.
WARNING: [XSIM 43-4099] "C:/Hung/Viettel/Stage2/ML-KEM/NTT/BoothDecode.v" Line 1. Module BoothDecode doesn't have a timescale but at least one module in design has a timescale.
WARNING: [XSIM 43-4099] "C:/Hung/Viettel/Stage2/ML-KEM/NTT/BoothDecode.v" Line 1. Module BoothDecode doesn't have a timescale but at least one module in design has a timescale.
WARNING: [XSIM 43-4099] "C:/Hung/Viettel/Stage2/ML-KEM/mul_poly/mul_poly.v" Line 1. Module mul_poly doesn't have a timescale but at least one module in design has a timescale.
WARNING: [XSIM 43-4099] "C:/Hung/Viettel/Stage2/ML-KEM/NTT/barret.v" Line 1. Module barret doesn't have a timescale but at least one module in design has a timescale.
WARNING: [XSIM 43-4099] "C:/Hung/Viettel/Stage2/ML-KEM/NTT/barret.v" Line 1. Module barret doesn't have a timescale but at least one module in design has a timescale.
WARNING: [XSIM 43-4099] "C:/Hung/Viettel/Stage2/ML-KEM/NTT/barret.v" Line 1. Module barret doesn't have a timescale but at least one module in design has a timescale.
WARNING: [XSIM 43-4099] "C:/Hung/Viettel/Stage2/ML-KEM/NTT/mul.v" Line 1. Module mul_default doesn't have a timescale but at least one module in design has a timescale.
WARNING: [XSIM 43-4099] "C:/Hung/Viettel/Stage2/ML-KEM/NTT/BoothDecode.v" Line 1. Module BoothDecode doesn't have a timescale but at least one module in design has a timescale.
WARNING: [XSIM 43-4099] "C:/Hung/Viettel/Stage2/ML-KEM/NTT/BoothDecode.v" Line 1. Module BoothDecode doesn't have a timescale but at least one module in design has a timescale.
WARNING: [XSIM 43-4099] "C:/Hung/Viettel/Stage2/ML-KEM/NTT/BoothDecode.v" Line 1. Module BoothDecode doesn't have a timescale but at least one module in design has a timescale.
WARNING: [XSIM 43-4099] "C:/Hung/Viettel/Stage2/ML-KEM/NTT/BoothDecode.v" Line 1. Module BoothDecode doesn't have a timescale but at least one module in design has a timescale.
WARNING: [XSIM 43-4099] "C:/Hung/Viettel/Stage2/ML-KEM/NTT/BoothDecode.v" Line 1. Module BoothDecode doesn't have a timescale but at least one module in design has a timescale.
WARNING: [XSIM 43-4099] "C:/Hung/Viettel/Stage2/ML-KEM/NTT/BoothDecode.v" Line 1. Module BoothDecode doesn't have a timescale but at least one module in design has a timescale.
WARNING: [XSIM 43-4099] "C:/Hung/Viettel/Stage2/ML-KEM/NTT/BoothDecode.v" Line 1. Module BoothDecode doesn't have a timescale but at least one module in design has a timescale.
WARNING: [XSIM 43-4099] "C:/Hung/Viettel/Stage2/ML-KEM/NTT/BoothDecode.v" Line 1. Module BoothDecode doesn't have a timescale but at least one module in design has a timescale.
WARNING: [XSIM 43-4099] "C:/Hung/Viettel/Stage2/ML-KEM/NTT/mul.v" Line 1. Module mul_default doesn't have a timescale but at least one module in design has a timescale.
WARNING: [XSIM 43-4099] "C:/Hung/Viettel/Stage2/ML-KEM/NTT/BoothDecode.v" Line 1. Module BoothDecode doesn't have a timescale but at least one module in design has a timescale.
WARNING: [XSIM 43-4099] "C:/Hung/Viettel/Stage2/ML-KEM/NTT/BoothDecode.v" Line 1. Module BoothDecode doesn't have a timescale but at least one module in design has a timescale.
WARNING: [XSIM 43-4099] "C:/Hung/Viettel/Stage2/ML-KEM/NTT/BoothDecode.v" Line 1. Module BoothDecode doesn't have a timescale but at least one module in design has a timescale.
WARNING: [XSIM 43-4099] "C:/Hung/Viettel/Stage2/ML-KEM/NTT/BoothDecode.v" Line 1. Module BoothDecode doesn't have a timescale but at least one module in design has a timescale.
WARNING: [XSIM 43-4099] "C:/Hung/Viettel/Stage2/ML-KEM/NTT/BoothDecode.v" Line 1. Module BoothDecode doesn't have a timescale but at least one module in design has a timescale.
WARNING: [XSIM 43-4099] "C:/Hung/Viettel/Stage2/ML-KEM/NTT/BoothDecode.v" Line 1. Module BoothDecode doesn't have a timescale but at least one module in design has a timescale.
WARNING: [XSIM 43-4099] "C:/Hung/Viettel/Stage2/ML-KEM/NTT/BoothDecode.v" Line 1. Module BoothDecode doesn't have a timescale but at least one module in design has a timescale.
WARNING: [XSIM 43-4099] "C:/Hung/Viettel/Stage2/ML-KEM/NTT/BoothDecode.v" Line 1. Module BoothDecode doesn't have a timescale but at least one module in design has a timescale.
WARNING: [XSIM 43-4099] "C:/Hung/Viettel/Stage2/ML-KEM/NTT/mul.v" Line 1. Module mul_default doesn't have a timescale but at least one module in design has a timescale.
WARNING: [XSIM 43-4099] "C:/Hung/Viettel/Stage2/ML-KEM/NTT/BoothDecode.v" Line 1. Module BoothDecode doesn't have a timescale but at least one module in design has a timescale.
WARNING: [XSIM 43-4099] "C:/Hung/Viettel/Stage2/ML-KEM/NTT/BoothDecode.v" Line 1. Module BoothDecode doesn't have a timescale but at least one module in design has a timescale.
WARNING: [XSIM 43-4099] "C:/Hung/Viettel/Stage2/ML-KEM/NTT/BoothDecode.v" Line 1. Module BoothDecode doesn't have a timescale but at least one module in design has a timescale.
WARNING: [XSIM 43-4099] "C:/Hung/Viettel/Stage2/ML-KEM/NTT/BoothDecode.v" Line 1. Module BoothDecode doesn't have a timescale but at least one module in design has a timescale.
WARNING: [XSIM 43-4099] "C:/Hung/Viettel/Stage2/ML-KEM/NTT/BoothDecode.v" Line 1. Module BoothDecode doesn't have a timescale but at least one module in design has a timescale.
WARNING: [XSIM 43-4099] "C:/Hung/Viettel/Stage2/ML-KEM/NTT/BoothDecode.v" Line 1. Module BoothDecode doesn't have a timescale but at least one module in design has a timescale.
WARNING: [XSIM 43-4099] "C:/Hung/Viettel/Stage2/ML-KEM/NTT/BoothDecode.v" Line 1. Module BoothDecode doesn't have a timescale but at least one module in design has a timescale.
WARNING: [XSIM 43-4099] "C:/Hung/Viettel/Stage2/ML-KEM/NTT/BoothDecode.v" Line 1. Module BoothDecode doesn't have a timescale but at least one module in design has a timescale.
WARNING: [XSIM 43-4099] "C:/Hung/Viettel/Stage2/ML-KEM/NTT/mul.v" Line 1. Module mul_default doesn't have a timescale but at least one module in design has a timescale.
WARNING: [XSIM 43-4099] "C:/Hung/Viettel/Stage2/ML-KEM/NTT/BoothDecode.v" Line 1. Module BoothDecode doesn't have a timescale but at least one module in design has a timescale.
WARNING: [XSIM 43-4099] "C:/Hung/Viettel/Stage2/ML-KEM/NTT/BoothDecode.v" Line 1. Module BoothDecode doesn't have a timescale but at least one module in design has a timescale.
WARNING: [XSIM 43-4099] "C:/Hung/Viettel/Stage2/ML-KEM/NTT/BoothDecode.v" Line 1. Module BoothDecode doesn't have a timescale but at least one module in design has a timescale.
WARNING: [XSIM 43-4099] "C:/Hung/Viettel/Stage2/ML-KEM/NTT/BoothDecode.v" Line 1. Module BoothDecode doesn't have a timescale but at least one module in design has a timescale.
WARNING: [XSIM 43-4099] "C:/Hung/Viettel/Stage2/ML-KEM/NTT/BoothDecode.v" Line 1. Module BoothDecode doesn't have a timescale but at least one module in design has a timescale.
WARNING: [XSIM 43-4099] "C:/Hung/Viettel/Stage2/ML-KEM/NTT/BoothDecode.v" Line 1. Module BoothDecode doesn't have a timescale but at least one module in design has a timescale.
WARNING: [XSIM 43-4099] "C:/Hung/Viettel/Stage2/ML-KEM/NTT/BoothDecode.v" Line 1. Module BoothDecode doesn't have a timescale but at least one module in design has a timescale.
WARNING: [XSIM 43-4099] "C:/Hung/Viettel/Stage2/ML-KEM/NTT/BoothDecode.v" Line 1. Module BoothDecode doesn't have a timescale but at least one module in design has a timescale.
WARNING: [XSIM 43-4099] "C:/Hung/Viettel/Stage2/ML-KEM/NTT/mul.v" Line 1. Module mul_default doesn't have a timescale but at least one module in design has a timescale.
WARNING: [XSIM 43-4099] "C:/Hung/Viettel/Stage2/ML-KEM/NTT/BoothDecode.v" Line 1. Module BoothDecode doesn't have a timescale but at least one module in design has a timescale.
WARNING: [XSIM 43-4099] "C:/Hung/Viettel/Stage2/ML-KEM/NTT/BoothDecode.v" Line 1. Module BoothDecode doesn't have a timescale but at least one module in design has a timescale.
WARNING: [XSIM 43-4099] "C:/Hung/Viettel/Stage2/ML-KEM/NTT/BoothDecode.v" Line 1. Module BoothDecode doesn't have a timescale but at least one module in design has a timescale.
WARNING: [XSIM 43-4099] "C:/Hung/Viettel/Stage2/ML-KEM/NTT/BoothDecode.v" Line 1. Module BoothDecode doesn't have a timescale but at least one module in design has a timescale.
WARNING: [XSIM 43-4099] "C:/Hung/Viettel/Stage2/ML-KEM/NTT/BoothDecode.v" Line 1. Module BoothDecode doesn't have a timescale but at least one module in design has a timescale.
WARNING: [XSIM 43-4099] "C:/Hung/Viettel/Stage2/ML-KEM/NTT/BoothDecode.v" Line 1. Module BoothDecode doesn't have a timescale but at least one module in design has a timescale.
WARNING: [XSIM 43-4099] "C:/Hung/Viettel/Stage2/ML-KEM/NTT/BoothDecode.v" Line 1. Module BoothDecode doesn't have a timescale but at least one module in design has a timescale.
WARNING: [XSIM 43-4099] "C:/Hung/Viettel/Stage2/ML-KEM/NTT/BoothDecode.v" Line 1. Module BoothDecode doesn't have a timescale but at least one module in design has a timescale.
WARNING: [XSIM 43-4099] "C:/Hung/Viettel/Stage2/ML-KEM/NTT/MyBootRom.v" Line 1. Module MyBootROM doesn't have a timescale but at least one module in design has a timescale.
INFO: [Common 17-14] Message 'XSIM 43-4099' appears 100 times and further instances of the messages will be disabled. Use the Tcl command set_msg_config to change the current settings.
Completed simulation data flow analysis
Time Resolution for simulation is 1ps
Compiling module xil_defaultlib.barret
Compiling module xil_defaultlib.BoothDecode
Compiling module xil_defaultlib.mul_default
Compiling module xil_defaultlib.mul_poly
Compiling module xil_defaultlib.MyBootROM
Compiling module xil_defaultlib.mul_poly_matrix
Compiling module xil_defaultlib.tb_mul_poly_matrix
Compiling module xil_defaultlib.glbl
Built simulation snapshot tb_mul_poly_matrix_behav
run_program: Time (s): cpu = 00:00:00 ; elapsed = 00:00:06 . Memory (MB): peak = 1301.895 ; gain = 0.000
INFO: [USF-XSim-69] 'elaborate' step finished in '6' seconds
launch_simulation: Time (s): cpu = 00:00:00 ; elapsed = 00:00:06 . Memory (MB): peak = 1301.895 ; gain = 0.000
Time resolution is 1 ps
Start Barrett Testbench
Finished
$finish called at time : 530 ns : File "C:/Hung/Viettel/Stage2/ML-KEM/mul_poly/tb_mul_poly_matrix.v" Line 70
relaunch_sim: Time (s): cpu = 00:00:01 ; elapsed = 00:00:09 . Memory (MB): peak = 1301.895 ; gain = 0.000
current_wave_config {tb_mul_poly_behav.wcfg}
C:/Hung/Viettel/Stage2/ML-KEM/ml_kem/tb_mul_poly_behav.wcfg
add_wave {{/tb_mul_poly_matrix/uut/mul_poly_inst0/mul_inst4/A}} {{/tb_mul_poly_matrix/uut/mul_poly_inst0/mul_inst4/B}} {{/tb_mul_poly_matrix/uut/mul_poly_inst0/mul_inst4/R}} 
relaunch_sim
Command: launch_simulation -step compile -simset sim_1 -mode behavioral
INFO: [Vivado 12-12493] Simulation top is 'tb_mul_poly_matrix'
WARNING: [Vivado 12-13340] Unable to auto find GCC executables from simulator install path! (path not set)
WARNING: [Vivado 12-13277] Compiled library path does not exist: ''
INFO: [Vivado 12-5682] Launching behavioral simulation in 'C:/Hung/Viettel/Stage2/ML-KEM/ml_kem/ml_kem.sim/sim_1/behav/xsim'
INFO: [SIM-utils-51] Simulation object is 'sim_1'
INFO: [USF-XSim-2] XSim::Compile design
INFO: [USF-XSim-61] Executing 'COMPILE and ANALYZE' step in 'C:/Hung/Viettel/Stage2/ML-KEM/ml_kem/ml_kem.sim/sim_1/behav/xsim'
"xvlog --incr --relax -prj tb_mul_poly_matrix_vlog.prj"
INFO: [USF-XSim-69] 'compile' step finished in '1' seconds
Command: launch_simulation -step elaborate -simset sim_1 -mode behavioral
INFO: [Vivado 12-12493] Simulation top is 'tb_mul_poly_matrix'
WARNING: [Vivado 12-13340] Unable to auto find GCC executables from simulator install path! (path not set)
WARNING: [Vivado 12-13277] Compiled library path does not exist: ''
INFO: [Vivado 12-5682] Launching behavioral simulation in 'C:/Hung/Viettel/Stage2/ML-KEM/ml_kem/ml_kem.sim/sim_1/behav/xsim'
INFO: [SIM-utils-51] Simulation object is 'sim_1'
INFO: [USF-XSim-3] XSim::Elaborate design
INFO: [USF-XSim-61] Executing 'ELABORATE' step in 'C:/Hung/Viettel/Stage2/ML-KEM/ml_kem/ml_kem.sim/sim_1/behav/xsim'
"xelab --incr --debug typical --relax --mt 2 -L xil_defaultlib -L unisims_ver -L unimacro_ver -L secureip --snapshot tb_mul_poly_matrix_behav xil_defaultlib.tb_mul_poly_matrix xil_defaultlib.glbl -log elaborate.log"
Vivado Simulator v2022.2.2
Copyright 1986-1999, 2001-2022 Xilinx, Inc. All Rights Reserved.
Running: C:/Xilinx/Vivado/2022.2/bin/unwrapped/win64.o/xelab.exe --incr --debug typical --relax --mt 2 -L xil_defaultlib -L unisims_ver -L unimacro_ver -L secureip --snapshot tb_mul_poly_matrix_behav xil_defaultlib.tb_mul_poly_matrix xil_defaultlib.glbl -log elaborate.log 
Using 2 slave threads.
Starting static elaboration
Pass Through NonSizing Optimizer
WARNING: [VRFC 10-3091] actual bit length 16 differs from formal bit length 32 for port 'q' [C:/Hung/Viettel/Stage2/ML-KEM/mul_poly/mul_poly_matrix.v:52]
Completed static elaboration
INFO: [XSIM 43-4323] No Change in HDL. Linking previously generated obj files to create kernel
INFO: [USF-XSim-69] 'elaborate' step finished in '2' seconds
Time resolution is 1 ps
Start Barrett Testbench
Finished
$finish called at time : 530 ns : File "C:/Hung/Viettel/Stage2/ML-KEM/mul_poly/tb_mul_poly_matrix.v" Line 70
relaunch_sim
Command: launch_simulation -step compile -simset sim_1 -mode behavioral
INFO: [Vivado 12-12493] Simulation top is 'tb_mul_poly_matrix'
WARNING: [Vivado 12-13340] Unable to auto find GCC executables from simulator install path! (path not set)
WARNING: [Vivado 12-13277] Compiled library path does not exist: ''
INFO: [Vivado 12-5682] Launching behavioral simulation in 'C:/Hung/Viettel/Stage2/ML-KEM/ml_kem/ml_kem.sim/sim_1/behav/xsim'
INFO: [SIM-utils-51] Simulation object is 'sim_1'
INFO: [USF-XSim-2] XSim::Compile design
INFO: [USF-XSim-61] Executing 'COMPILE and ANALYZE' step in 'C:/Hung/Viettel/Stage2/ML-KEM/ml_kem/ml_kem.sim/sim_1/behav/xsim'
"xvlog --incr --relax -prj tb_mul_poly_matrix_vlog.prj"
INFO: [VRFC 10-2263] Analyzing Verilog file "C:/Hung/Viettel/Stage2/ML-KEM/NTT/BoothDecode.v" into library xil_defaultlib
INFO: [VRFC 10-311] analyzing module BoothDecode
INFO: [VRFC 10-2263] Analyzing Verilog file "C:/Hung/Viettel/Stage2/ML-KEM/NTT/MyBootRom.v" into library xil_defaultlib
INFO: [VRFC 10-311] analyzing module MyBootROM
INFO: [VRFC 10-2263] Analyzing Verilog file "C:/Hung/Viettel/Stage2/ML-KEM/NTT/barret.v" into library xil_defaultlib
INFO: [VRFC 10-311] analyzing module barret
INFO: [VRFC 10-2263] Analyzing Verilog file "C:/Hung/Viettel/Stage2/ML-KEM/NTT/mul.v" into library xil_defaultlib
INFO: [VRFC 10-311] analyzing module mul
INFO: [VRFC 10-2263] Analyzing Verilog file "C:/Hung/Viettel/Stage2/ML-KEM/mul_poly/mul_poly.v" into library xil_defaultlib
INFO: [VRFC 10-311] analyzing module mul_poly
INFO: [VRFC 10-2263] Analyzing Verilog file "C:/Hung/Viettel/Stage2/ML-KEM/mul_poly/mul_poly_matrix.v" into library xil_defaultlib
INFO: [VRFC 10-311] analyzing module mul_poly_matrix
INFO: [VRFC 10-2263] Analyzing Verilog file "C:/Hung/Viettel/Stage2/ML-KEM/mul_poly/tb_mul_poly_matrix.v" into library xil_defaultlib
INFO: [VRFC 10-311] analyzing module tb_mul_poly_matrix
INFO: [USF-XSim-69] 'compile' step finished in '1' seconds
Command: launch_simulation -step elaborate -simset sim_1 -mode behavioral
INFO: [Vivado 12-12493] Simulation top is 'tb_mul_poly_matrix'
WARNING: [Vivado 12-13340] Unable to auto find GCC executables from simulator install path! (path not set)
WARNING: [Vivado 12-13277] Compiled library path does not exist: ''
INFO: [Vivado 12-5682] Launching behavioral simulation in 'C:/Hung/Viettel/Stage2/ML-KEM/ml_kem/ml_kem.sim/sim_1/behav/xsim'
INFO: [SIM-utils-51] Simulation object is 'sim_1'
INFO: [USF-XSim-3] XSim::Elaborate design
INFO: [USF-XSim-61] Executing 'ELABORATE' step in 'C:/Hung/Viettel/Stage2/ML-KEM/ml_kem/ml_kem.sim/sim_1/behav/xsim'
"xelab --incr --debug typical --relax --mt 2 -L xil_defaultlib -L unisims_ver -L unimacro_ver -L secureip --snapshot tb_mul_poly_matrix_behav xil_defaultlib.tb_mul_poly_matrix xil_defaultlib.glbl -log elaborate.log"
Vivado Simulator v2022.2.2
Copyright 1986-1999, 2001-2022 Xilinx, Inc. All Rights Reserved.
Running: C:/Xilinx/Vivado/2022.2/bin/unwrapped/win64.o/xelab.exe --incr --debug typical --relax --mt 2 -L xil_defaultlib -L unisims_ver -L unimacro_ver -L secureip --snapshot tb_mul_poly_matrix_behav xil_defaultlib.tb_mul_poly_matrix xil_defaultlib.glbl -log elaborate.log 
Using 2 slave threads.
Starting static elaboration
Pass Through NonSizing Optimizer
WARNING: [VRFC 10-3091] actual bit length 16 differs from formal bit length 32 for port 'q' [C:/Hung/Viettel/Stage2/ML-KEM/mul_poly/mul_poly_matrix.v:52]
Completed static elaboration
Starting simulation data flow analysis
WARNING: [XSIM 43-4099] "C:/Hung/Viettel/Stage2/ML-KEM/mul_poly/mul_poly_matrix.v" Line 1. Module mul_poly_matrix doesn't have a timescale but at least one module in design has a timescale.
WARNING: [XSIM 43-4099] "C:/Hung/Viettel/Stage2/ML-KEM/mul_poly/mul_poly.v" Line 1. Module mul_poly doesn't have a timescale but at least one module in design has a timescale.
WARNING: [XSIM 43-4099] "C:/Hung/Viettel/Stage2/ML-KEM/NTT/barret.v" Line 1. Module barret doesn't have a timescale but at least one module in design has a timescale.
WARNING: [XSIM 43-4099] "C:/Hung/Viettel/Stage2/ML-KEM/NTT/barret.v" Line 1. Module barret doesn't have a timescale but at least one module in design has a timescale.
WARNING: [XSIM 43-4099] "C:/Hung/Viettel/Stage2/ML-KEM/NTT/barret.v" Line 1. Module barret doesn't have a timescale but at least one module in design has a timescale.
WARNING: [XSIM 43-4099] "C:/Hung/Viettel/Stage2/ML-KEM/NTT/mul.v" Line 1. Module mul_default doesn't have a timescale but at least one module in design has a timescale.
WARNING: [XSIM 43-4099] "C:/Hung/Viettel/Stage2/ML-KEM/NTT/BoothDecode.v" Line 1. Module BoothDecode doesn't have a timescale but at least one module in design has a timescale.
WARNING: [XSIM 43-4099] "C:/Hung/Viettel/Stage2/ML-KEM/NTT/BoothDecode.v" Line 1. Module BoothDecode doesn't have a timescale but at least one module in design has a timescale.
WARNING: [XSIM 43-4099] "C:/Hung/Viettel/Stage2/ML-KEM/NTT/BoothDecode.v" Line 1. Module BoothDecode doesn't have a timescale but at least one module in design has a timescale.
WARNING: [XSIM 43-4099] "C:/Hung/Viettel/Stage2/ML-KEM/NTT/BoothDecode.v" Line 1. Module BoothDecode doesn't have a timescale but at least one module in design has a timescale.
WARNING: [XSIM 43-4099] "C:/Hung/Viettel/Stage2/ML-KEM/NTT/BoothDecode.v" Line 1. Module BoothDecode doesn't have a timescale but at least one module in design has a timescale.
WARNING: [XSIM 43-4099] "C:/Hung/Viettel/Stage2/ML-KEM/NTT/BoothDecode.v" Line 1. Module BoothDecode doesn't have a timescale but at least one module in design has a timescale.
WARNING: [XSIM 43-4099] "C:/Hung/Viettel/Stage2/ML-KEM/NTT/BoothDecode.v" Line 1. Module BoothDecode doesn't have a timescale but at least one module in design has a timescale.
WARNING: [XSIM 43-4099] "C:/Hung/Viettel/Stage2/ML-KEM/NTT/BoothDecode.v" Line 1. Module BoothDecode doesn't have a timescale but at least one module in design has a timescale.
WARNING: [XSIM 43-4099] "C:/Hung/Viettel/Stage2/ML-KEM/NTT/mul.v" Line 1. Module mul_default doesn't have a timescale but at least one module in design has a timescale.
WARNING: [XSIM 43-4099] "C:/Hung/Viettel/Stage2/ML-KEM/NTT/BoothDecode.v" Line 1. Module BoothDecode doesn't have a timescale but at least one module in design has a timescale.
WARNING: [XSIM 43-4099] "C:/Hung/Viettel/Stage2/ML-KEM/NTT/BoothDecode.v" Line 1. Module BoothDecode doesn't have a timescale but at least one module in design has a timescale.
WARNING: [XSIM 43-4099] "C:/Hung/Viettel/Stage2/ML-KEM/NTT/BoothDecode.v" Line 1. Module BoothDecode doesn't have a timescale but at least one module in design has a timescale.
WARNING: [XSIM 43-4099] "C:/Hung/Viettel/Stage2/ML-KEM/NTT/BoothDecode.v" Line 1. Module BoothDecode doesn't have a timescale but at least one module in design has a timescale.
WARNING: [XSIM 43-4099] "C:/Hung/Viettel/Stage2/ML-KEM/NTT/BoothDecode.v" Line 1. Module BoothDecode doesn't have a timescale but at least one module in design has a timescale.
WARNING: [XSIM 43-4099] "C:/Hung/Viettel/Stage2/ML-KEM/NTT/BoothDecode.v" Line 1. Module BoothDecode doesn't have a timescale but at least one module in design has a timescale.
WARNING: [XSIM 43-4099] "C:/Hung/Viettel/Stage2/ML-KEM/NTT/BoothDecode.v" Line 1. Module BoothDecode doesn't have a timescale but at least one module in design has a timescale.
WARNING: [XSIM 43-4099] "C:/Hung/Viettel/Stage2/ML-KEM/NTT/BoothDecode.v" Line 1. Module BoothDecode doesn't have a timescale but at least one module in design has a timescale.
WARNING: [XSIM 43-4099] "C:/Hung/Viettel/Stage2/ML-KEM/NTT/mul.v" Line 1. Module mul_default doesn't have a timescale but at least one module in design has a timescale.
WARNING: [XSIM 43-4099] "C:/Hung/Viettel/Stage2/ML-KEM/NTT/BoothDecode.v" Line 1. Module BoothDecode doesn't have a timescale but at least one module in design has a timescale.
WARNING: [XSIM 43-4099] "C:/Hung/Viettel/Stage2/ML-KEM/NTT/BoothDecode.v" Line 1. Module BoothDecode doesn't have a timescale but at least one module in design has a timescale.
WARNING: [XSIM 43-4099] "C:/Hung/Viettel/Stage2/ML-KEM/NTT/BoothDecode.v" Line 1. Module BoothDecode doesn't have a timescale but at least one module in design has a timescale.
WARNING: [XSIM 43-4099] "C:/Hung/Viettel/Stage2/ML-KEM/NTT/BoothDecode.v" Line 1. Module BoothDecode doesn't have a timescale but at least one module in design has a timescale.
WARNING: [XSIM 43-4099] "C:/Hung/Viettel/Stage2/ML-KEM/NTT/BoothDecode.v" Line 1. Module BoothDecode doesn't have a timescale but at least one module in design has a timescale.
WARNING: [XSIM 43-4099] "C:/Hung/Viettel/Stage2/ML-KEM/NTT/BoothDecode.v" Line 1. Module BoothDecode doesn't have a timescale but at least one module in design has a timescale.
WARNING: [XSIM 43-4099] "C:/Hung/Viettel/Stage2/ML-KEM/NTT/BoothDecode.v" Line 1. Module BoothDecode doesn't have a timescale but at least one module in design has a timescale.
WARNING: [XSIM 43-4099] "C:/Hung/Viettel/Stage2/ML-KEM/NTT/BoothDecode.v" Line 1. Module BoothDecode doesn't have a timescale but at least one module in design has a timescale.
WARNING: [XSIM 43-4099] "C:/Hung/Viettel/Stage2/ML-KEM/NTT/mul.v" Line 1. Module mul_default doesn't have a timescale but at least one module in design has a timescale.
WARNING: [XSIM 43-4099] "C:/Hung/Viettel/Stage2/ML-KEM/NTT/BoothDecode.v" Line 1. Module BoothDecode doesn't have a timescale but at least one module in design has a timescale.
WARNING: [XSIM 43-4099] "C:/Hung/Viettel/Stage2/ML-KEM/NTT/BoothDecode.v" Line 1. Module BoothDecode doesn't have a timescale but at least one module in design has a timescale.
WARNING: [XSIM 43-4099] "C:/Hung/Viettel/Stage2/ML-KEM/NTT/BoothDecode.v" Line 1. Module BoothDecode doesn't have a timescale but at least one module in design has a timescale.
WARNING: [XSIM 43-4099] "C:/Hung/Viettel/Stage2/ML-KEM/NTT/BoothDecode.v" Line 1. Module BoothDecode doesn't have a timescale but at least one module in design has a timescale.
WARNING: [XSIM 43-4099] "C:/Hung/Viettel/Stage2/ML-KEM/NTT/BoothDecode.v" Line 1. Module BoothDecode doesn't have a timescale but at least one module in design has a timescale.
WARNING: [XSIM 43-4099] "C:/Hung/Viettel/Stage2/ML-KEM/NTT/BoothDecode.v" Line 1. Module BoothDecode doesn't have a timescale but at least one module in design has a timescale.
WARNING: [XSIM 43-4099] "C:/Hung/Viettel/Stage2/ML-KEM/NTT/BoothDecode.v" Line 1. Module BoothDecode doesn't have a timescale but at least one module in design has a timescale.
WARNING: [XSIM 43-4099] "C:/Hung/Viettel/Stage2/ML-KEM/NTT/BoothDecode.v" Line 1. Module BoothDecode doesn't have a timescale but at least one module in design has a timescale.
WARNING: [XSIM 43-4099] "C:/Hung/Viettel/Stage2/ML-KEM/NTT/mul.v" Line 1. Module mul_default doesn't have a timescale but at least one module in design has a timescale.
WARNING: [XSIM 43-4099] "C:/Hung/Viettel/Stage2/ML-KEM/NTT/BoothDecode.v" Line 1. Module BoothDecode doesn't have a timescale but at least one module in design has a timescale.
WARNING: [XSIM 43-4099] "C:/Hung/Viettel/Stage2/ML-KEM/NTT/BoothDecode.v" Line 1. Module BoothDecode doesn't have a timescale but at least one module in design has a timescale.
WARNING: [XSIM 43-4099] "C:/Hung/Viettel/Stage2/ML-KEM/NTT/BoothDecode.v" Line 1. Module BoothDecode doesn't have a timescale but at least one module in design has a timescale.
WARNING: [XSIM 43-4099] "C:/Hung/Viettel/Stage2/ML-KEM/NTT/BoothDecode.v" Line 1. Module BoothDecode doesn't have a timescale but at least one module in design has a timescale.
WARNING: [XSIM 43-4099] "C:/Hung/Viettel/Stage2/ML-KEM/NTT/BoothDecode.v" Line 1. Module BoothDecode doesn't have a timescale but at least one module in design has a timescale.
WARNING: [XSIM 43-4099] "C:/Hung/Viettel/Stage2/ML-KEM/NTT/BoothDecode.v" Line 1. Module BoothDecode doesn't have a timescale but at least one module in design has a timescale.
WARNING: [XSIM 43-4099] "C:/Hung/Viettel/Stage2/ML-KEM/NTT/BoothDecode.v" Line 1. Module BoothDecode doesn't have a timescale but at least one module in design has a timescale.
WARNING: [XSIM 43-4099] "C:/Hung/Viettel/Stage2/ML-KEM/NTT/BoothDecode.v" Line 1. Module BoothDecode doesn't have a timescale but at least one module in design has a timescale.
WARNING: [XSIM 43-4099] "C:/Hung/Viettel/Stage2/ML-KEM/mul_poly/mul_poly.v" Line 1. Module mul_poly doesn't have a timescale but at least one module in design has a timescale.
WARNING: [XSIM 43-4099] "C:/Hung/Viettel/Stage2/ML-KEM/NTT/barret.v" Line 1. Module barret doesn't have a timescale but at least one module in design has a timescale.
WARNING: [XSIM 43-4099] "C:/Hung/Viettel/Stage2/ML-KEM/NTT/barret.v" Line 1. Module barret doesn't have a timescale but at least one module in design has a timescale.
WARNING: [XSIM 43-4099] "C:/Hung/Viettel/Stage2/ML-KEM/NTT/barret.v" Line 1. Module barret doesn't have a timescale but at least one module in design has a timescale.
WARNING: [XSIM 43-4099] "C:/Hung/Viettel/Stage2/ML-KEM/NTT/mul.v" Line 1. Module mul_default doesn't have a timescale but at least one module in design has a timescale.
WARNING: [XSIM 43-4099] "C:/Hung/Viettel/Stage2/ML-KEM/NTT/BoothDecode.v" Line 1. Module BoothDecode doesn't have a timescale but at least one module in design has a timescale.
WARNING: [XSIM 43-4099] "C:/Hung/Viettel/Stage2/ML-KEM/NTT/BoothDecode.v" Line 1. Module BoothDecode doesn't have a timescale but at least one module in design has a timescale.
WARNING: [XSIM 43-4099] "C:/Hung/Viettel/Stage2/ML-KEM/NTT/BoothDecode.v" Line 1. Module BoothDecode doesn't have a timescale but at least one module in design has a timescale.
WARNING: [XSIM 43-4099] "C:/Hung/Viettel/Stage2/ML-KEM/NTT/BoothDecode.v" Line 1. Module BoothDecode doesn't have a timescale but at least one module in design has a timescale.
WARNING: [XSIM 43-4099] "C:/Hung/Viettel/Stage2/ML-KEM/NTT/BoothDecode.v" Line 1. Module BoothDecode doesn't have a timescale but at least one module in design has a timescale.
WARNING: [XSIM 43-4099] "C:/Hung/Viettel/Stage2/ML-KEM/NTT/BoothDecode.v" Line 1. Module BoothDecode doesn't have a timescale but at least one module in design has a timescale.
WARNING: [XSIM 43-4099] "C:/Hung/Viettel/Stage2/ML-KEM/NTT/BoothDecode.v" Line 1. Module BoothDecode doesn't have a timescale but at least one module in design has a timescale.
WARNING: [XSIM 43-4099] "C:/Hung/Viettel/Stage2/ML-KEM/NTT/BoothDecode.v" Line 1. Module BoothDecode doesn't have a timescale but at least one module in design has a timescale.
WARNING: [XSIM 43-4099] "C:/Hung/Viettel/Stage2/ML-KEM/NTT/mul.v" Line 1. Module mul_default doesn't have a timescale but at least one module in design has a timescale.
WARNING: [XSIM 43-4099] "C:/Hung/Viettel/Stage2/ML-KEM/NTT/BoothDecode.v" Line 1. Module BoothDecode doesn't have a timescale but at least one module in design has a timescale.
WARNING: [XSIM 43-4099] "C:/Hung/Viettel/Stage2/ML-KEM/NTT/BoothDecode.v" Line 1. Module BoothDecode doesn't have a timescale but at least one module in design has a timescale.
WARNING: [XSIM 43-4099] "C:/Hung/Viettel/Stage2/ML-KEM/NTT/BoothDecode.v" Line 1. Module BoothDecode doesn't have a timescale but at least one module in design has a timescale.
WARNING: [XSIM 43-4099] "C:/Hung/Viettel/Stage2/ML-KEM/NTT/BoothDecode.v" Line 1. Module BoothDecode doesn't have a timescale but at least one module in design has a timescale.
WARNING: [XSIM 43-4099] "C:/Hung/Viettel/Stage2/ML-KEM/NTT/BoothDecode.v" Line 1. Module BoothDecode doesn't have a timescale but at least one module in design has a timescale.
WARNING: [XSIM 43-4099] "C:/Hung/Viettel/Stage2/ML-KEM/NTT/BoothDecode.v" Line 1. Module BoothDecode doesn't have a timescale but at least one module in design has a timescale.
WARNING: [XSIM 43-4099] "C:/Hung/Viettel/Stage2/ML-KEM/NTT/BoothDecode.v" Line 1. Module BoothDecode doesn't have a timescale but at least one module in design has a timescale.
WARNING: [XSIM 43-4099] "C:/Hung/Viettel/Stage2/ML-KEM/NTT/BoothDecode.v" Line 1. Module BoothDecode doesn't have a timescale but at least one module in design has a timescale.
WARNING: [XSIM 43-4099] "C:/Hung/Viettel/Stage2/ML-KEM/NTT/mul.v" Line 1. Module mul_default doesn't have a timescale but at least one module in design has a timescale.
WARNING: [XSIM 43-4099] "C:/Hung/Viettel/Stage2/ML-KEM/NTT/BoothDecode.v" Line 1. Module BoothDecode doesn't have a timescale but at least one module in design has a timescale.
WARNING: [XSIM 43-4099] "C:/Hung/Viettel/Stage2/ML-KEM/NTT/BoothDecode.v" Line 1. Module BoothDecode doesn't have a timescale but at least one module in design has a timescale.
WARNING: [XSIM 43-4099] "C:/Hung/Viettel/Stage2/ML-KEM/NTT/BoothDecode.v" Line 1. Module BoothDecode doesn't have a timescale but at least one module in design has a timescale.
WARNING: [XSIM 43-4099] "C:/Hung/Viettel/Stage2/ML-KEM/NTT/BoothDecode.v" Line 1. Module BoothDecode doesn't have a timescale but at least one module in design has a timescale.
WARNING: [XSIM 43-4099] "C:/Hung/Viettel/Stage2/ML-KEM/NTT/BoothDecode.v" Line 1. Module BoothDecode doesn't have a timescale but at least one module in design has a timescale.
WARNING: [XSIM 43-4099] "C:/Hung/Viettel/Stage2/ML-KEM/NTT/BoothDecode.v" Line 1. Module BoothDecode doesn't have a timescale but at least one module in design has a timescale.
WARNING: [XSIM 43-4099] "C:/Hung/Viettel/Stage2/ML-KEM/NTT/BoothDecode.v" Line 1. Module BoothDecode doesn't have a timescale but at least one module in design has a timescale.
WARNING: [XSIM 43-4099] "C:/Hung/Viettel/Stage2/ML-KEM/NTT/BoothDecode.v" Line 1. Module BoothDecode doesn't have a timescale but at least one module in design has a timescale.
WARNING: [XSIM 43-4099] "C:/Hung/Viettel/Stage2/ML-KEM/NTT/mul.v" Line 1. Module mul_default doesn't have a timescale but at least one module in design has a timescale.
WARNING: [XSIM 43-4099] "C:/Hung/Viettel/Stage2/ML-KEM/NTT/BoothDecode.v" Line 1. Module BoothDecode doesn't have a timescale but at least one module in design has a timescale.
WARNING: [XSIM 43-4099] "C:/Hung/Viettel/Stage2/ML-KEM/NTT/BoothDecode.v" Line 1. Module BoothDecode doesn't have a timescale but at least one module in design has a timescale.
WARNING: [XSIM 43-4099] "C:/Hung/Viettel/Stage2/ML-KEM/NTT/BoothDecode.v" Line 1. Module BoothDecode doesn't have a timescale but at least one module in design has a timescale.
WARNING: [XSIM 43-4099] "C:/Hung/Viettel/Stage2/ML-KEM/NTT/BoothDecode.v" Line 1. Module BoothDecode doesn't have a timescale but at least one module in design has a timescale.
WARNING: [XSIM 43-4099] "C:/Hung/Viettel/Stage2/ML-KEM/NTT/BoothDecode.v" Line 1. Module BoothDecode doesn't have a timescale but at least one module in design has a timescale.
WARNING: [XSIM 43-4099] "C:/Hung/Viettel/Stage2/ML-KEM/NTT/BoothDecode.v" Line 1. Module BoothDecode doesn't have a timescale but at least one module in design has a timescale.
WARNING: [XSIM 43-4099] "C:/Hung/Viettel/Stage2/ML-KEM/NTT/BoothDecode.v" Line 1. Module BoothDecode doesn't have a timescale but at least one module in design has a timescale.
WARNING: [XSIM 43-4099] "C:/Hung/Viettel/Stage2/ML-KEM/NTT/BoothDecode.v" Line 1. Module BoothDecode doesn't have a timescale but at least one module in design has a timescale.
WARNING: [XSIM 43-4099] "C:/Hung/Viettel/Stage2/ML-KEM/NTT/mul.v" Line 1. Module mul_default doesn't have a timescale but at least one module in design has a timescale.
WARNING: [XSIM 43-4099] "C:/Hung/Viettel/Stage2/ML-KEM/NTT/BoothDecode.v" Line 1. Module BoothDecode doesn't have a timescale but at least one module in design has a timescale.
WARNING: [XSIM 43-4099] "C:/Hung/Viettel/Stage2/ML-KEM/NTT/BoothDecode.v" Line 1. Module BoothDecode doesn't have a timescale but at least one module in design has a timescale.
WARNING: [XSIM 43-4099] "C:/Hung/Viettel/Stage2/ML-KEM/NTT/BoothDecode.v" Line 1. Module BoothDecode doesn't have a timescale but at least one module in design has a timescale.
WARNING: [XSIM 43-4099] "C:/Hung/Viettel/Stage2/ML-KEM/NTT/BoothDecode.v" Line 1. Module BoothDecode doesn't have a timescale but at least one module in design has a timescale.
WARNING: [XSIM 43-4099] "C:/Hung/Viettel/Stage2/ML-KEM/NTT/BoothDecode.v" Line 1. Module BoothDecode doesn't have a timescale but at least one module in design has a timescale.
WARNING: [XSIM 43-4099] "C:/Hung/Viettel/Stage2/ML-KEM/NTT/BoothDecode.v" Line 1. Module BoothDecode doesn't have a timescale but at least one module in design has a timescale.
WARNING: [XSIM 43-4099] "C:/Hung/Viettel/Stage2/ML-KEM/NTT/BoothDecode.v" Line 1. Module BoothDecode doesn't have a timescale but at least one module in design has a timescale.
WARNING: [XSIM 43-4099] "C:/Hung/Viettel/Stage2/ML-KEM/NTT/BoothDecode.v" Line 1. Module BoothDecode doesn't have a timescale but at least one module in design has a timescale.
WARNING: [XSIM 43-4099] "C:/Hung/Viettel/Stage2/ML-KEM/NTT/MyBootRom.v" Line 1. Module MyBootROM doesn't have a timescale but at least one module in design has a timescale.
INFO: [Common 17-14] Message 'XSIM 43-4099' appears 100 times and further instances of the messages will be disabled. Use the Tcl command set_msg_config to change the current settings.
Completed simulation data flow analysis
Time Resolution for simulation is 1ps
Compiling module xil_defaultlib.barret
Compiling module xil_defaultlib.BoothDecode
Compiling module xil_defaultlib.mul_default
Compiling module xil_defaultlib.mul_poly
Compiling module xil_defaultlib.MyBootROM
Compiling module xil_defaultlib.mul_poly_matrix
Compiling module xil_defaultlib.tb_mul_poly_matrix
Compiling module xil_defaultlib.glbl
Built simulation snapshot tb_mul_poly_matrix_behav
run_program: Time (s): cpu = 00:00:00 ; elapsed = 00:00:08 . Memory (MB): peak = 1301.895 ; gain = 0.000
INFO: [USF-XSim-69] 'elaborate' step finished in '8' seconds
launch_simulation: Time (s): cpu = 00:00:00 ; elapsed = 00:00:08 . Memory (MB): peak = 1301.895 ; gain = 0.000
Time resolution is 1 ps
Start Barrett Testbench
Finished
$finish called at time : 530 ns : File "C:/Hung/Viettel/Stage2/ML-KEM/mul_poly/tb_mul_poly_matrix.v" Line 70
relaunch_sim: Time (s): cpu = 00:00:01 ; elapsed = 00:00:12 . Memory (MB): peak = 1301.895 ; gain = 0.000
current_wave_config {tb_mul_poly_behav.wcfg}
C:/Hung/Viettel/Stage2/ML-KEM/ml_kem/tb_mul_poly_behav.wcfg
add_wave {{/tb_mul_poly_matrix/uut/mul_poly_inst0/a0_b0}} {{/tb_mul_poly_matrix/uut/mul_poly_inst0/a1_b1}} {{/tb_mul_poly_matrix/uut/mul_poly_inst0/a1_b0}} {{/tb_mul_poly_matrix/uut/mul_poly_inst0/a0_b1}} {{/tb_mul_poly_matrix/uut/mul_poly_inst0/a1_b1_zetas}} 
relaunch_sim
