#-----------------------------------------------------------
# Vivado v2022.2.2 (64-bit)
# SW Build 3788238 on Tue Feb 21 20:00:34 MST 2023
# IP Build 3783773 on Tue Feb 21 23:41:56 MST 2023
# Start of session at: Tue Aug 12 08:59:20 2025
# Process ID: 3844
# Current directory: C:/Hung/Viettel/Stage2/ML-KEM/ml_kem
# Command line: vivado.exe -gui_launcher_event rodinguilauncherevent13836 C:\Hung\Viettel\Stage2\ML-KEM\ml_kem\ml_kem.xpr
# Log file: C:/Hung/Viettel/Stage2/ML-KEM/ml_kem/vivado.log
# Journal file: C:/Hung/Viettel/Stage2/ML-KEM/ml_kem\vivado.jou
# Running On: DESKTOP-DA5EM0P, OS: Windows, CPU Frequency: 2304 MHz, CPU Physical cores: 8, Host memory: 16948 MB
#-----------------------------------------------------------
start_gui
open_project C:/Hung/Viettel/Stage2/ML-KEM/ml_kem/ml_kem.xpr
update_compile_order -fileset sources_1
launch_simulation
open_wave_config C:/Hung/Viettel/Stage2/ML-KEM/ml_kem/tb_mul_poly_behav.wcfg
source tb_mul_poly_matrix.tcl
current_wave_config {tb_mul_poly_behav.wcfg}
add_wave {{/tb_mul_poly_matrix/uut/mul_poly_inst0/a0}} {{/tb_mul_poly_matrix/uut/mul_poly_inst0/a1}} {{/tb_mul_poly_matrix/uut/mul_poly_inst0/b0}} {{/tb_mul_poly_matrix/uut/mul_poly_inst0/b1}} {{/tb_mul_poly_matrix/uut/mul_poly_inst0/zetas}} {{/tb_mul_poly_matrix/uut/mul_poly_inst0/res0}} {{/tb_mul_poly_matrix/uut/mul_poly_inst0/res1}} {{/tb_mul_poly_matrix/uut/mul_poly_inst0/a0_b0}} {{/tb_mul_poly_matrix/uut/mul_poly_inst0/a1_b1}} {{/tb_mul_poly_matrix/uut/mul_poly_inst0/a1_b0}} {{/tb_mul_poly_matrix/uut/mul_poly_inst0/a0_b1}} {{/tb_mul_poly_matrix/uut/mul_poly_inst0/a1_b1_zetas}} 
relaunch_sim
save_wave_config {C:/Hung/Viettel/Stage2/ML-KEM/ml_kem/tb_mul_poly_behav.wcfg}
current_wave_config {tb_mul_poly_behav.wcfg}
add_wave {{/tb_mul_poly_matrix/uut/mul_poly_inst0/obarret2}} 
relaunch_sim
relaunch_sim
save_wave_config {C:/Hung/Viettel/Stage2/ML-KEM/ml_kem/tb_mul_poly_behav.wcfg}
current_wave_config {tb_mul_poly_behav.wcfg}
add_wave {{/tb_mul_poly_matrix/uut/counter}} 
relaunch_sim
save_wave_config {C:/Hung/Viettel/Stage2/ML-KEM/ml_kem/tb_mul_poly_behav.wcfg}
relaunch_sim
relaunch_sim
save_wave_config {C:/Hung/Viettel/Stage2/ML-KEM/ml_kem/tb_mul_poly_behav.wcfg}
current_wave_config {tb_mul_poly_behav.wcfg}
add_wave {{/tb_mul_poly_matrix/uut/mul_poly_inst0/a0_b0}} {{/tb_mul_poly_matrix/uut/mul_poly_inst0/a1_b1}} {{/tb_mul_poly_matrix/uut/mul_poly_inst0/a1_b0}} {{/tb_mul_poly_matrix/uut/mul_poly_inst0/a0_b1}} {{/tb_mul_poly_matrix/uut/mul_poly_inst0/a1_b1_zetas}} 
relaunch_sim
save_wave_config {C:/Hung/Viettel/Stage2/ML-KEM/ml_kem/tb_mul_poly_behav.wcfg}
current_wave_config {tb_mul_poly_behav.wcfg}
add_wave {{/tb_mul_poly_matrix/uut/mul_poly_inst0/barret_inst1/C}} {{/tb_mul_poly_matrix/uut/mul_poly_inst0/barret_inst1/R}} 
relaunch_sim
current_wave_config {tb_mul_poly_behav.wcfg}
add_wave {{/tb_mul_poly_matrix/uut/mul_poly_inst0/barret_inst2/R}} 
current_wave_config {tb_mul_poly_behav.wcfg}
add_wave {{/tb_mul_poly_matrix/uut/mul_poly_inst0/barret_inst2/C}} 
relaunch_sim
save_wave_config {C:/Hung/Viettel/Stage2/ML-KEM/ml_kem/tb_mul_poly_behav.wcfg}
save_wave_config {C:/Hung/Viettel/Stage2/ML-KEM/ml_kem/tb_mul_poly_behav.wcfg}
save_wave_config {C:/Hung/Viettel/Stage2/ML-KEM/ml_kem/tb_mul_poly_behav.wcfg}
close_sim
