Time resolution is 1 ps
WARNING: "C:/Xilinx/Vivado/2022.2/data/verilog/src/unisims/FDCE.v" Line 162: Timing violation in scope /tb_top/dut/FSM_onehot_state_reg[3]/TChk162_47692 at time 1403396 ps $recrem (posedge CLR,posedge C,(0:0:0),(0:0:0),notifier,rst_clk_enable_p,rst_clk_enable_p,CLR_dly,C_dly) 
WARNING: "C:/Xilinx/Vivado/2022.2/data/verilog/src/unisims/FDCE.v" Line 170: Timing violation in scope /tb_top/dut/din_a_reg[1]_rep__1_lopt_replica/TChk170_47700 at time 1458438 ps $setuphold (posedge C,posedge D,(0:0:0),(0:0:0),notifier,in_clk_enable_p,in_clk_enable_p,C_dly,D_dly) 
WARNING: "C:/Xilinx/Vivado/2022.2/data/verilog/src/unisims/FDCE.v" Line 168: Timing violation in scope /tb_top/dut/din_a_reg[1]_rep__1_lopt_replica/TChk168_47698 at time 1468438 ps $setuphold (posedge C,negedge D,(0:0:0),(0:0:0),notifier,in_clk_enable_p,in_clk_enable_p,C_dly,D_dly) 
WARNING: "C:/Xilinx/Vivado/2022.2/data/verilog/src/unisims/FDCE.v" Line 170: Timing violation in scope /tb_top/dut/din_a_reg[1]_rep__1_lopt_replica/TChk170_47700 at time 1478438 ps $setuphold (posedge C,posedge D,(0:0:0),(0:0:0),notifier,in_clk_enable_p,in_clk_enable_p,C_dly,D_dly) 
WARNING: "C:/Xilinx/Vivado/2022.2/data/verilog/src/unisims/FDCE.v" Line 168: Timing violation in scope /tb_top/dut/din_a_reg[1]_rep__1_lopt_replica/TChk168_47698 at time 1488438 ps $setuphold (posedge C,negedge D,(0:0:0),(0:0:0),notifier,in_clk_enable_p,in_clk_enable_p,C_dly,D_dly) 
WARNING: "C:/Xilinx/Vivado/2022.2/data/verilog/src/unisims/FDCE.v" Line 170: Timing violation in scope /tb_top/dut/din_a_reg[1]_rep__1_lopt_replica/TChk170_47700 at time 1498438 ps $setuphold (posedge C,posedge D,(0:0:0),(0:0:0),notifier,in_clk_enable_p,in_clk_enable_p,C_dly,D_dly) 
WARNING: "C:/Xilinx/Vivado/2022.2/data/verilog/src/unisims/FDCE.v" Line 168: Timing violation in scope /tb_top/dut/din_a_reg[1]_rep__1_lopt_replica/TChk168_47698 at time 1508438 ps $setuphold (posedge C,negedge D,(0:0:0),(0:0:0),notifier,in_clk_enable_p,in_clk_enable_p,C_dly,D_dly) 
WARNING: "C:/Xilinx/Vivado/2022.2/data/verilog/src/unisims/FDCE.v" Line 170: Timing violation in scope /tb_top/dut/din_a_reg[1]_rep__1_lopt_replica/TChk170_47700 at time 1518438 ps $setuphold (posedge C,posedge D,(0:0:0),(0:0:0),notifier,in_clk_enable_p,in_clk_enable_p,C_dly,D_dly) 
WARNING: "C:/Xilinx/Vivado/2022.2/data/verilog/src/unisims/FDCE.v" Line 168: Timing violation in scope /tb_top/dut/din_a_reg[1]_rep__1_lopt_replica/TChk168_47698 at time 1528438 ps $setuphold (posedge C,negedge D,(0:0:0),(0:0:0),notifier,in_clk_enable_p,in_clk_enable_p,C_dly,D_dly) 
WARNING: "C:/Xilinx/Vivado/2022.2/data/verilog/src/unisims/FDCE.v" Line 170: Timing violation in scope /tb_top/dut/din_a_reg[1]_rep__1_lopt_replica/TChk170_47700 at time 1538438 ps $setuphold (posedge C,posedge D,(0:0:0),(0:0:0),notifier,in_clk_enable_p,in_clk_enable_p,C_dly,D_dly) 
WARNING: "C:/Xilinx/Vivado/2022.2/data/verilog/src/unisims/FDCE.v" Line 168: Timing violation in scope /tb_top/dut/din_a_reg[1]_rep__1_lopt_replica/TChk168_47698 at time 1548438 ps $setuphold (posedge C,negedge D,(0:0:0),(0:0:0),notifier,in_clk_enable_p,in_clk_enable_p,C_dly,D_dly) 
WARNING: "C:/Xilinx/Vivado/2022.2/data/verilog/src/unisims/FDCE.v" Line 170: Timing violation in scope /tb_top/dut/din_a_reg[1]_rep__1_lopt_replica/TChk170_47700 at time 1558438 ps $setuphold (posedge C,posedge D,(0:0:0),(0:0:0),notifier,in_clk_enable_p,in_clk_enable_p,C_dly,D_dly) 
WARNING: "C:/Xilinx/Vivado/2022.2/data/verilog/src/unisims/FDCE.v" Line 168: Timing violation in scope /tb_top/dut/din_a_reg[1]_rep__1_lopt_replica/TChk168_47698 at time 1568438 ps $setuphold (posedge C,negedge D,(0:0:0),(0:0:0),notifier,in_clk_enable_p,in_clk_enable_p,C_dly,D_dly) 
WARNING: "C:/Xilinx/Vivado/2022.2/data/verilog/src/unisims/FDCE.v" Line 170: Timing violation in scope /tb_top/dut/din_a_reg[1]_rep__1_lopt_replica/TChk170_47700 at time 1578438 ps $setuphold (posedge C,posedge D,(0:0:0),(0:0:0),notifier,in_clk_enable_p,in_clk_enable_p,C_dly,D_dly) 
WARNING: "C:/Xilinx/Vivado/2022.2/data/verilog/src/unisims/FDCE.v" Line 168: Timing violation in scope /tb_top/dut/din_a_reg[1]_rep__1_lopt_replica/TChk168_47698 at time 1588438 ps $setuphold (posedge C,negedge D,(0:0:0),(0:0:0),notifier,in_clk_enable_p,in_clk_enable_p,C_dly,D_dly) 
WARNING: "C:/Xilinx/Vivado/2022.2/data/verilog/src/unisims/FDCE.v" Line 170: Timing violation in scope /tb_top/dut/din_a_reg[1]_rep__1_lopt_replica/TChk170_47700 at time 1598438 ps $setuphold (posedge C,posedge D,(0:0:0),(0:0:0),notifier,in_clk_enable_p,in_clk_enable_p,C_dly,D_dly) 
WARNING: "C:/Xilinx/Vivado/2022.2/data/verilog/src/unisims/FDCE.v" Line 170: Timing violation in scope /tb_top/dut/din_a_reg[5]_rep__0/TChk170_47700 at time 1608419 ps $setuphold (posedge C,posedge D,(0:0:0),(0:0:0),notifier,in_clk_enable_p,in_clk_enable_p,C_dly,D_dly) 
WARNING: "C:/Xilinx/Vivado/2022.2/data/verilog/src/unisims/FDCE.v" Line 168: Timing violation in scope /tb_top/dut/din_a_reg[1]_rep__1_lopt_replica/TChk168_47698 at time 1608438 ps $setuphold (posedge C,negedge D,(0:0:0),(0:0:0),notifier,in_clk_enable_p,in_clk_enable_p,C_dly,D_dly) 
WARNING: "C:/Xilinx/Vivado/2022.2/data/verilog/src/unisims/FDCE.v" Line 170: Timing violation in scope /tb_top/dut/din_a_reg[1]_rep__1_lopt_replica/TChk170_47700 at time 1618438 ps $setuphold (posedge C,posedge D,(0:0:0),(0:0:0),notifier,in_clk_enable_p,in_clk_enable_p,C_dly,D_dly) 
WARNING: "C:/Xilinx/Vivado/2022.2/data/verilog/src/unisims/FDCE.v" Line 168: Timing violation in scope /tb_top/dut/din_a_reg[1]_rep__1_lopt_replica/TChk168_47698 at time 1628438 ps $setuphold (posedge C,negedge D,(0:0:0),(0:0:0),notifier,in_clk_enable_p,in_clk_enable_p,C_dly,D_dly) 
WARNING: "C:/Xilinx/Vivado/2022.2/data/verilog/src/unisims/FDCE.v" Line 170: Timing violation in scope /tb_top/dut/din_a_reg[1]_rep__1_lopt_replica/TChk170_47700 at time 1638438 ps $setuphold (posedge C,posedge D,(0:0:0),(0:0:0),notifier,in_clk_enable_p,in_clk_enable_p,C_dly,D_dly) 
WARNING: "C:/Xilinx/Vivado/2022.2/data/verilog/src/unisims/FDCE.v" Line 168: Timing violation in scope /tb_top/dut/din_a_reg[1]_rep__1_lopt_replica/TChk168_47698 at time 1648438 ps $setuphold (posedge C,negedge D,(0:0:0),(0:0:0),notifier,in_clk_enable_p,in_clk_enable_p,C_dly,D_dly) 
WARNING: "C:/Xilinx/Vivado/2022.2/data/verilog/src/unisims/FDCE.v" Line 170: Timing violation in scope /tb_top/dut/din_a_reg[1]_rep__1_lopt_replica/TChk170_47700 at time 1658438 ps $setuphold (posedge C,posedge D,(0:0:0),(0:0:0),notifier,in_clk_enable_p,in_clk_enable_p,C_dly,D_dly) 
WARNING: "C:/Xilinx/Vivado/2022.2/data/verilog/src/unisims/FDCE.v" Line 168: Timing violation in scope /tb_top/dut/din_a_reg[1]_rep__1_lopt_replica/TChk168_47698 at time 1668438 ps $setuphold (posedge C,negedge D,(0:0:0),(0:0:0),notifier,in_clk_enable_p,in_clk_enable_p,C_dly,D_dly) 
WARNING: "C:/Xilinx/Vivado/2022.2/data/verilog/src/unisims/FDCE.v" Line 170: Timing violation in scope /tb_top/dut/din_a_reg[1]_rep__1_lopt_replica/TChk170_47700 at time 1678438 ps $setuphold (posedge C,posedge D,(0:0:0),(0:0:0),notifier,in_clk_enable_p,in_clk_enable_p,C_dly,D_dly) 
WARNING: "C:/Xilinx/Vivado/2022.2/data/verilog/src/unisims/FDCE.v" Line 168: Timing violation in scope /tb_top/dut/din_a_reg[1]_rep__1_lopt_replica/TChk168_47698 at time 1688438 ps $setuphold (posedge C,negedge D,(0:0:0),(0:0:0),notifier,in_clk_enable_p,in_clk_enable_p,C_dly,D_dly) 
WARNING: "C:/Xilinx/Vivado/2022.2/data/verilog/src/unisims/FDCE.v" Line 170: Timing violation in scope /tb_top/dut/din_a_reg[1]_rep__1_lopt_replica/TChk170_47700 at time 1698438 ps $setuphold (posedge C,posedge D,(0:0:0),(0:0:0),notifier,in_clk_enable_p,in_clk_enable_p,C_dly,D_dly) 
WARNING: "C:/Xilinx/Vivado/2022.2/data/verilog/src/unisims/FDCE.v" Line 168: Timing violation in scope /tb_top/dut/din_a_reg[1]_rep__1_lopt_replica/TChk168_47698 at time 1708438 ps $setuphold (posedge C,negedge D,(0:0:0),(0:0:0),notifier,in_clk_enable_p,in_clk_enable_p,C_dly,D_dly) 
WARNING: "C:/Xilinx/Vivado/2022.2/data/verilog/src/unisims/FDCE.v" Line 170: Timing violation in scope /tb_top/dut/din_a_reg[1]_rep__1_lopt_replica/TChk170_47700 at time 1718438 ps $setuphold (posedge C,posedge D,(0:0:0),(0:0:0),notifier,in_clk_enable_p,in_clk_enable_p,C_dly,D_dly) 
WARNING: "C:/Xilinx/Vivado/2022.2/data/verilog/src/unisims/FDCE.v" Line 168: Timing violation in scope /tb_top/dut/din_a_reg[1]_rep__1_lopt_replica/TChk168_47698 at time 1728438 ps $setuphold (posedge C,negedge D,(0:0:0),(0:0:0),notifier,in_clk_enable_p,in_clk_enable_p,C_dly,D_dly) 
WARNING: "C:/Xilinx/Vivado/2022.2/data/verilog/src/unisims/FDCE.v" Line 170: Timing violation in scope /tb_top/dut/din_a_reg[1]_rep__1_lopt_replica/TChk170_47700 at time 1738438 ps $setuphold (posedge C,posedge D,(0:0:0),(0:0:0),notifier,in_clk_enable_p,in_clk_enable_p,C_dly,D_dly) 
WARNING: "C:/Xilinx/Vivado/2022.2/data/verilog/src/unisims/FDCE.v" Line 168: Timing violation in scope /tb_top/dut/din_a_reg[1]_rep__1_lopt_replica/TChk168_47698 at time 1748438 ps $setuphold (posedge C,negedge D,(0:0:0),(0:0:0),notifier,in_clk_enable_p,in_clk_enable_p,C_dly,D_dly) 
WARNING: "C:/Xilinx/Vivado/2022.2/data/verilog/src/unisims/FDCE.v" Line 170: Timing violation in scope /tb_top/dut/din_a_reg[1]_rep__1_lopt_replica/TChk170_47700 at time 1758438 ps $setuphold (posedge C,posedge D,(0:0:0),(0:0:0),notifier,in_clk_enable_p,in_clk_enable_p,C_dly,D_dly) 
WARNING: "C:/Xilinx/Vivado/2022.2/data/verilog/src/unisims/FDCE.v" Line 168: Timing violation in scope /tb_top/dut/din_a_reg[5]_rep__0/TChk168_47698 at time 1768419 ps $setuphold (posedge C,negedge D,(0:0:0),(0:0:0),notifier,in_clk_enable_p,in_clk_enable_p,C_dly,D_dly) 
WARNING: "C:/Xilinx/Vivado/2022.2/data/verilog/src/unisims/FDCE.v" Line 168: Timing violation in scope /tb_top/dut/din_a_reg[1]_rep__1_lopt_replica/TChk168_47698 at time 1768438 ps $setuphold (posedge C,negedge D,(0:0:0),(0:0:0),notifier,in_clk_enable_p,in_clk_enable_p,C_dly,D_dly) 
WARNING: "C:/Xilinx/Vivado/2022.2/data/verilog/src/unisims/FDCE.v" Line 170: Timing violation in scope /tb_top/dut/din_a_reg[6]/TChk170_47700 at time 1768452 ps $setuphold (posedge C,posedge D,(0:0:0),(0:0:0),notifier,in_clk_enable_p,in_clk_enable_p,C_dly,D_dly) 
WARNING: "C:/Xilinx/Vivado/2022.2/data/verilog/src/unisims/FDCE.v" Line 170: Timing violation in scope /tb_top/dut/din_a_reg[1]_rep__1_lopt_replica/TChk170_47700 at time 1778438 ps $setuphold (posedge C,posedge D,(0:0:0),(0:0:0),notifier,in_clk_enable_p,in_clk_enable_p,C_dly,D_dly) 
WARNING: "C:/Xilinx/Vivado/2022.2/data/verilog/src/unisims/FDCE.v" Line 168: Timing violation in scope /tb_top/dut/din_a_reg[1]_rep__1_lopt_replica/TChk168_47698 at time 1788438 ps $setuphold (posedge C,negedge D,(0:0:0),(0:0:0),notifier,in_clk_enable_p,in_clk_enable_p,C_dly,D_dly) 
WARNING: "C:/Xilinx/Vivado/2022.2/data/verilog/src/unisims/FDCE.v" Line 170: Timing violation in scope /tb_top/dut/din_a_reg[1]_rep__1_lopt_replica/TChk170_47700 at time 1798438 ps $setuphold (posedge C,posedge D,(0:0:0),(0:0:0),notifier,in_clk_enable_p,in_clk_enable_p,C_dly,D_dly) 
WARNING: "C:/Xilinx/Vivado/2022.2/data/verilog/src/unisims/FDCE.v" Line 168: Timing violation in scope /tb_top/dut/din_a_reg[1]_rep__1_lopt_replica/TChk168_47698 at time 1808438 ps $setuphold (posedge C,negedge D,(0:0:0),(0:0:0),notifier,in_clk_enable_p,in_clk_enable_p,C_dly,D_dly) 
WARNING: "C:/Xilinx/Vivado/2022.2/data/verilog/src/unisims/FDCE.v" Line 170: Timing violation in scope /tb_top/dut/din_a_reg[1]_rep__1_lopt_replica/TChk170_47700 at time 1818438 ps $setuphold (posedge C,posedge D,(0:0:0),(0:0:0),notifier,in_clk_enable_p,in_clk_enable_p,C_dly,D_dly) 
WARNING: "C:/Xilinx/Vivado/2022.2/data/verilog/src/unisims/FDCE.v" Line 168: Timing violation in scope /tb_top/dut/din_a_reg[1]_rep__1_lopt_replica/TChk168_47698 at time 1828438 ps $setuphold (posedge C,negedge D,(0:0:0),(0:0:0),notifier,in_clk_enable_p,in_clk_enable_p,C_dly,D_dly) 
WARNING: "C:/Xilinx/Vivado/2022.2/data/verilog/src/unisims/FDCE.v" Line 170: Timing violation in scope /tb_top/dut/din_a_reg[1]_rep__1_lopt_replica/TChk170_47700 at time 1838438 ps $setuphold (posedge C,posedge D,(0:0:0),(0:0:0),notifier,in_clk_enable_p,in_clk_enable_p,C_dly,D_dly) 
WARNING: "C:/Xilinx/Vivado/2022.2/data/verilog/src/unisims/FDCE.v" Line 168: Timing violation in scope /tb_top/dut/din_a_reg[1]_rep__1_lopt_replica/TChk168_47698 at time 1848438 ps $setuphold (posedge C,negedge D,(0:0:0),(0:0:0),notifier,in_clk_enable_p,in_clk_enable_p,C_dly,D_dly) 
WARNING: "C:/Xilinx/Vivado/2022.2/data/verilog/src/unisims/FDCE.v" Line 170: Timing violation in scope /tb_top/dut/din_a_reg[1]_rep__1_lopt_replica/TChk170_47700 at time 1858438 ps $setuphold (posedge C,posedge D,(0:0:0),(0:0:0),notifier,in_clk_enable_p,in_clk_enable_p,C_dly,D_dly) 
WARNING: "C:/Xilinx/Vivado/2022.2/data/verilog/src/unisims/FDCE.v" Line 168: Timing violation in scope /tb_top/dut/din_a_reg[1]_rep__1_lopt_replica/TChk168_47698 at time 1868438 ps $setuphold (posedge C,negedge D,(0:0:0),(0:0:0),notifier,in_clk_enable_p,in_clk_enable_p,C_dly,D_dly) 
WARNING: "C:/Xilinx/Vivado/2022.2/data/verilog/src/unisims/FDCE.v" Line 170: Timing violation in scope /tb_top/dut/din_a_reg[1]_rep__1_lopt_replica/TChk170_47700 at time 1878438 ps $setuphold (posedge C,posedge D,(0:0:0),(0:0:0),notifier,in_clk_enable_p,in_clk_enable_p,C_dly,D_dly) 
WARNING: "C:/Xilinx/Vivado/2022.2/data/verilog/src/unisims/FDCE.v" Line 168: Timing violation in scope /tb_top/dut/din_a_reg[1]_rep__1_lopt_replica/TChk168_47698 at time 1888438 ps $setuphold (posedge C,negedge D,(0:0:0),(0:0:0),notifier,in_clk_enable_p,in_clk_enable_p,C_dly,D_dly) 
WARNING: "C:/Xilinx/Vivado/2022.2/data/verilog/src/unisims/FDCE.v" Line 170: Timing violation in scope /tb_top/dut/din_a_reg[1]_rep__1_lopt_replica/TChk170_47700 at time 1898438 ps $setuphold (posedge C,posedge D,(0:0:0),(0:0:0),notifier,in_clk_enable_p,in_clk_enable_p,C_dly,D_dly) 
WARNING: "C:/Xilinx/Vivado/2022.2/data/verilog/src/unisims/FDCE.v" Line 168: Timing violation in scope /tb_top/dut/din_a_reg[1]_rep__1_lopt_replica/TChk168_47698 at time 1908438 ps $setuphold (posedge C,negedge D,(0:0:0),(0:0:0),notifier,in_clk_enable_p,in_clk_enable_p,C_dly,D_dly) 
WARNING: "C:/Xilinx/Vivado/2022.2/data/verilog/src/unisims/FDCE.v" Line 170: Timing violation in scope /tb_top/dut/din_a_reg[1]_rep__1_lopt_replica/TChk170_47700 at time 1918438 ps $setuphold (posedge C,posedge D,(0:0:0),(0:0:0),notifier,in_clk_enable_p,in_clk_enable_p,C_dly,D_dly) 
WARNING: "C:/Xilinx/Vivado/2022.2/data/verilog/src/unisims/FDCE.v" Line 170: Timing violation in scope /tb_top/dut/din_a_reg[5]_rep__0/TChk170_47700 at time 1928419 ps $setuphold (posedge C,posedge D,(0:0:0),(0:0:0),notifier,in_clk_enable_p,in_clk_enable_p,C_dly,D_dly) 
WARNING: "C:/Xilinx/Vivado/2022.2/data/verilog/src/unisims/FDCE.v" Line 168: Timing violation in scope /tb_top/dut/din_a_reg[1]_rep__1_lopt_replica/TChk168_47698 at time 1928438 ps $setuphold (posedge C,negedge D,(0:0:0),(0:0:0),notifier,in_clk_enable_p,in_clk_enable_p,C_dly,D_dly) 
WARNING: "C:/Xilinx/Vivado/2022.2/data/verilog/src/unisims/FDCE.v" Line 170: Timing violation in scope /tb_top/dut/din_a_reg[1]_rep__1_lopt_replica/TChk170_47700 at time 1938438 ps $setuphold (posedge C,posedge D,(0:0:0),(0:0:0),notifier,in_clk_enable_p,in_clk_enable_p,C_dly,D_dly) 
WARNING: "C:/Xilinx/Vivado/2022.2/data/verilog/src/unisims/FDCE.v" Line 168: Timing violation in scope /tb_top/dut/din_a_reg[1]_rep__1_lopt_replica/TChk168_47698 at time 1948438 ps $setuphold (posedge C,negedge D,(0:0:0),(0:0:0),notifier,in_clk_enable_p,in_clk_enable_p,C_dly,D_dly) 
WARNING: "C:/Xilinx/Vivado/2022.2/data/verilog/src/unisims/FDCE.v" Line 170: Timing violation in scope /tb_top/dut/din_a_reg[1]_rep__1_lopt_replica/TChk170_47700 at time 1958438 ps $setuphold (posedge C,posedge D,(0:0:0),(0:0:0),notifier,in_clk_enable_p,in_clk_enable_p,C_dly,D_dly) 
WARNING: "C:/Xilinx/Vivado/2022.2/data/verilog/src/unisims/FDCE.v" Line 168: Timing violation in scope /tb_top/dut/din_a_reg[1]_rep__1_lopt_replica/TChk168_47698 at time 1968438 ps $setuphold (posedge C,negedge D,(0:0:0),(0:0:0),notifier,in_clk_enable_p,in_clk_enable_p,C_dly,D_dly) 
WARNING: "C:/Xilinx/Vivado/2022.2/data/verilog/src/unisims/FDCE.v" Line 170: Timing violation in scope /tb_top/dut/din_a_reg[1]_rep__1_lopt_replica/TChk170_47700 at time 1978438 ps $setuphold (posedge C,posedge D,(0:0:0),(0:0:0),notifier,in_clk_enable_p,in_clk_enable_p,C_dly,D_dly) 
WARNING: "C:/Xilinx/Vivado/2022.2/data/verilog/src/unisims/FDCE.v" Line 168: Timing violation in scope /tb_top/dut/din_a_reg[1]_rep__1_lopt_replica/TChk168_47698 at time 1988438 ps $setuphold (posedge C,negedge D,(0:0:0),(0:0:0),notifier,in_clk_enable_p,in_clk_enable_p,C_dly,D_dly) 
WARNING: "C:/Xilinx/Vivado/2022.2/data/verilog/src/unisims/FDCE.v" Line 170: Timing violation in scope /tb_top/dut/din_a_reg[1]_rep__1_lopt_replica/TChk170_47700 at time 1998438 ps $setuphold (posedge C,posedge D,(0:0:0),(0:0:0),notifier,in_clk_enable_p,in_clk_enable_p,C_dly,D_dly) 
WARNING: "C:/Xilinx/Vivado/2022.2/data/verilog/src/unisims/FDCE.v" Line 168: Timing violation in scope /tb_top/dut/din_a_reg[1]_rep__1_lopt_replica/TChk168_47698 at time 2008438 ps $setuphold (posedge C,negedge D,(0:0:0),(0:0:0),notifier,in_clk_enable_p,in_clk_enable_p,C_dly,D_dly) 
WARNING: "C:/Xilinx/Vivado/2022.2/data/verilog/src/unisims/FDCE.v" Line 170: Timing violation in scope /tb_top/dut/din_a_reg[1]_rep__1_lopt_replica/TChk170_47700 at time 2018438 ps $setuphold (posedge C,posedge D,(0:0:0),(0:0:0),notifier,in_clk_enable_p,in_clk_enable_p,C_dly,D_dly) 
WARNING: "C:/Xilinx/Vivado/2022.2/data/verilog/src/unisims/FDCE.v" Line 168: Timing violation in scope /tb_top/dut/din_a_reg[1]_rep__1_lopt_replica/TChk168_47698 at time 2028438 ps $setuphold (posedge C,negedge D,(0:0:0),(0:0:0),notifier,in_clk_enable_p,in_clk_enable_p,C_dly,D_dly) 
WARNING: "C:/Xilinx/Vivado/2022.2/data/verilog/src/unisims/FDCE.v" Line 170: Timing violation in scope /tb_top/dut/din_a_reg[1]_rep__1_lopt_replica/TChk170_47700 at time 2038438 ps $setuphold (posedge C,posedge D,(0:0:0),(0:0:0),notifier,in_clk_enable_p,in_clk_enable_p,C_dly,D_dly) 
WARNING: "C:/Xilinx/Vivado/2022.2/data/verilog/src/unisims/FDCE.v" Line 168: Timing violation in scope /tb_top/dut/din_a_reg[1]_rep__1_lopt_replica/TChk168_47698 at time 2048438 ps $setuphold (posedge C,negedge D,(0:0:0),(0:0:0),notifier,in_clk_enable_p,in_clk_enable_p,C_dly,D_dly) 
WARNING: "C:/Xilinx/Vivado/2022.2/data/verilog/src/unisims/FDCE.v" Line 170: Timing violation in scope /tb_top/dut/din_a_reg[1]_rep__1_lopt_replica/TChk170_47700 at time 2058438 ps $setuphold (posedge C,posedge D,(0:0:0),(0:0:0),notifier,in_clk_enable_p,in_clk_enable_p,C_dly,D_dly) 
WARNING: "C:/Xilinx/Vivado/2022.2/data/verilog/src/unisims/FDCE.v" Line 168: Timing violation in scope /tb_top/dut/din_a_reg[1]_rep__1_lopt_replica/TChk168_47698 at time 2068438 ps $setuphold (posedge C,negedge D,(0:0:0),(0:0:0),notifier,in_clk_enable_p,in_clk_enable_p,C_dly,D_dly) 
WARNING: "C:/Xilinx/Vivado/2022.2/data/verilog/src/unisims/FDCE.v" Line 170: Timing violation in scope /tb_top/dut/din_a_reg[1]_rep__1_lopt_replica/TChk170_47700 at time 2078438 ps $setuphold (posedge C,posedge D,(0:0:0),(0:0:0),notifier,in_clk_enable_p,in_clk_enable_p,C_dly,D_dly) 
WARNING: "C:/Xilinx/Vivado/2022.2/data/verilog/src/unisims/FDCE.v" Line 168: Timing violation in scope /tb_top/dut/din_a_reg[5]_rep__0/TChk168_47698 at time 2088419 ps $setuphold (posedge C,negedge D,(0:0:0),(0:0:0),notifier,in_clk_enable_p,in_clk_enable_p,C_dly,D_dly) 
WARNING: "C:/Xilinx/Vivado/2022.2/data/verilog/src/unisims/FDCE.v" Line 168: Timing violation in scope /tb_top/dut/din_a_reg[1]_rep__1_lopt_replica/TChk168_47698 at time 2088438 ps $setuphold (posedge C,negedge D,(0:0:0),(0:0:0),notifier,in_clk_enable_p,in_clk_enable_p,C_dly,D_dly) 
WARNING: "C:/Xilinx/Vivado/2022.2/data/verilog/src/unisims/FDCE.v" Line 168: Timing violation in scope /tb_top/dut/din_a_reg[6]/TChk168_47698 at time 2088452 ps $setuphold (posedge C,negedge D,(0:0:0),(0:0:0),notifier,in_clk_enable_p,in_clk_enable_p,C_dly,D_dly) 
[6703000] DONE_STORE!
$finish called at time : 6782568 ps : File "C:/Hung/Viettel/Stage2/ML-KEM/NTT/tb_top.v" Line 125
INFO: xsimkernel Simulation Memory Usage: 404624 KB (Peak: 404624 KB), Simulation CPU Usage: 137203 ms
