Vivado Simulator v2022.2.2
Copyright 1986-1999, 2001-2022 Xilinx, Inc. All Rights Reserved.
Running: C:/Xilinx/Vivado/2022.2/bin/unwrapped/win64.o/xelab.exe --incr --debug typical --relax --mt 2 -L xil_defaultlib -L unisims_ver -L secureip --snapshot tb_top_func_impl xil_defaultlib.tb_top xil_defaultlib.glbl -log elaborate.log 
Using 2 slave threads.
Starting static elaboration
Pass Through NonSizing Optimizer
Completed static elaboration
Starting simulation data flow analysis
Completed simulation data flow analysis
Time Resolution for simulation is 1ps
Compiling module unisims_ver.LUT6
Compiling module unisims_ver.x_lut3_mux8
Compiling module unisims_ver.LUT3
Compiling module unisims_ver.x_lut2_mux4
Compiling module unisims_ver.LUT2
Compiling module unisims_ver.FDCE_default
Compiling module unisims_ver.LUT4
Compiling module unisims_ver.CARRY8
Compiling module unisims_ver.LUT5
Compiling module unisims_ver.x_lut1_mux2
Compiling module unisims_ver.LUT1
Compiling module xil_defaultlib.AddressGenerator
Compiling module unisims_ver.MUXF8
Compiling module unisims_ver.MUXF7
Compiling module xil_defaultlib.MyReg
Compiling module unisims_ver.OBUF
Compiling module xil_defaultlib.barret_7
Compiling module xil_defaultlib.barret_8
Compiling module xil_defaultlib.BoothDecode_10
Compiling module xil_defaultlib.BoothDecode_11
Compiling module xil_defaultlib.BoothDecode_12
Compiling module xil_defaultlib.BoothDecode_13
Compiling module xil_defaultlib.BoothDecode_14
Compiling module xil_defaultlib.BoothDecode_15
Compiling module xil_defaultlib.BoothDecode_16
Compiling module xil_defaultlib.BoothDecode_17
Compiling module unisims_ver.FDRE_default
Compiling module unisims_ver.SRL16E_default
Compiling module xil_defaultlib.mul_9
Compiling module xil_defaultlib.bu_intt
Compiling module xil_defaultlib.barret
Compiling module xil_defaultlib.barret_0
Compiling module xil_defaultlib.BoothDecode
Compiling module xil_defaultlib.BoothDecode_1
Compiling module xil_defaultlib.BoothDecode_2
Compiling module xil_defaultlib.BoothDecode_3
Compiling module xil_defaultlib.BoothDecode_4
Compiling module xil_defaultlib.BoothDecode_5
Compiling module xil_defaultlib.BoothDecode_6
Compiling module xil_defaultlib.mul
Compiling module xil_defaultlib.bu_ntt
Compiling module unisims_ver.BUFGCE(CE_TYPE="ASYNC",SIM_DEVIC...
Compiling module unisims_ver.IBUF
Compiling module xil_defaultlib.MyBootROM
Compiling module xil_defaultlib.top
Compiling module xil_defaultlib.tb_top
Compiling module xil_defaultlib.glbl
Built simulation snapshot tb_top_func_impl
