INFO: [VRFC 10-2263] Analyzing Verilog file "C:/Hung/Viettel/Stage2/ML-KEM/ml_kem/ml_kem.sim/sim_1/impl/func/xsim/tb_top_func_impl.v" into library xil_defaultlib
INFO: [VRFC 10-311] analyzing module AddressGenerator
INFO: [VRFC 10-311] analyzing module BoothDecode
INFO: [VRFC 10-311] analyzing module BoothDecode_10
INFO: [VRFC 10-311] analyzing module BoothDecode_15
INFO: [VRFC 10-311] analyzing module BoothDecode_16
INFO: [VRFC 10-311] analyzing module BoothDecode_17
INFO: [VRFC 10-311] analyzing module BoothDecode_18
INFO: [VRFC 10-311] analyzing module BoothDecode_19
INFO: [VRFC 10-311] analyzing module BoothDecode_20
INFO: [VRFC 10-311] analyzing module BoothDecode_21
INFO: [VRFC 10-311] analyzing module BoothDecode_22
INFO: [VRFC 10-311] analyzing module BoothDecode_4
INFO: [VRFC 10-311] analyzing module BoothDecode_5
INFO: [VRFC 10-311] analyzing module BoothDecode_6
INFO: [VRFC 10-311] analyzing module BoothDecode_7
INFO: [VRFC 10-311] analyzing module BoothDecode_8
INFO: [VRFC 10-311] analyzing module BoothDecode_9
INFO: [VRFC 10-311] analyzing module MyBootROM
INFO: [VRFC 10-311] analyzing module barret
INFO: [VRFC 10-311] analyzing module barret_0
INFO: [VRFC 10-311] analyzing module barret_1
INFO: [VRFC 10-311] analyzing module barret_11
INFO: [VRFC 10-311] analyzing module barret_12
INFO: [VRFC 10-311] analyzing module barret_13
INFO: [VRFC 10-311] analyzing module barret_2
INFO: [VRFC 10-311] analyzing module barret_3
INFO: [VRFC 10-311] analyzing module bram
INFO: [VRFC 10-311] analyzing module bu_intt
INFO: [VRFC 10-311] analyzing module bu_ntt
INFO: [VRFC 10-311] analyzing module mul
INFO: [VRFC 10-311] analyzing module mul_14
INFO: [VRFC 10-311] analyzing module normalize_output
INFO: [VRFC 10-311] analyzing module top
INFO: [VRFC 10-311] analyzing module glbl
INFO: [VRFC 10-2263] Analyzing Verilog file "C:/Hung/Viettel/Stage2/ML-KEM/NTT/tb_top.v" into library xil_defaultlib
INFO: [VRFC 10-311] analyzing module tb_top
