
*** Running vivado
    with args -log mul_cel.vds -m64 -product Vivado -mode batch -messageDb vivado.pb -notrace -source mul_cel.tcl



****** Vivado v2022.2.2 (64-bit)
  **** SW Build 3788238 on Tue Feb 21 20:00:34 MST 2023
  **** IP Build 3783773 on Tue Feb 21 23:41:56 MST 2023
    ** Copyright 1986-2023 Xilinx, Inc. All Rights Reserved.

source mul_cel.tcl -notrace
Command: read_checkpoint -auto_incremental -incremental C:/Hung/Viettel/Stage2/ML-KEM/mul_poly/mul_matrix/mul_matrix.srcs/utils_1/imports/synth_1/mul_cel.dcp
INFO: [Vivado 12-5825] Read reference checkpoint from C:/Hung/Viettel/Stage2/ML-KEM/mul_poly/mul_matrix/mul_matrix.srcs/utils_1/imports/synth_1/mul_cel.dcp for incremental synthesis
INFO: [Vivado 12-7989] Please ensure there are no constraint changes
Command: synth_design -top mul_cel -part xczu9eg-ffvb1156-2-e
Starting synth_design
Attempting to get a license for feature 'Synthesis' and/or device 'xczu9eg'
INFO: [Common 17-349] Got license for feature 'Synthesis' and/or device 'xczu9eg'
INFO: [Device 21-403] Loading part xczu9eg-ffvb1156-2-e
INFO: [Designutils 20-5440] No compile time benefit to using incremental synthesis; A full resynthesis will be run
INFO: [Designutils 20-4379] Flow is switching to default flow due to incremental criteria not met. If you would like to alter this behaviour and have the flow terminate instead, please set the following parameter config_implementation {autoIncr.Synth.RejectBehavior Terminate}
INFO: [Synth 8-7079] Multithreading enabled for synth_design using a maximum of 2 processes.
INFO: [Synth 8-7078] Launching helper process for spawning children vivado processes
INFO: [Synth 8-7075] Helper process launched with PID 28512
INFO: [Synth 8-11241] undeclared symbol 'REGCCE', assumed default net type 'wire' [C:/Xilinx/Vivado/2022.2/data/verilog/src/unimacro/BRAM_SINGLE_MACRO.v:2170]
---------------------------------------------------------------------------------
Starting RTL Elaboration : Time (s): cpu = 00:00:04 ; elapsed = 00:00:05 . Memory (MB): peak = 1789.887 ; gain = 339.098
---------------------------------------------------------------------------------
INFO: [Synth 8-6157] synthesizing module 'mul_cel' [C:/Hung/Viettel/Stage2/ML-KEM/mul_poly/mul_cell.v:1]
INFO: [Synth 8-6157] synthesizing module 'barret' [C:/Hung/Viettel/Stage2/ML-KEM/NTT/barret.v:3]
INFO: [Synth 8-6155] done synthesizing module 'barret' (0#1) [C:/Hung/Viettel/Stage2/ML-KEM/NTT/barret.v:3]
INFO: [Synth 8-6157] synthesizing module 'add_cell' [C:/Hung/Viettel/Stage2/ML-KEM/mul_poly/add_cell.v:2]
INFO: [Synth 8-6155] done synthesizing module 'add_cell' (0#1) [C:/Hung/Viettel/Stage2/ML-KEM/mul_poly/add_cell.v:2]
INFO: [Synth 8-6157] synthesizing module 'mul_poly_matrix' [C:/Hung/Viettel/Stage2/ML-KEM/mul_poly/mul_poly_matrix.v:2]
INFO: [Synth 8-6157] synthesizing module 'mul_poly' [C:/Hung/Viettel/Stage2/ML-KEM/mul_poly/mul_poly.v:2]
INFO: [Synth 8-6157] synthesizing module 'mul_12bit' [C:/Hung/Viettel/Stage2/ML-KEM/mul_poly/mul_12bit.v:3]
INFO: [Synth 8-6157] synthesizing module 'BoothDecode' [C:/Hung/Viettel/Stage2/ML-KEM/mul_poly/BoothDecode.v:3]
INFO: [Synth 8-226] default block is never used [C:/Hung/Viettel/Stage2/ML-KEM/mul_poly/BoothDecode.v:13]
INFO: [Synth 8-6155] done synthesizing module 'BoothDecode' (0#1) [C:/Hung/Viettel/Stage2/ML-KEM/mul_poly/BoothDecode.v:3]
INFO: [Synth 8-6155] done synthesizing module 'mul_12bit' (0#1) [C:/Hung/Viettel/Stage2/ML-KEM/mul_poly/mul_12bit.v:3]
INFO: [Synth 8-6155] done synthesizing module 'mul_poly' (0#1) [C:/Hung/Viettel/Stage2/ML-KEM/mul_poly/mul_poly.v:2]
INFO: [Synth 8-6157] synthesizing module 'Rom_mul' [C:/Hung/Viettel/Stage2/ML-KEM/mul_poly/Rom_mul.v:3]
INFO: [Synth 8-6155] done synthesizing module 'Rom_mul' (0#1) [C:/Hung/Viettel/Stage2/ML-KEM/mul_poly/Rom_mul.v:3]
INFO: [Synth 8-6155] done synthesizing module 'mul_poly_matrix' (0#1) [C:/Hung/Viettel/Stage2/ML-KEM/mul_poly/mul_poly_matrix.v:2]
INFO: [Synth 8-6155] done synthesizing module 'mul_cel' (0#1) [C:/Hung/Viettel/Stage2/ML-KEM/mul_poly/mul_cell.v:1]
WARNING: [Synth 8-7129] Port clk in module add_cell is either unconnected or has no load
WARNING: [Synth 8-7129] Port rst_n in module add_cell is either unconnected or has no load
---------------------------------------------------------------------------------
Finished RTL Elaboration : Time (s): cpu = 00:00:06 ; elapsed = 00:00:06 . Memory (MB): peak = 1885.340 ; gain = 434.551
---------------------------------------------------------------------------------
---------------------------------------------------------------------------------
Start Handling Custom Attributes
---------------------------------------------------------------------------------
---------------------------------------------------------------------------------
Finished Handling Custom Attributes : Time (s): cpu = 00:00:06 ; elapsed = 00:00:06 . Memory (MB): peak = 1885.340 ; gain = 434.551
---------------------------------------------------------------------------------
---------------------------------------------------------------------------------
Finished RTL Optimization Phase 1 : Time (s): cpu = 00:00:06 ; elapsed = 00:00:06 . Memory (MB): peak = 1885.340 ; gain = 434.551
---------------------------------------------------------------------------------
Netlist sorting complete. Time (s): cpu = 00:00:00 ; elapsed = 00:00:00.408 . Memory (MB): peak = 1885.340 ; gain = 0.000
INFO: [Project 1-570] Preparing netlist for logic optimization

Processing XDC Constraints
Initializing timing engine
Parsing XDC File [C:/Hung/Viettel/Stage2/ML-KEM/mul_poly/mul_matrix/mul_matrix.srcs/constrs_1/new/constrain1.xdc]
Finished Parsing XDC File [C:/Hung/Viettel/Stage2/ML-KEM/mul_poly/mul_matrix/mul_matrix.srcs/constrs_1/new/constrain1.xdc]
Completed Processing XDC Constraints

Netlist sorting complete. Time (s): cpu = 00:00:00 ; elapsed = 00:00:00.008 . Memory (MB): peak = 2026.617 ; gain = 0.000
INFO: [Project 1-111] Unisim Transformation Summary:
No Unisim elements were transformed.

Constraint Validation Runtime : Time (s): cpu = 00:00:01 ; elapsed = 00:00:00.443 . Memory (MB): peak = 2026.617 ; gain = 0.000
INFO: [Designutils 20-5440] No compile time benefit to using incremental synthesis; A full resynthesis will be run
INFO: [Designutils 20-4379] Flow is switching to default flow due to incremental criteria not met. If you would like to alter this behaviour and have the flow terminate instead, please set the following parameter config_implementation {autoIncr.Synth.RejectBehavior Terminate}
INFO: [Synth 8-11241] undeclared symbol 'REGCCE', assumed default net type 'wire' [C:/Xilinx/Vivado/2022.2/data/verilog/src/unimacro/BRAM_SINGLE_MACRO.v:2170]
---------------------------------------------------------------------------------
Finished Constraint Validation : Time (s): cpu = 00:00:21 ; elapsed = 00:00:22 . Memory (MB): peak = 2026.617 ; gain = 575.828
---------------------------------------------------------------------------------
---------------------------------------------------------------------------------
Start Loading Part and Timing Information
---------------------------------------------------------------------------------
Loading part: xczu9eg-ffvb1156-2-e
INFO: [Synth 8-6742] Reading net delay rules and data
---------------------------------------------------------------------------------
Finished Loading Part and Timing Information : Time (s): cpu = 00:00:21 ; elapsed = 00:00:22 . Memory (MB): peak = 2026.617 ; gain = 575.828
---------------------------------------------------------------------------------
---------------------------------------------------------------------------------
Start Applying 'set_property' XDC Constraints
---------------------------------------------------------------------------------
---------------------------------------------------------------------------------
Finished applying 'set_property' XDC Constraints : Time (s): cpu = 00:00:21 ; elapsed = 00:00:22 . Memory (MB): peak = 2026.617 ; gain = 575.828
---------------------------------------------------------------------------------
---------------------------------------------------------------------------------
Finished RTL Optimization Phase 2 : Time (s): cpu = 00:00:22 ; elapsed = 00:00:22 . Memory (MB): peak = 2026.617 ; gain = 575.828
---------------------------------------------------------------------------------
---------------------------------------------------------------------------------
Start RTL Component Statistics 
---------------------------------------------------------------------------------
Detailed RTL Component Info : 
+---Adders : 
	   2 Input   45 Bit       Adders := 160   
	   4 Input   45 Bit       Adders := 80    
	   2 Input   32 Bit       Adders := 8     
	   2 Input   25 Bit       Adders := 8     
	   2 Input   24 Bit       Adders := 240   
	   2 Input   16 Bit       Adders := 40    
	   2 Input   14 Bit       Adders := 16    
	   2 Input   12 Bit       Adders := 1     
	   2 Input    4 Bit       Adders := 1     
	   2 Input    3 Bit       Adders := 1     
+---Registers : 
	              224 Bit    Registers := 1     
	               48 Bit    Registers := 16    
	               45 Bit    Registers := 360   
	               24 Bit    Registers := 480   
	               13 Bit    Registers := 240   
	               12 Bit    Registers := 272   
	                4 Bit    Registers := 1     
	                3 Bit    Registers := 1     
	                1 Bit    Registers := 181   
+---Muxes : 
	   2 Input  224 Bit        Muxes := 1     
	   2 Input   32 Bit        Muxes := 8     
	   5 Input   24 Bit        Muxes := 480   
	   2 Input   24 Bit        Muxes := 40    
	   2 Input   13 Bit        Muxes := 40    
	   2 Input    3 Bit        Muxes := 1     
	   2 Input    1 Bit        Muxes := 1     
	   4 Input    1 Bit        Muxes := 1     
---------------------------------------------------------------------------------
Finished RTL Component Statistics 
---------------------------------------------------------------------------------
---------------------------------------------------------------------------------
Start Part Resource Summary
---------------------------------------------------------------------------------
Part Resources:
DSPs: 2520 (col length:168)
BRAMs: 1824 (col length: RAMB18 168 RAMB36 84)
---------------------------------------------------------------------------------
Finished Part Resource Summary
---------------------------------------------------------------------------------
---------------------------------------------------------------------------------
Start Cross Boundary and Area Optimization
---------------------------------------------------------------------------------
WARNING: [Synth 8-7080] Parallel synthesis criteria is not met
---------------------------------------------------------------------------------
Finished Cross Boundary and Area Optimization : Time (s): cpu = 00:00:29 ; elapsed = 00:00:29 . Memory (MB): peak = 2026.617 ; gain = 575.828
---------------------------------------------------------------------------------
---------------------------------------------------------------------------------
Start Applying XDC Timing Constraints
---------------------------------------------------------------------------------
---------------------------------------------------------------------------------
Finished Applying XDC Timing Constraints : Time (s): cpu = 00:00:43 ; elapsed = 00:00:45 . Memory (MB): peak = 2487.754 ; gain = 1036.965
---------------------------------------------------------------------------------
---------------------------------------------------------------------------------
Start Timing Optimization
---------------------------------------------------------------------------------
---------------------------------------------------------------------------------
Finished Timing Optimization : Time (s): cpu = 00:00:45 ; elapsed = 00:00:47 . Memory (MB): peak = 2533.418 ; gain = 1082.629
---------------------------------------------------------------------------------
---------------------------------------------------------------------------------
Start Technology Mapping
---------------------------------------------------------------------------------
---------------------------------------------------------------------------------
Finished Technology Mapping : Time (s): cpu = 00:00:51 ; elapsed = 00:00:53 . Memory (MB): peak = 2571.055 ; gain = 1120.266
---------------------------------------------------------------------------------
---------------------------------------------------------------------------------
Start IO Insertion
---------------------------------------------------------------------------------
---------------------------------------------------------------------------------
Start Flattening Before IO Insertion
---------------------------------------------------------------------------------
---------------------------------------------------------------------------------
Finished Flattening Before IO Insertion
---------------------------------------------------------------------------------
---------------------------------------------------------------------------------
Start Final Netlist Cleanup
---------------------------------------------------------------------------------
---------------------------------------------------------------------------------
Finished Final Netlist Cleanup
---------------------------------------------------------------------------------
---------------------------------------------------------------------------------
Finished IO Insertion : Time (s): cpu = 00:00:56 ; elapsed = 00:00:58 . Memory (MB): peak = 2606.664 ; gain = 1155.875
---------------------------------------------------------------------------------
---------------------------------------------------------------------------------
Start Renaming Generated Instances
---------------------------------------------------------------------------------
---------------------------------------------------------------------------------
Finished Renaming Generated Instances : Time (s): cpu = 00:00:56 ; elapsed = 00:00:58 . Memory (MB): peak = 2606.664 ; gain = 1155.875
---------------------------------------------------------------------------------
---------------------------------------------------------------------------------
Start Rebuilding User Hierarchy
---------------------------------------------------------------------------------
---------------------------------------------------------------------------------
Finished Rebuilding User Hierarchy : Time (s): cpu = 00:00:59 ; elapsed = 00:01:01 . Memory (MB): peak = 2606.664 ; gain = 1155.875
---------------------------------------------------------------------------------
---------------------------------------------------------------------------------
Start Renaming Generated Ports
---------------------------------------------------------------------------------
---------------------------------------------------------------------------------
Finished Renaming Generated Ports : Time (s): cpu = 00:00:59 ; elapsed = 00:01:01 . Memory (MB): peak = 2606.664 ; gain = 1155.875
---------------------------------------------------------------------------------
---------------------------------------------------------------------------------
Start Handling Custom Attributes
---------------------------------------------------------------------------------
---------------------------------------------------------------------------------
Finished Handling Custom Attributes : Time (s): cpu = 00:01:00 ; elapsed = 00:01:02 . Memory (MB): peak = 2606.664 ; gain = 1155.875
---------------------------------------------------------------------------------
---------------------------------------------------------------------------------
Start Renaming Generated Nets
---------------------------------------------------------------------------------
---------------------------------------------------------------------------------
Finished Renaming Generated Nets : Time (s): cpu = 00:01:00 ; elapsed = 00:01:02 . Memory (MB): peak = 2606.664 ; gain = 1155.875
---------------------------------------------------------------------------------
---------------------------------------------------------------------------------
Start ROM, RAM, DSP, Shift Register and Retiming Reporting
---------------------------------------------------------------------------------

Static Shift Register Report:
+------------+------------------------------------------------------------+--------+-------+--------------+--------------------+-------------------+--------+---------+
|Module Name | RTL Name                                                   | Length | Width | Reset Signal | Pull out first Reg | Pull out last Reg | SRL16E | SRLC32E | 
+------------+------------------------------------------------------------+--------+-------+--------------+--------------------+-------------------+--------+---------+
|mul_cel     | mul_poly_matrix_inst/G[0].u_mul/reg_res1_reg[11]           | 12     | 96    | YES          | NO                 | YES               | 96     | 0       | 
|mul_cel     | mul_poly_matrix_inst/G[0].u_mul/regx_reg[20][11]           | 11     | 96    | YES          | NO                 | YES               | 96     | 0       | 
|mul_cel     | mul_poly_matrix_inst/G[0].u_mul/mod_reg[18]                | 9      | 8     | YES          | NO                 | YES               | 8      | 0       | 
|mul_cel     | mul_poly_matrix_inst/G[0].u_mul/regx_reg[9][10]            | 10     | 92    | YES          | NO                 | YES               | 92     | 0       | 
|mul_cel     | done_flag_reg[20]                                          | 20     | 1     | YES          | NO                 | YES               | 0      | 1       | 
|mul_cel     | done_flag_reg[26]                                          | 6      | 1     | YES          | NO                 | YES               | 1      | 0       | 
|mul_cel     | mul_poly_matrix_inst/G[0].u_mul/mul_inst0/result_reg[5][5] | 4      | 128   | YES          | NO                 | YES               | 128    | 0       | 
|mul_cel     | mul_poly_matrix_inst/G[0].u_mul/mul_inst0/result_reg[5][3] | 5      | 128   | YES          | NO                 | YES               | 128    | 0       | 
|mul_cel     | mul_poly_matrix_inst/G[0].u_mul/mul_inst0/result_reg[5][1] | 6      | 128   | YES          | NO                 | YES               | 128    | 0       | 
+------------+------------------------------------------------------------+--------+-------+--------------+--------------------+-------------------+--------+---------+

---------------------------------------------------------------------------------
Finished ROM, RAM, DSP, Shift Register and Retiming Reporting
---------------------------------------------------------------------------------
---------------------------------------------------------------------------------
Start Writing Synthesis Report
---------------------------------------------------------------------------------

Report BlackBoxes: 
+-+--------------+----------+
| |BlackBox name |Instances |
+-+--------------+----------+
+-+--------------+----------+

Report Cell Usage: 
+------+--------+------+
|      |Cell    |Count |
+------+--------+------+
|1     |BUFG    |     1|
|2     |CARRY8  |  1936|
|3     |LUT1    |   306|
|4     |LUT2    |  6674|
|5     |LUT3    |  1786|
|6     |LUT4    |  6468|
|7     |LUT5    |   833|
|8     |LUT6    |  2124|
|9     |SRL16E  |   677|
|10    |SRLC32E |     1|
|11    |FDCE    |  7036|
|12    |FDRE    |  6863|
|13    |IBUF    |   390|
|14    |OBUF    |   193|
+------+--------+------+
---------------------------------------------------------------------------------
Finished Writing Synthesis Report : Time (s): cpu = 00:01:00 ; elapsed = 00:01:02 . Memory (MB): peak = 2606.664 ; gain = 1155.875
---------------------------------------------------------------------------------
Synthesis finished with 0 errors, 0 critical warnings and 1 warnings.
Synthesis Optimization Runtime : Time (s): cpu = 00:00:44 ; elapsed = 00:00:51 . Memory (MB): peak = 2606.664 ; gain = 1014.598
Synthesis Optimization Complete : Time (s): cpu = 00:01:00 ; elapsed = 00:01:02 . Memory (MB): peak = 2606.664 ; gain = 1155.875
INFO: [Project 1-571] Translating synthesized netlist
Netlist sorting complete. Time (s): cpu = 00:00:00 ; elapsed = 00:00:00.375 . Memory (MB): peak = 2623.277 ; gain = 0.000
INFO: [Netlist 29-17] Analyzing 2327 Unisim elements for replacement
INFO: [Netlist 29-28] Unisim Transformation completed in 0 CPU seconds
INFO: [Project 1-570] Preparing netlist for logic optimization
INFO: [Opt 31-138] Pushed 0 inverter(s) to 0 load pin(s).
Netlist sorting complete. Time (s): cpu = 00:00:00 ; elapsed = 00:00:00.011 . Memory (MB): peak = 2695.902 ; gain = 0.000
INFO: [Project 1-111] Unisim Transformation Summary:
  A total of 391 instances were transformed.
  BUFG => BUFGCE: 1 instance 
  IBUF => IBUF (IBUFCTRL, INBUF): 390 instances

Synth Design complete, checksum: f4661b26
INFO: [Common 17-83] Releasing license: Synthesis
40 Infos, 3 Warnings, 0 Critical Warnings and 0 Errors encountered.
synth_design completed successfully
synth_design: Time (s): cpu = 00:01:14 ; elapsed = 00:01:17 . Memory (MB): peak = 2695.902 ; gain = 2259.426
INFO: [Common 17-1381] The checkpoint 'C:/Hung/Viettel/Stage2/ML-KEM/mul_poly/mul_matrix/mul_matrix.runs/synth_1/mul_cel.dcp' has been generated.
INFO: [runtcl-4] Executing : report_utilization -file mul_cel_utilization_synth.rpt -pb mul_cel_utilization_synth.pb
INFO: [Common 17-206] Exiting Vivado at Wed Sep  3 11:37:41 2025...
