INFO: [VRFC 10-2263] Analyzing Verilog file "C:/Hung/Viettel/Stage2/ML-KEM/mul_poly/mul_matrix/mul_matrix.sim/sim_1/synth/func/xsim/tb_mul_poly_matrix_func_synth.v" into library xil_defaultlib
INFO: [VRFC 10-311] analyzing module BoothDecode
INFO: [VRFC 10-311] analyzing module BoothDecode_104
INFO: [VRFC 10-311] analyzing module BoothDecode_105
INFO: [VRFC 10-311] analyzing module BoothDecode_106
INFO: [VRFC 10-311] analyzing module BoothDecode_107
INFO: [VRFC 10-311] analyzing module BoothDecode_108
INFO: [VRFC 10-311] analyzing module BoothDecode_109
INFO: [VRFC 10-311] analyzing module BoothDecode_110
INFO: [VRFC 10-311] analyzing module BoothDecode_111
INFO: [VRFC 10-311] analyzing module BoothDecode_112
INFO: [VRFC 10-311] analyzing module BoothDecode_113
INFO: [VRFC 10-311] analyzing module BoothDecode_114
INFO: [VRFC 10-311] analyzing module BoothDecode_115
INFO: [VRFC 10-311] analyzing module BoothDecode_116
INFO: [VRFC 10-311] analyzing module BoothDecode_117
INFO: [VRFC 10-311] analyzing module BoothDecode_118
INFO: [VRFC 10-311] analyzing module BoothDecode_119
INFO: [VRFC 10-311] analyzing module BoothDecode_120
INFO: [VRFC 10-311] analyzing module BoothDecode_121
INFO: [VRFC 10-311] analyzing module BoothDecode_122
INFO: [VRFC 10-311] analyzing module BoothDecode_123
INFO: [VRFC 10-311] analyzing module BoothDecode_124
INFO: [VRFC 10-311] analyzing module BoothDecode_125
INFO: [VRFC 10-311] analyzing module BoothDecode_126
INFO: [VRFC 10-311] analyzing module BoothDecode_127
INFO: [VRFC 10-311] analyzing module BoothDecode_128
INFO: [VRFC 10-311] analyzing module BoothDecode_129
INFO: [VRFC 10-311] analyzing module BoothDecode_130
INFO: [VRFC 10-311] analyzing module BoothDecode_131
INFO: [VRFC 10-311] analyzing module BoothDecode_132
INFO: [VRFC 10-311] analyzing module BoothDecode_133
INFO: [VRFC 10-311] analyzing module BoothDecode_142
INFO: [VRFC 10-311] analyzing module BoothDecode_143
INFO: [VRFC 10-311] analyzing module BoothDecode_144
INFO: [VRFC 10-311] analyzing module BoothDecode_145
INFO: [VRFC 10-311] analyzing module BoothDecode_146
INFO: [VRFC 10-311] analyzing module BoothDecode_147
INFO: [VRFC 10-311] analyzing module BoothDecode_148
INFO: [VRFC 10-311] analyzing module BoothDecode_149
INFO: [VRFC 10-311] analyzing module BoothDecode_150
INFO: [VRFC 10-311] analyzing module BoothDecode_151
INFO: [VRFC 10-311] analyzing module BoothDecode_152
INFO: [VRFC 10-311] analyzing module BoothDecode_153
INFO: [VRFC 10-311] analyzing module BoothDecode_154
INFO: [VRFC 10-311] analyzing module BoothDecode_155
INFO: [VRFC 10-311] analyzing module BoothDecode_156
INFO: [VRFC 10-311] analyzing module BoothDecode_157
INFO: [VRFC 10-311] analyzing module BoothDecode_158
INFO: [VRFC 10-311] analyzing module BoothDecode_159
INFO: [VRFC 10-311] analyzing module BoothDecode_160
INFO: [VRFC 10-311] analyzing module BoothDecode_161
INFO: [VRFC 10-311] analyzing module BoothDecode_162
INFO: [VRFC 10-311] analyzing module BoothDecode_163
INFO: [VRFC 10-311] analyzing module BoothDecode_164
INFO: [VRFC 10-311] analyzing module BoothDecode_165
INFO: [VRFC 10-311] analyzing module BoothDecode_166
INFO: [VRFC 10-311] analyzing module BoothDecode_167
INFO: [VRFC 10-311] analyzing module BoothDecode_168
INFO: [VRFC 10-311] analyzing module BoothDecode_169
INFO: [VRFC 10-311] analyzing module BoothDecode_170
INFO: [VRFC 10-311] analyzing module BoothDecode_171
INFO: [VRFC 10-311] analyzing module BoothDecode_180
INFO: [VRFC 10-311] analyzing module BoothDecode_181
INFO: [VRFC 10-311] analyzing module BoothDecode_182
INFO: [VRFC 10-311] analyzing module BoothDecode_183
INFO: [VRFC 10-311] analyzing module BoothDecode_184
INFO: [VRFC 10-311] analyzing module BoothDecode_185
INFO: [VRFC 10-311] analyzing module BoothDecode_186
INFO: [VRFC 10-311] analyzing module BoothDecode_187
INFO: [VRFC 10-311] analyzing module BoothDecode_188
INFO: [VRFC 10-311] analyzing module BoothDecode_189
INFO: [VRFC 10-311] analyzing module BoothDecode_190
INFO: [VRFC 10-311] analyzing module BoothDecode_191
INFO: [VRFC 10-311] analyzing module BoothDecode_192
INFO: [VRFC 10-311] analyzing module BoothDecode_193
INFO: [VRFC 10-311] analyzing module BoothDecode_194
INFO: [VRFC 10-311] analyzing module BoothDecode_195
INFO: [VRFC 10-311] analyzing module BoothDecode_196
INFO: [VRFC 10-311] analyzing module BoothDecode_197
INFO: [VRFC 10-311] analyzing module BoothDecode_198
INFO: [VRFC 10-311] analyzing module BoothDecode_199
INFO: [VRFC 10-311] analyzing module BoothDecode_200
INFO: [VRFC 10-311] analyzing module BoothDecode_201
INFO: [VRFC 10-311] analyzing module BoothDecode_202
INFO: [VRFC 10-311] analyzing module BoothDecode_203
INFO: [VRFC 10-311] analyzing module BoothDecode_204
INFO: [VRFC 10-311] analyzing module BoothDecode_205
INFO: [VRFC 10-311] analyzing module BoothDecode_206
INFO: [VRFC 10-311] analyzing module BoothDecode_207
INFO: [VRFC 10-311] analyzing module BoothDecode_208
INFO: [VRFC 10-311] analyzing module BoothDecode_209
INFO: [VRFC 10-311] analyzing module BoothDecode_218
INFO: [VRFC 10-311] analyzing module BoothDecode_219
INFO: [VRFC 10-311] analyzing module BoothDecode_220
INFO: [VRFC 10-311] analyzing module BoothDecode_221
INFO: [VRFC 10-311] analyzing module BoothDecode_222
INFO: [VRFC 10-311] analyzing module BoothDecode_223
INFO: [VRFC 10-311] analyzing module BoothDecode_224
INFO: [VRFC 10-311] analyzing module BoothDecode_225
INFO: [VRFC 10-311] analyzing module BoothDecode_226
INFO: [VRFC 10-311] analyzing module BoothDecode_227
INFO: [VRFC 10-311] analyzing module BoothDecode_228
INFO: [VRFC 10-311] analyzing module BoothDecode_229
INFO: [VRFC 10-311] analyzing module BoothDecode_230
INFO: [VRFC 10-311] analyzing module BoothDecode_231
INFO: [VRFC 10-311] analyzing module BoothDecode_232
INFO: [VRFC 10-311] analyzing module BoothDecode_233
INFO: [VRFC 10-311] analyzing module BoothDecode_234
INFO: [VRFC 10-311] analyzing module BoothDecode_235
INFO: [VRFC 10-311] analyzing module BoothDecode_236
INFO: [VRFC 10-311] analyzing module BoothDecode_237
INFO: [VRFC 10-311] analyzing module BoothDecode_238
INFO: [VRFC 10-311] analyzing module BoothDecode_239
INFO: [VRFC 10-311] analyzing module BoothDecode_240
INFO: [VRFC 10-311] analyzing module BoothDecode_241
INFO: [VRFC 10-311] analyzing module BoothDecode_242
INFO: [VRFC 10-311] analyzing module BoothDecode_243
INFO: [VRFC 10-311] analyzing module BoothDecode_244
INFO: [VRFC 10-311] analyzing module BoothDecode_245
INFO: [VRFC 10-311] analyzing module BoothDecode_246
INFO: [VRFC 10-311] analyzing module BoothDecode_247
INFO: [VRFC 10-311] analyzing module BoothDecode_256
INFO: [VRFC 10-311] analyzing module BoothDecode_257
INFO: [VRFC 10-311] analyzing module BoothDecode_258
INFO: [VRFC 10-311] analyzing module BoothDecode_259
INFO: [VRFC 10-311] analyzing module BoothDecode_260
INFO: [VRFC 10-311] analyzing module BoothDecode_261
INFO: [VRFC 10-311] analyzing module BoothDecode_262
INFO: [VRFC 10-311] analyzing module BoothDecode_263
INFO: [VRFC 10-311] analyzing module BoothDecode_264
INFO: [VRFC 10-311] analyzing module BoothDecode_265
INFO: [VRFC 10-311] analyzing module BoothDecode_266
INFO: [VRFC 10-311] analyzing module BoothDecode_267
INFO: [VRFC 10-311] analyzing module BoothDecode_268
INFO: [VRFC 10-311] analyzing module BoothDecode_269
INFO: [VRFC 10-311] analyzing module BoothDecode_270
INFO: [VRFC 10-311] analyzing module BoothDecode_271
INFO: [VRFC 10-311] analyzing module BoothDecode_272
INFO: [VRFC 10-311] analyzing module BoothDecode_273
INFO: [VRFC 10-311] analyzing module BoothDecode_274
INFO: [VRFC 10-311] analyzing module BoothDecode_275
INFO: [VRFC 10-311] analyzing module BoothDecode_276
INFO: [VRFC 10-311] analyzing module BoothDecode_277
INFO: [VRFC 10-311] analyzing module BoothDecode_278
INFO: [VRFC 10-311] analyzing module BoothDecode_279
INFO: [VRFC 10-311] analyzing module BoothDecode_280
INFO: [VRFC 10-311] analyzing module BoothDecode_281
INFO: [VRFC 10-311] analyzing module BoothDecode_282
INFO: [VRFC 10-311] analyzing module BoothDecode_283
INFO: [VRFC 10-311] analyzing module BoothDecode_284
INFO: [VRFC 10-311] analyzing module BoothDecode_285
INFO: [VRFC 10-311] analyzing module BoothDecode_29
INFO: [VRFC 10-311] analyzing module BoothDecode_294
INFO: [VRFC 10-311] analyzing module BoothDecode_295
INFO: [VRFC 10-311] analyzing module BoothDecode_296
INFO: [VRFC 10-311] analyzing module BoothDecode_297
INFO: [VRFC 10-311] analyzing module BoothDecode_298
INFO: [VRFC 10-311] analyzing module BoothDecode_299
INFO: [VRFC 10-311] analyzing module BoothDecode_30
INFO: [VRFC 10-311] analyzing module BoothDecode_300
INFO: [VRFC 10-311] analyzing module BoothDecode_301
INFO: [VRFC 10-311] analyzing module BoothDecode_302
INFO: [VRFC 10-311] analyzing module BoothDecode_303
INFO: [VRFC 10-311] analyzing module BoothDecode_304
INFO: [VRFC 10-311] analyzing module BoothDecode_305
INFO: [VRFC 10-311] analyzing module BoothDecode_306
INFO: [VRFC 10-311] analyzing module BoothDecode_307
INFO: [VRFC 10-311] analyzing module BoothDecode_308
INFO: [VRFC 10-311] analyzing module BoothDecode_309
INFO: [VRFC 10-311] analyzing module BoothDecode_31
INFO: [VRFC 10-311] analyzing module BoothDecode_310
INFO: [VRFC 10-311] analyzing module BoothDecode_311
INFO: [VRFC 10-311] analyzing module BoothDecode_312
INFO: [VRFC 10-311] analyzing module BoothDecode_313
INFO: [VRFC 10-311] analyzing module BoothDecode_314
INFO: [VRFC 10-311] analyzing module BoothDecode_315
INFO: [VRFC 10-311] analyzing module BoothDecode_316
INFO: [VRFC 10-311] analyzing module BoothDecode_317
INFO: [VRFC 10-311] analyzing module BoothDecode_318
INFO: [VRFC 10-311] analyzing module BoothDecode_319
INFO: [VRFC 10-311] analyzing module BoothDecode_32
INFO: [VRFC 10-311] analyzing module BoothDecode_320
INFO: [VRFC 10-311] analyzing module BoothDecode_321
INFO: [VRFC 10-311] analyzing module BoothDecode_322
INFO: [VRFC 10-311] analyzing module BoothDecode_323
INFO: [VRFC 10-311] analyzing module BoothDecode_33
INFO: [VRFC 10-311] analyzing module BoothDecode_34
INFO: [VRFC 10-311] analyzing module BoothDecode_35
INFO: [VRFC 10-311] analyzing module BoothDecode_36
INFO: [VRFC 10-311] analyzing module BoothDecode_37
INFO: [VRFC 10-311] analyzing module BoothDecode_38
INFO: [VRFC 10-311] analyzing module BoothDecode_39
INFO: [VRFC 10-311] analyzing module BoothDecode_40
INFO: [VRFC 10-311] analyzing module BoothDecode_41
INFO: [VRFC 10-311] analyzing module BoothDecode_42
INFO: [VRFC 10-311] analyzing module BoothDecode_43
INFO: [VRFC 10-311] analyzing module BoothDecode_44
INFO: [VRFC 10-311] analyzing module BoothDecode_45
INFO: [VRFC 10-311] analyzing module BoothDecode_46
INFO: [VRFC 10-311] analyzing module BoothDecode_47
INFO: [VRFC 10-311] analyzing module BoothDecode_48
INFO: [VRFC 10-311] analyzing module BoothDecode_49
INFO: [VRFC 10-311] analyzing module BoothDecode_50
INFO: [VRFC 10-311] analyzing module BoothDecode_51
INFO: [VRFC 10-311] analyzing module BoothDecode_52
INFO: [VRFC 10-311] analyzing module BoothDecode_53
INFO: [VRFC 10-311] analyzing module BoothDecode_54
INFO: [VRFC 10-311] analyzing module BoothDecode_55
INFO: [VRFC 10-311] analyzing module BoothDecode_56
INFO: [VRFC 10-311] analyzing module BoothDecode_57
INFO: [VRFC 10-311] analyzing module BoothDecode_66
INFO: [VRFC 10-311] analyzing module BoothDecode_67
INFO: [VRFC 10-311] analyzing module BoothDecode_68
INFO: [VRFC 10-311] analyzing module BoothDecode_69
INFO: [VRFC 10-311] analyzing module BoothDecode_70
INFO: [VRFC 10-311] analyzing module BoothDecode_71
INFO: [VRFC 10-311] analyzing module BoothDecode_72
INFO: [VRFC 10-311] analyzing module BoothDecode_73
INFO: [VRFC 10-311] analyzing module BoothDecode_74
INFO: [VRFC 10-311] analyzing module BoothDecode_75
INFO: [VRFC 10-311] analyzing module BoothDecode_76
INFO: [VRFC 10-311] analyzing module BoothDecode_77
INFO: [VRFC 10-311] analyzing module BoothDecode_78
INFO: [VRFC 10-311] analyzing module BoothDecode_79
INFO: [VRFC 10-311] analyzing module BoothDecode_80
INFO: [VRFC 10-311] analyzing module BoothDecode_81
INFO: [VRFC 10-311] analyzing module BoothDecode_82
INFO: [VRFC 10-311] analyzing module BoothDecode_83
INFO: [VRFC 10-311] analyzing module BoothDecode_84
INFO: [VRFC 10-311] analyzing module BoothDecode_85
INFO: [VRFC 10-311] analyzing module BoothDecode_86
INFO: [VRFC 10-311] analyzing module BoothDecode_87
INFO: [VRFC 10-311] analyzing module BoothDecode_88
INFO: [VRFC 10-311] analyzing module BoothDecode_89
INFO: [VRFC 10-311] analyzing module BoothDecode_90
INFO: [VRFC 10-311] analyzing module BoothDecode_91
INFO: [VRFC 10-311] analyzing module BoothDecode_92
INFO: [VRFC 10-311] analyzing module BoothDecode_93
INFO: [VRFC 10-311] analyzing module BoothDecode_94
INFO: [VRFC 10-311] analyzing module BoothDecode_95
INFO: [VRFC 10-311] analyzing module Rom_mul
INFO: [VRFC 10-311] analyzing module add_cell
INFO: [VRFC 10-311] analyzing module barret
INFO: [VRFC 10-311] analyzing module barret_0
INFO: [VRFC 10-311] analyzing module barret_1
INFO: [VRFC 10-311] analyzing module barret_10
INFO: [VRFC 10-311] analyzing module barret_11
INFO: [VRFC 10-311] analyzing module barret_12
INFO: [VRFC 10-311] analyzing module barret_13
INFO: [VRFC 10-311] analyzing module barret_134
INFO: [VRFC 10-311] analyzing module barret_135
INFO: [VRFC 10-311] analyzing module barret_136
INFO: [VRFC 10-311] analyzing module barret_14
INFO: [VRFC 10-311] analyzing module barret_172
INFO: [VRFC 10-311] analyzing module barret_173
INFO: [VRFC 10-311] analyzing module barret_174
INFO: [VRFC 10-311] analyzing module barret_2
INFO: [VRFC 10-311] analyzing module barret_210
INFO: [VRFC 10-311] analyzing module barret_211
INFO: [VRFC 10-311] analyzing module barret_212
INFO: [VRFC 10-311] analyzing module barret_22
INFO: [VRFC 10-311] analyzing module barret_23
INFO: [VRFC 10-311] analyzing module barret_24
INFO: [VRFC 10-311] analyzing module barret_248
INFO: [VRFC 10-311] analyzing module barret_249
INFO: [VRFC 10-311] analyzing module barret_250
INFO: [VRFC 10-311] analyzing module barret_286
INFO: [VRFC 10-311] analyzing module barret_287
INFO: [VRFC 10-311] analyzing module barret_288
INFO: [VRFC 10-311] analyzing module barret_3
INFO: [VRFC 10-311] analyzing module barret_4
INFO: [VRFC 10-311] analyzing module barret_5
INFO: [VRFC 10-311] analyzing module barret_58
INFO: [VRFC 10-311] analyzing module barret_59
INFO: [VRFC 10-311] analyzing module barret_6
INFO: [VRFC 10-311] analyzing module barret_60
INFO: [VRFC 10-311] analyzing module barret_7
INFO: [VRFC 10-311] analyzing module barret_8
INFO: [VRFC 10-311] analyzing module barret_9
INFO: [VRFC 10-311] analyzing module barret_96
INFO: [VRFC 10-311] analyzing module barret_97
INFO: [VRFC 10-311] analyzing module barret_98
INFO: [VRFC 10-311] analyzing module mul_12bit
INFO: [VRFC 10-311] analyzing module mul_12bit_100
INFO: [VRFC 10-311] analyzing module mul_12bit_101
INFO: [VRFC 10-311] analyzing module mul_12bit_102
INFO: [VRFC 10-311] analyzing module mul_12bit_103
INFO: [VRFC 10-311] analyzing module mul_12bit_137
INFO: [VRFC 10-311] analyzing module mul_12bit_138
INFO: [VRFC 10-311] analyzing module mul_12bit_139
INFO: [VRFC 10-311] analyzing module mul_12bit_140
INFO: [VRFC 10-311] analyzing module mul_12bit_141
INFO: [VRFC 10-311] analyzing module mul_12bit_175
INFO: [VRFC 10-311] analyzing module mul_12bit_176
INFO: [VRFC 10-311] analyzing module mul_12bit_177
INFO: [VRFC 10-311] analyzing module mul_12bit_178
INFO: [VRFC 10-311] analyzing module mul_12bit_179
INFO: [VRFC 10-311] analyzing module mul_12bit_213
INFO: [VRFC 10-311] analyzing module mul_12bit_214
INFO: [VRFC 10-311] analyzing module mul_12bit_215
INFO: [VRFC 10-311] analyzing module mul_12bit_216
INFO: [VRFC 10-311] analyzing module mul_12bit_217
INFO: [VRFC 10-311] analyzing module mul_12bit_25
INFO: [VRFC 10-311] analyzing module mul_12bit_251
INFO: [VRFC 10-311] analyzing module mul_12bit_252
INFO: [VRFC 10-311] analyzing module mul_12bit_253
INFO: [VRFC 10-311] analyzing module mul_12bit_254
INFO: [VRFC 10-311] analyzing module mul_12bit_255
INFO: [VRFC 10-311] analyzing module mul_12bit_26
INFO: [VRFC 10-311] analyzing module mul_12bit_27
INFO: [VRFC 10-311] analyzing module mul_12bit_28
INFO: [VRFC 10-311] analyzing module mul_12bit_289
INFO: [VRFC 10-311] analyzing module mul_12bit_290
INFO: [VRFC 10-311] analyzing module mul_12bit_291
INFO: [VRFC 10-311] analyzing module mul_12bit_292
INFO: [VRFC 10-311] analyzing module mul_12bit_293
INFO: [VRFC 10-311] analyzing module mul_12bit_61
INFO: [VRFC 10-311] analyzing module mul_12bit_62
INFO: [VRFC 10-311] analyzing module mul_12bit_63
INFO: [VRFC 10-311] analyzing module mul_12bit_64
INFO: [VRFC 10-311] analyzing module mul_12bit_65
INFO: [VRFC 10-311] analyzing module mul_12bit_99
INFO: [VRFC 10-311] analyzing module mul_cel
INFO: [VRFC 10-311] analyzing module mul_poly
INFO: [VRFC 10-311] analyzing module mul_poly_15
INFO: [VRFC 10-311] analyzing module mul_poly_16
INFO: [VRFC 10-311] analyzing module mul_poly_17
INFO: [VRFC 10-311] analyzing module mul_poly_18
INFO: [VRFC 10-311] analyzing module mul_poly_19
INFO: [VRFC 10-311] analyzing module mul_poly_20
INFO: [VRFC 10-311] analyzing module mul_poly_21
INFO: [VRFC 10-311] analyzing module mul_poly_matrix
INFO: [VRFC 10-311] analyzing module glbl
INFO: [VRFC 10-2263] Analyzing Verilog file "C:/Hung/Viettel/Stage2/ML-KEM/mul_poly/tb_mul_poly_matrix.v" into library xil_defaultlib
INFO: [VRFC 10-311] analyzing module tb_mul_poly_matrix
